Archive member included to satisfy reference by file (symbol)

c:/st/stm32cubeide_1.4.0/stm32cubeide/plugins/com.st.stm32cube.ide.mcu.externaltools.gnu-tools-for-stm32.7-2018-q2-update.win32_1.4.0.202007081208/tools/bin/../lib/gcc/arm-none-eabi/7.3.1/../../../../arm-none-eabi/lib/thumb/v8-m.main/fpv5-sp/hard\libstdc++_nano.a(del_opv.o)
                              tensorflow_lite/tensorflow/lite/micro/test_helpers.o (operator delete[](void*))
c:/st/stm32cubeide_1.4.0/stm32cubeide/plugins/com.st.stm32cube.ide.mcu.externaltools.gnu-tools-for-stm32.7-2018-q2-update.win32_1.4.0.202007081208/tools/bin/../lib/gcc/arm-none-eabi/7.3.1/../../../../arm-none-eabi/lib/thumb/v8-m.main/fpv5-sp/hard\libstdc++_nano.a(new_opv.o)
                              tensorflow_lite/tensorflow/lite/micro/test_helpers.o (operator new[](unsigned int))
c:/st/stm32cubeide_1.4.0/stm32cubeide/plugins/com.st.stm32cube.ide.mcu.externaltools.gnu-tools-for-stm32.7-2018-q2-update.win32_1.4.0.202007081208/tools/bin/../lib/gcc/arm-none-eabi/7.3.1/../../../../arm-none-eabi/lib/thumb/v8-m.main/fpv5-sp/hard\libstdc++_nano.a(del_ops.o)
                              Core/Src/main.o (operator delete(void*, unsigned int))
c:/st/stm32cubeide_1.4.0/stm32cubeide/plugins/com.st.stm32cube.ide.mcu.externaltools.gnu-tools-for-stm32.7-2018-q2-update.win32_1.4.0.202007081208/tools/bin/../lib/gcc/arm-none-eabi/7.3.1/../../../../arm-none-eabi/lib/thumb/v8-m.main/fpv5-sp/hard\libstdc++_nano.a(new_op.o)
                              tensorflow_lite/tensorflow/lite/micro/micro_optional_debug_tools.o (operator new(unsigned int))
c:/st/stm32cubeide_1.4.0/stm32cubeide/plugins/com.st.stm32cube.ide.mcu.externaltools.gnu-tools-for-stm32.7-2018-q2-update.win32_1.4.0.202007081208/tools/bin/../lib/gcc/arm-none-eabi/7.3.1/../../../../arm-none-eabi/lib/thumb/v8-m.main/fpv5-sp/hard\libstdc++_nano.a(new_handler.o)
                              c:/st/stm32cubeide_1.4.0/stm32cubeide/plugins/com.st.stm32cube.ide.mcu.externaltools.gnu-tools-for-stm32.7-2018-q2-update.win32_1.4.0.202007081208/tools/bin/../lib/gcc/arm-none-eabi/7.3.1/../../../../arm-none-eabi/lib/thumb/v8-m.main/fpv5-sp/hard\libstdc++_nano.a(new_op.o) (std::get_new_handler())
c:/st/stm32cubeide_1.4.0/stm32cubeide/plugins/com.st.stm32cube.ide.mcu.externaltools.gnu-tools-for-stm32.7-2018-q2-update.win32_1.4.0.202007081208/tools/bin/../lib/gcc/arm-none-eabi/7.3.1/../../../../arm-none-eabi/lib/thumb/v8-m.main/fpv5-sp/hard\libstdc++_nano.a(del_op.o)
                              tensorflow_lite/tensorflow/lite/micro/micro_optional_debug_tools.o (operator delete(void*))
c:/st/stm32cubeide_1.4.0/stm32cubeide/plugins/com.st.stm32cube.ide.mcu.externaltools.gnu-tools-for-stm32.7-2018-q2-update.win32_1.4.0.202007081208/tools/bin/../lib/gcc/arm-none-eabi/7.3.1/../../../../arm-none-eabi/lib/thumb/v8-m.main/fpv5-sp/hard\libstdc++_nano.a(functexcept.o)
                              tensorflow_lite/tensorflow/lite/micro/test_helpers.o (std::__throw_bad_alloc())
c:/st/stm32cubeide_1.4.0/stm32cubeide/plugins/com.st.stm32cube.ide.mcu.externaltools.gnu-tools-for-stm32.7-2018-q2-update.win32_1.4.0.202007081208/tools/bin/../lib/gcc/arm-none-eabi/7.3.1/../../../../arm-none-eabi/lib/thumb/v8-m.main/fpv5-sp/hard\libstdc++_nano.a(snprintf_lite.o)
                              c:/st/stm32cubeide_1.4.0/stm32cubeide/plugins/com.st.stm32cube.ide.mcu.externaltools.gnu-tools-for-stm32.7-2018-q2-update.win32_1.4.0.202007081208/tools/bin/../lib/gcc/arm-none-eabi/7.3.1/../../../../arm-none-eabi/lib/thumb/v8-m.main/fpv5-sp/hard\libstdc++_nano.a(functexcept.o) (__gnu_cxx::__snprintf_lite(char*, unsigned int, char const*, std::__va_list))
c:/st/stm32cubeide_1.4.0/stm32cubeide/plugins/com.st.stm32cube.ide.mcu.externaltools.gnu-tools-for-stm32.7-2018-q2-update.win32_1.4.0.202007081208/tools/bin/../lib/gcc/arm-none-eabi/7.3.1/../../../../arm-none-eabi/lib/thumb/v8-m.main/fpv5-sp/hard\libm.a(lib_a-s_floor.o)
                              tensorflow_lite/tensorflow/lite/kernels/internal/quantization_util.o (floor)
c:/st/stm32cubeide_1.4.0/stm32cubeide/plugins/com.st.stm32cube.ide.mcu.externaltools.gnu-tools-for-stm32.7-2018-q2-update.win32_1.4.0.202007081208/tools/bin/../lib/gcc/arm-none-eabi/7.3.1/../../../../arm-none-eabi/lib/thumb/v8-m.main/fpv5-sp/hard\libm.a(lib_a-s_frexp.o)
                              tensorflow_lite/tensorflow/lite/kernels/internal/quantization_util.o (frexp)
c:/st/stm32cubeide_1.4.0/stm32cubeide/plugins/com.st.stm32cube.ide.mcu.externaltools.gnu-tools-for-stm32.7-2018-q2-update.win32_1.4.0.202007081208/tools/bin/../lib/gcc/arm-none-eabi/7.3.1/../../../../arm-none-eabi/lib/thumb/v8-m.main/fpv5-sp/hard\libm.a(lib_a-s_round.o)
                              tensorflow_lite/tensorflow/lite/kernels/internal/quantization_util.o (round)
[...]
Memory Configuration

Name             Origin             Length             Attributes
RAM              0x0000000020000000 0x0000000000030000 xrw
ROM              0x0000000008000000 0x0000000000080000 xr
*default*        0x0000000000000000 0xffffffffffffffff

Linker script and memory map

LOAD c:/st/stm32cubeide_1.4.0/stm32cubeide/plugins/com.st.stm32cube.ide.mcu.externaltools.gnu-tools-for-stm32.7-2018-q2-update.win32_1.4.0.202007081208/tools/bin/../lib/gcc/arm-none-eabi/7.3.1/thumb/v8-m.main/fpv5-sp/hard/crti.o
LOAD c:/st/stm32cubeide_1.4.0/stm32cubeide/plugins/com.st.stm32cube.ide.mcu.externaltools.gnu-tools-for-stm32.7-2018-q2-update.win32_1.4.0.202007081208/tools/bin/../lib/gcc/arm-none-eabi/7.3.1/thumb/v8-m.main/fpv5-sp/hard/crtbegin.o
LOAD c:/st/stm32cubeide_1.4.0/stm32cubeide/plugins/com.st.stm32cube.ide.mcu.externaltools.gnu-tools-for-stm32.7-2018-q2-update.win32_1.4.0.202007081208/tools/bin/../lib/gcc/arm-none-eabi/7.3.1/../../../../arm-none-eabi/lib/thumb/v8-m.main/fpv5-sp/hard/crt0.o
LOAD Core/Src/main.o
LOAD Core/Src/stm32l5xx_hal_msp.o
LOAD Core/Src/stm32l5xx_it.o
LOAD Core/Src/syscalls.o
LOAD Core/Src/sysmem.o
LOAD Core/Src/system_stm32l5xx.o
LOAD Core/Startup/startup_stm32l552zetxq.o
LOAD Drivers/STM32L5xx_HAL_Driver/Src/stm32l5xx_hal.o
LOAD Drivers/STM32L5xx_HAL_Driver/Src/stm32l5xx_hal_cortex.o
LOAD Drivers/STM32L5xx_HAL_Driver/Src/stm32l5xx_hal_dma.o
LOAD Drivers/STM32L5xx_HAL_Driver/Src/stm32l5xx_hal_dma_ex.o
LOAD Drivers/STM32L5xx_HAL_Driver/Src/stm32l5xx_hal_exti.o
LOAD Drivers/STM32L5xx_HAL_Driver/Src/stm32l5xx_hal_flash.o
LOAD Drivers/STM32L5xx_HAL_Driver/Src/stm32l5xx_hal_flash_ex.o
LOAD Drivers/STM32L5xx_HAL_Driver/Src/stm32l5xx_hal_flash_ramfunc.o
LOAD Drivers/STM32L5xx_HAL_Driver/Src/stm32l5xx_hal_gpio.o
LOAD Drivers/STM32L5xx_HAL_Driver/Src/stm32l5xx_hal_i2c.o
LOAD Drivers/STM32L5xx_HAL_Driver/Src/stm32l5xx_hal_i2c_ex.o
LOAD Drivers/STM32L5xx_HAL_Driver/Src/stm32l5xx_hal_icache.o
LOAD Drivers/STM32L5xx_HAL_Driver/Src/stm32l5xx_hal_pwr.o
LOAD Drivers/STM32L5xx_HAL_Driver/Src/stm32l5xx_hal_pwr_ex.o
LOAD Drivers/STM32L5xx_HAL_Driver/Src/stm32l5xx_hal_rcc.o
LOAD Drivers/STM32L5xx_HAL_Driver/Src/stm32l5xx_hal_rcc_ex.o
LOAD Drivers/STM32L5xx_HAL_Driver/Src/stm32l5xx_hal_tim.o
LOAD Drivers/STM32L5xx_HAL_Driver/Src/stm32l5xx_hal_tim_ex.o
LOAD Drivers/STM32L5xx_HAL_Driver/Src/stm32l5xx_hal_uart.o
LOAD Drivers/STM32L5xx_HAL_Driver/Src/stm32l5xx_hal_uart_ex.o
LOAD tensorflow_lite/tensorflow/lite/c/common.o
LOAD tensorflow_lite/tensorflow/lite/core/api/error_reporter.o
LOAD tensorflow_lite/tensorflow/lite/core/api/flatbuffer_conversions.o
LOAD tensorflow_lite/tensorflow/lite/core/api/op_resolver.o
LOAD tensorflow_lite/tensorflow/lite/core/api/tensor_utils.o
LOAD tensorflow_lite/tensorflow/lite/kernels/internal/quantization_util.o
LOAD tensorflow_lite/tensorflow/lite/kernels/kernel_util.o
LOAD tensorflow_lite/tensorflow/lite/micro/all_ops_resolver.o
LOAD tensorflow_lite/tensorflow/lite/micro/debug_log.o
LOAD tensorflow_lite/tensorflow/lite/micro/memory_helpers.o
LOAD tensorflow_lite/tensorflow/lite/micro/micro_allocator.o
LOAD tensorflow_lite/tensorflow/lite/micro/micro_error_reporter.o
LOAD tensorflow_lite/tensorflow/lite/micro/micro_interpreter.o
LOAD tensorflow_lite/tensorflow/lite/micro/micro_optional_debug_tools.o
LOAD tensorflow_lite/tensorflow/lite/micro/micro_string.o
LOAD tensorflow_lite/tensorflow/lite/micro/micro_time.o
LOAD tensorflow_lite/tensorflow/lite/micro/micro_utils.o
LOAD tensorflow_lite/tensorflow/lite/micro/recording_simple_memory_allocator.o
LOAD tensorflow_lite/tensorflow/lite/micro/simple_memory_allocator.o
LOAD tensorflow_lite/tensorflow/lite/micro/test_helpers.o
LOAD tensorflow_lite/tensorflow/lite/micro/kernels/activations.o
LOAD tensorflow_lite/tensorflow/lite/micro/kernels/add.o
LOAD tensorflow_lite/tensorflow/lite/micro/kernels/arg_min_max.o
LOAD tensorflow_lite/tensorflow/lite/micro/kernels/ceil.o
LOAD tensorflow_lite/tensorflow/lite/micro/kernels/circular_buffer.o
LOAD tensorflow_lite/tensorflow/lite/micro/kernels/comparisons.o
LOAD tensorflow_lite/tensorflow/lite/micro/kernels/concatenation.o
LOAD tensorflow_lite/tensorflow/lite/micro/kernels/conv.o
LOAD tensorflow_lite/tensorflow/lite/micro/kernels/dequantize.o
LOAD tensorflow_lite/tensorflow/lite/micro/kernels/elementwise.o
LOAD tensorflow_lite/tensorflow/lite/micro/kernels/floor.o
LOAD tensorflow_lite/tensorflow/lite/micro/kernels/fully_connected.o
LOAD tensorflow_lite/tensorflow/lite/micro/kernels/l2norm.o
LOAD tensorflow_lite/tensorflow/lite/micro/kernels/logical.o
LOAD tensorflow_lite/tensorflow/lite/micro/kernels/logistic.o
LOAD tensorflow_lite/tensorflow/lite/micro/kernels/maximum_minimum.o
LOAD tensorflow_lite/tensorflow/lite/micro/kernels/mul.o
LOAD tensorflow_lite/tensorflow/lite/micro/kernels/neg.o
LOAD tensorflow_lite/tensorflow/lite/micro/kernels/pack.o
LOAD tensorflow_lite/tensorflow/lite/micro/kernels/pad.o
LOAD tensorflow_lite/tensorflow/lite/micro/kernels/pooling.o
LOAD tensorflow_lite/tensorflow/lite/micro/kernels/prelu.o
LOAD tensorflow_lite/tensorflow/lite/micro/kernels/quantize.o
LOAD tensorflow_lite/tensorflow/lite/micro/kernels/reduce.o
LOAD tensorflow_lite/tensorflow/lite/micro/kernels/reshape.o
LOAD tensorflow_lite/tensorflow/lite/micro/kernels/resize_nearest_neighbor.o
LOAD tensorflow_lite/tensorflow/lite/micro/kernels/round.o
LOAD tensorflow_lite/tensorflow/lite/micro/kernels/softmax.o
LOAD tensorflow_lite/tensorflow/lite/micro/kernels/split.o
LOAD tensorflow_lite/tensorflow/lite/micro/kernels/strided_slice.o
LOAD tensorflow_lite/tensorflow/lite/micro/kernels/sub.o
LOAD tensorflow_lite/tensorflow/lite/micro/kernels/svdf.o
LOAD tensorflow_lite/tensorflow/lite/micro/kernels/tanh.o
LOAD tensorflow_lite/tensorflow/lite/micro/kernels/unpack.o
LOAD tensorflow_lite/tensorflow/lite/micro/kernels/portable_optimized/depthwise_conv.o
LOAD tensorflow_lite/tensorflow/lite/micro/memory_planner/greedy_memory_planner.o
LOAD tensorflow_lite/tensorflow/lite/micro/memory_planner/linear_memory_planner.o
LOAD tensorflow_lite/tensorflow/lite/micro/testing/test_utils.o
START GROUP
LOAD c:/st/stm32cubeide_1.4.0/stm32cubeide/plugins/com.st.stm32cube.ide.mcu.externaltools.gnu-tools-for-stm32.7-2018-q2-update.win32_1.4.0.202007081208/tools/bin/../lib/gcc/arm-none-eabi/7.3.1/../../../../arm-none-eabi/lib/thumb/v8-m.main/fpv5-sp/hard\libstdc++_nano.a
LOAD c:/st/stm32cubeide_1.4.0/stm32cubeide/plugins/com.st.stm32cube.ide.mcu.externaltools.gnu-tools-for-stm32.7-2018-q2-update.win32_1.4.0.202007081208/tools/bin/../lib/gcc/arm-none-eabi/7.3.1/../../../../arm-none-eabi/lib/thumb/v8-m.main/fpv5-sp/hard\libsupc++_nano.a
END GROUP
LOAD c:/st/stm32cubeide_1.4.0/stm32cubeide/plugins/com.st.stm32cube.ide.mcu.externaltools.gnu-tools-for-stm32.7-2018-q2-update.win32_1.4.0.202007081208/tools/bin/../lib/gcc/arm-none-eabi/7.3.1/../../../../arm-none-eabi/lib/thumb/v8-m.main/fpv5-sp/hard\libstdc++_nano.a
LOAD c:/st/stm32cubeide_1.4.0/stm32cubeide/plugins/com.st.stm32cube.ide.mcu.externaltools.gnu-tools-for-stm32.7-2018-q2-update.win32_1.4.0.202007081208/tools/bin/../lib/gcc/arm-none-eabi/7.3.1/../../../../arm-none-eabi/lib/thumb/v8-m.main/fpv5-sp/hard\libm.a
LOAD c:/st/stm32cubeide_1.4.0/stm32cubeide/plugins/com.st.stm32cube.ide.mcu.externaltools.gnu-tools-for-stm32.7-2018-q2-update.win32_1.4.0.202007081208/tools/bin/../lib/gcc/arm-none-eabi/7.3.1/../../../../arm-none-eabi/lib/thumb/v8-m.main/fpv5-sp/hard\libc_nano.a
START GROUP
LOAD c:/st/stm32cubeide_1.4.0/stm32cubeide/plugins/com.st.stm32cube.ide.mcu.externaltools.gnu-tools-for-stm32.7-2018-q2-update.win32_1.4.0.202007081208/tools/bin/../lib/gcc/arm-none-eabi/7.3.1/thumb/v8-m.main/fpv5-sp/hard\libgcc.a
LOAD c:/st/stm32cubeide_1.4.0/stm32cubeide/plugins/com.st.stm32cube.ide.mcu.externaltools.gnu-tools-for-stm32.7-2018-q2-update.win32_1.4.0.202007081208/tools/bin/../lib/gcc/arm-none-eabi/7.3.1/../../../../arm-none-eabi/lib/thumb/v8-m.main/fpv5-sp/hard\libc_nano.a
END GROUP
START GROUP
LOAD c:/st/stm32cubeide_1.4.0/stm32cubeide/plugins/com.st.stm32cube.ide.mcu.externaltools.gnu-tools-for-stm32.7-2018-q2-update.win32_1.4.0.202007081208/tools/bin/../lib/gcc/arm-none-eabi/7.3.1/thumb/v8-m.main/fpv5-sp/hard\libgcc.a
LOAD c:/st/stm32cubeide_1.4.0/stm32cubeide/plugins/com.st.stm32cube.ide.mcu.externaltools.gnu-tools-for-stm32.7-2018-q2-update.win32_1.4.0.202007081208/tools/bin/../lib/gcc/arm-none-eabi/7.3.1/../../../../arm-none-eabi/lib/thumb/v8-m.main/fpv5-sp/hard\libc_nano.a
LOAD c:/st/stm32cubeide_1.4.0/stm32cubeide/plugins/com.st.stm32cube.ide.mcu.externaltools.gnu-tools-for-stm32.7-2018-q2-update.win32_1.4.0.202007081208/tools/bin/../lib/gcc/arm-none-eabi/7.3.1/../../../../arm-none-eabi/lib/thumb/v8-m.main/fpv5-sp/hard\libnosys.a
END GROUP
START GROUP
LOAD c:/st/stm32cubeide_1.4.0/stm32cubeide/plugins/com.st.stm32cube.ide.mcu.externaltools.gnu-tools-for-stm32.7-2018-q2-update.win32_1.4.0.202007081208/tools/bin/../lib/gcc/arm-none-eabi/7.3.1/thumb/v8-m.main/fpv5-sp/hard\libgcc.a
LOAD c:/st/stm32cubeide_1.4.0/stm32cubeide/plugins/com.st.stm32cube.ide.mcu.externaltools.gnu-tools-for-stm32.7-2018-q2-update.win32_1.4.0.202007081208/tools/bin/../lib/gcc/arm-none-eabi/7.3.1/../../../../arm-none-eabi/lib/thumb/v8-m.main/fpv5-sp/hard\libc_nano.a
LOAD c:/st/stm32cubeide_1.4.0/stm32cubeide/plugins/com.st.stm32cube.ide.mcu.externaltools.gnu-tools-for-stm32.7-2018-q2-update.win32_1.4.0.202007081208/tools/bin/../lib/gcc/arm-none-eabi/7.3.1/../../../../arm-none-eabi/lib/thumb/v8-m.main/fpv5-sp/hard\libnosys.a
END GROUP
LOAD c:/st/stm32cubeide_1.4.0/stm32cubeide/plugins/com.st.stm32cube.ide.mcu.externaltools.gnu-tools-for-stm32.7-2018-q2-update.win32_1.4.0.202007081208/tools/bin/../lib/gcc/arm-none-eabi/7.3.1/thumb/v8-m.main/fpv5-sp/hard/crtend.o
LOAD c:/st/stm32cubeide_1.4.0/stm32cubeide/plugins/com.st.stm32cube.ide.mcu.externaltools.gnu-tools-for-stm32.7-2018-q2-update.win32_1.4.0.202007081208/tools/bin/../lib/gcc/arm-none-eabi/7.3.1/thumb/v8-m.main/fpv5-sp/hard/crtn.o
                0x0000000020030000                _estack = (ORIGIN (RAM) + LENGTH (RAM))
                0x0000000000000200                _Min_Heap_Size = 0x200
                0x0000000000000400                _Min_Stack_Size = 0x400

.isr_vector     0x0000000008000000      0x1f4
                0x0000000008000000                . = ALIGN (0x4)
 *(.isr_vector)
 .isr_vector    0x0000000008000000      0x1f4 Core/Startup/startup_stm32l552zetxq.o
                0x0000000008000000                g_pfnVectors
                0x00000000080001f4                . = ALIGN (0x4)

.text           0x00000000080001f8     0xc700
                0x00000000080001f8                . = ALIGN (0x4)
 *(.text)
 .text          0x00000000080001f8       0x40 c:/st/stm32cubeide_1.4.0/stm32cubeide/plugins/com.st.stm32cube.ide.mcu.externaltools.gnu-tools-for-stm32.7-2018-q2-update.win32_1.4.0.202007081208/tools/bin/../lib/gcc/arm-none-eabi/7.3.1/thumb/v8-m.main/fpv5-sp/hard/crtbegin.o
 .text          0x0000000008000238       0x14 c:/st/stm32cubeide_1.4.0/stm32cubeide/plugins/com.st.stm32cube.ide.mcu.externaltools.gnu-tools-for-stm32.7-2018-q2-update.win32_1.4.0.202007081208/tools/bin/../lib/gcc/arm-none-eabi/7.3.1/../../../../arm-none-eabi/lib/thumb/v8-m.main/fpv5-sp/hard\libc_nano.a(lib_a-strcmp.o)
                0x0000000008000238                strcmp
 .text          0x000000000800024c       0x10 c:/st/stm32cubeide_1.4.0/stm32cubeide/plugins/com.st.stm32cube.ide.mcu.externaltools.gnu-tools-for-stm32.7-2018-q2-update.win32_1.4.0.202007081208/tools/bin/../lib/gcc/arm-none-eabi/7.3.1/../../../../arm-none-eabi/lib/thumb/v8-m.main/fpv5-sp/hard\libc_nano.a(lib_a-strlen.o)
                0x000000000800024c                strlen
 .text          0x000000000800025c      0x378 c:/st/stm32cubeide_1.4.0/stm32cubeide/plugins/com.st.stm32cube.ide.mcu.externaltools.gnu-tools-for-stm32.7-2018-q2-update.win32_1.4.0.202007081208/tools/bin/../lib/gcc/arm-none-eabi/7.3.1/thumb/v8-m.main/fpv5-sp/hard\libgcc.a(_arm_addsubdf3.o)
                0x000000000800025c                __aeabi_drsub
                0x0000000008000264                __aeabi_dsub
                0x0000000008000264                __subdf3
                0x0000000008000268                __aeabi_dadd
                0x0000000008000268                __adddf3
                0x00000000080004e0                __floatunsidf
                0x00000000080004e0                __aeabi_ui2d
                0x0000000008000500                __floatsidf
                0x0000000008000500                __aeabi_i2d
                0x0000000008000524                __aeabi_f2d
                0x0000000008000524                __extendsfdf2
                0x0000000008000568                __floatundidf
                0x0000000008000568                __aeabi_ul2d
                0x0000000008000578                __floatdidf
                0x0000000008000578                __aeabi_l2d
 .text          0x00000000080005d4      0x424 c:/st/stm32cubeide_1.4.0/stm32cubeide/plugins/com.st.stm32cube.ide.mcu.externaltools.gnu-tools-for-stm32.7-2018-q2-update.win32_1.4.0.202007081208/tools/bin/../lib/gcc/arm-none-eabi/7.3.1/thumb/v8-m.main/fpv5-sp/hard\libgcc.a(_arm_muldivdf3.o)
                0x00000000080005d4                __aeabi_dmul
                0x00000000080005d4                __muldf3
                0x0000000008000828                __divdf3
                0x0000000008000828                __aeabi_ddiv
 .text          0x00000000080009f8      0x110 c:/st/stm32cubeide_1.4.0/stm32cubeide/plugins/com.st.stm32cube.ide.mcu.externaltools.gnu-tools-for-stm32.7-2018-q2-update.win32_1.4.0.202007081208/tools/bin/../lib/gcc/arm-none-eabi/7.3.1/thumb/v8-m.main/fpv5-sp/hard\libgcc.a(_arm_cmpdf2.o)
                0x00000000080009f8                __gtdf2
                0x00000000080009f8                __gedf2
                0x0000000008000a00                __ltdf2
                0x0000000008000a00                __ledf2
                0x0000000008000a08                __nedf2
                0x0000000008000a08                __eqdf2
                0x0000000008000a08                __cmpdf2
                0x0000000008000a84                __aeabi_cdrcmple
                0x0000000008000a94                __aeabi_cdcmpeq
                0x0000000008000a94                __aeabi_cdcmple
                0x0000000008000aa4                __aeabi_dcmpeq
                0x0000000008000ab8                __aeabi_dcmplt
                0x0000000008000acc                __aeabi_dcmple
                0x0000000008000ae0                __aeabi_dcmpge
                0x0000000008000af4                __aeabi_dcmpgt
 .text          0x0000000008000b08       0x2c c:/st/stm32cubeide_1.4.0/stm32cubeide/plugins/com.st.stm32cube.ide.mcu.externaltools.gnu-tools-for-stm32.7-2018-q2-update.win32_1.4.0.202007081208/tools/bin/../lib/gcc/arm-none-eabi/7.3.1/thumb/v8-m.main/fpv5-sp/hard\libgcc.a(_arm_unorddf2.o)
                0x0000000008000b08                __unorddf2
                0x0000000008000b08                __aeabi_dcmpun
 .text          0x0000000008000b34       0x50 c:/st/stm32cubeide_1.4.0/stm32cubeide/plugins/com.st.stm32cube.ide.mcu.externaltools.gnu-tools-for-stm32.7-2018-q2-update.win32_1.4.0.202007081208/tools/bin/../lib/gcc/arm-none-eabi/7.3.1/thumb/v8-m.main/fpv5-sp/hard\libgcc.a(_arm_fixdfsi.o)
                0x0000000008000b34                __aeabi_d2iz
                0x0000000008000b34                __fixdfsi
 .text          0x0000000008000b84       0xa0 c:/st/stm32cubeide_1.4.0/stm32cubeide/plugins/com.st.stm32cube.ide.mcu.externaltools.gnu-tools-for-stm32.7-2018-q2-update.win32_1.4.0.202007081208/tools/bin/../lib/gcc/arm-none-eabi/7.3.1/thumb/v8-m.main/fpv5-sp/hard\libgcc.a(_arm_truncdfsf2.o)
                0x0000000008000b84                __truncdfsf2
                0x0000000008000b84                __aeabi_d2f
 .text          0x0000000008000c24       0x30 c:/st/stm32cubeide_1.4.0/stm32cubeide/plugins/com.st.stm32cube.ide.mcu.externaltools.gnu-tools-for-stm32.7-2018-q2-update.win32_1.4.0.202007081208/tools/bin/../lib/gcc/arm-none-eabi/7.3.1/thumb/v8-m.main/fpv5-sp/hard\libgcc.a(_aeabi_uldivmod.o)
                0x0000000008000c24                __aeabi_uldivmod
 .text          0x0000000008000c54       0x30 c:/st/stm32cubeide_1.4.0/stm32cubeide/plugins/com.st.stm32cube.ide.mcu.externaltools.gnu-tools-for-stm32.7-2018-q2-update.win32_1.4.0.202007081208/tools/bin/../lib/gcc/arm-none-eabi/7.3.1/thumb/v8-m.main/fpv5-sp/hard\libgcc.a(_fixdfdi.o)
                0x0000000008000c54                __fixdfdi
                0x0000000008000c54                __aeabi_d2lz
 .text          0x0000000008000c84       0x44 c:/st/stm32cubeide_1.4.0/stm32cubeide/plugins/com.st.stm32cube.ide.mcu.externaltools.gnu-tools-for-stm32.7-2018-q2-update.win32_1.4.0.202007081208/tools/bin/../lib/gcc/arm-none-eabi/7.3.1/thumb/v8-m.main/fpv5-sp/hard\libgcc.a(_fixunsdfdi.o)
                0x0000000008000c84                __fixunsdfdi
                0x0000000008000c84                __aeabi_d2ulz
 .text          0x0000000008000cc8      0x2e0 c:/st/stm32cubeide_1.4.0/stm32cubeide/plugins/com.st.stm32cube.ide.mcu.externaltools.gnu-tools-for-stm32.7-2018-q2-update.win32_1.4.0.202007081208/tools/bin/../lib/gcc/arm-none-eabi/7.3.1/thumb/v8-m.main/fpv5-sp/hard\libgcc.a(_udivmoddi4.o)
                0x0000000008000cc8                __udivmoddi4
 .text          0x0000000008000fa8        0x4 c:/st/stm32cubeide_1.4.0/stm32cubeide/plugins/com.st.stm32cube.ide.mcu.externaltools.gnu-tools-for-stm32.7-2018-q2-update.win32_1.4.0.202007081208/tools/bin/../lib/gcc/arm-none-eabi/7.3.1/thumb/v8-m.main/fpv5-sp/hard\libgcc.a(_dvmd_tls.o)
                0x0000000008000fa8                __aeabi_idiv0
                0x0000000008000fa8                __aeabi_ldiv0
 .text          0x0000000008000fac       0x40 c:/st/stm32cubeide_1.4.0/stm32cubeide/plugins/com.st.stm32cube.ide.mcu.externaltools.gnu-tools-for-stm32.7-2018-q2-update.win32_1.4.0.202007081208/tools/bin/../lib/gcc/arm-none-eabi/7.3.1/thumb/v8-m.main/fpv5-sp/hard\libgcc.a(_arm_fixunsdfsi.o)
                0x0000000008000fac                __aeabi_d2uiz
                0x0000000008000fac                __fixunsdfsi
 *(.text*)
 .text._ZNK6tflite15MicroOpResolver6FindOpENS_15BuiltinOperatorEi
                0x0000000008000fec        0x6 Core/Src/main.o
                0x0000000008000fec                tflite::MicroOpResolver::FindOp(tflite::BuiltinOperator, int) const
 .text._ZNK6tflite15MicroOpResolver6FindOpEPKci
                0x0000000008000ff2        0x6 Core/Src/main.o
                0x0000000008000ff2                tflite::MicroOpResolver::FindOp(char const*, int) const
 .text.__tcf_0  0x0000000008000ff8        0x2 Core/Src/main.o
 .text._ZNK6tflite22MicroMutableOpResolverILj4EE6FindOpENS_15BuiltinOperatorE
                0x0000000008000ffa       0x28 Core/Src/main.o
                0x0000000008000ffa                tflite::MicroMutableOpResolver<4u>::FindOp(tflite::BuiltinOperator) const
 .text._ZN6tflite22MicroMutableOpResolverILj4EED2Ev
                0x0000000008001022        0x2 Core/Src/main.o
                0x0000000008001022                tflite::MicroMutableOpResolver<4u>::~MicroMutableOpResolver()
                0x0000000008001022                tflite::MicroMutableOpResolver<4u>::~MicroMutableOpResolver()
 .text._ZNK6tflite22MicroMutableOpResolverILj4EE15GetOpDataParserENS_15BuiltinOperatorE
                0x0000000008001024        0x8 Core/Src/main.o
                0x0000000008001024                tflite::MicroMutableOpResolver<4u>::GetOpDataParser(tflite::BuiltinOperator) const
 .text.__tcf_2  0x000000000800102c        0xc Core/Src/main.o
 .text._ZNK6tflite22MicroMutableOpResolverILj4EE6FindOpEPKc
                0x0000000008001038       0x38 Core/Src/main.o
                0x0000000008001038                tflite::MicroMutableOpResolver<4u>::FindOp(char const*) const
 .text._ZN6tflite22MicroMutableOpResolverILj4EED0Ev
                0x0000000008001070        0xe Core/Src/main.o
                0x0000000008001070                tflite::MicroMutableOpResolver<4u>::~MicroMutableOpResolver()
 *fill*         0x000000000800107e        0x2 
 .text._ZN6tflite22MicroMutableOpResolverILj4EE9AddCustomEPKcP18TfLiteRegistration
                0x0000000008001080       0x74 Core/Src/main.o
                0x0000000008001080                tflite::MicroMutableOpResolver<4u>::AddCustom(char const*, TfLiteRegistration*)
 .text._ZN6tflite22MicroMutableOpResolverILj4EE10AddBuiltinENS_15BuiltinOperatorEP18TfLiteRegistration
                0x00000000080010f4       0x74 Core/Src/main.o
                0x00000000080010f4                tflite::MicroMutableOpResolver<4u>::AddBuiltin(tflite::BuiltinOperator, TfLiteRegistration*)
 .text.__tcf_1  0x0000000008001168        0x2 Core/Src/main.o
 .text._Z18SystemClock_Configv
                0x000000000800116a       0x64 Core/Src/main.o
                0x000000000800116a                SystemClock_Config()
 *fill*         0x00000000080011ce        0x2 
 .text.startup.main
                0x00000000080011d0      0x30c Core/Src/main.o
                0x00000000080011d0                main
 .text.HAL_TIM_PeriodElapsedCallback
                0x00000000080014dc       0x28 Core/Src/main.o
                0x00000000080014dc                HAL_TIM_PeriodElapsedCallback
 .text.Error_Handler
                0x0000000008001504        0x2 Core/Src/main.o
                0x0000000008001504                Error_Handler
 *fill*         0x0000000008001506        0x2 
 .text.HAL_MspInit
                0x0000000008001508       0x34 Core/Src/stm32l5xx_hal_msp.o
                0x0000000008001508                HAL_MspInit
 .text.HAL_TIM_Base_MspInit
                0x000000000800153c       0x40 Core/Src/stm32l5xx_hal_msp.o
                0x000000000800153c                HAL_TIM_Base_MspInit
 .text.HAL_UART_MspInit
                0x000000000800157c       0x84 Core/Src/stm32l5xx_hal_msp.o
                0x000000000800157c                HAL_UART_MspInit
 .text.NMI_Handler
                0x0000000008001600        0x2 Core/Src/stm32l5xx_it.o
                0x0000000008001600                NMI_Handler
 .text.HardFault_Handler
                0x0000000008001602        0x2 Core/Src/stm32l5xx_it.o
                0x0000000008001602                HardFault_Handler
 .text.MemManage_Handler
                0x0000000008001604        0x2 Core/Src/stm32l5xx_it.o
                0x0000000008001604                MemManage_Handler
 .text.BusFault_Handler
                0x0000000008001606        0x2 Core/Src/stm32l5xx_it.o
                0x0000000008001606                BusFault_Handler
 .text.UsageFault_Handler
                0x0000000008001608        0x2 Core/Src/stm32l5xx_it.o
                0x0000000008001608                UsageFault_Handler
 .text.SVC_Handler
                0x000000000800160a        0x2 Core/Src/stm32l5xx_it.o
                0x000000000800160a                SVC_Handler
 .text.DebugMon_Handler
                0x000000000800160c        0x2 Core/Src/stm32l5xx_it.o
                0x000000000800160c                DebugMon_Handler
 .text.PendSV_Handler
                0x000000000800160e        0x2 Core/Src/stm32l5xx_it.o
                0x000000000800160e                PendSV_Handler
 .text.SysTick_Handler
                0x0000000008001610        0x4 Core/Src/stm32l5xx_it.o
                0x0000000008001610                SysTick_Handler
 .text.TIM16_IRQHandler
                0x0000000008001614        0xc Core/Src/stm32l5xx_it.o
                0x0000000008001614                TIM16_IRQHandler
 .text._getpid  0x0000000008001620        0x4 Core/Src/syscalls.o
                0x0000000008001620                _getpid
 .text._kill    0x0000000008001624       0x10 Core/Src/syscalls.o
                0x0000000008001624                _kill
 .text._exit    0x0000000008001634        0xc Core/Src/syscalls.o
                0x0000000008001634                _exit
 .text._read    0x0000000008001640       0x1c Core/Src/syscalls.o
                0x0000000008001640                _read
 .text._write   0x000000000800165c       0x1c Core/Src/syscalls.o
                0x000000000800165c                _write
 .text._close   0x0000000008001678        0x6 Core/Src/syscalls.o
                0x0000000008001678                _close
 .text._fstat   0x000000000800167e        0xa Core/Src/syscalls.o
                0x000000000800167e                _fstat
 .text._isatty  0x0000000008001688        0x4 Core/Src/syscalls.o
                0x0000000008001688                _isatty
 .text._lseek   0x000000000800168c        0x4 Core/Src/syscalls.o
                0x000000000800168c                _lseek
 .text._sbrk    0x0000000008001690       0x40 Core/Src/sysmem.o
                0x0000000008001690                _sbrk
 .text.SystemInit
                0x00000000080016d0       0x14 Core/Src/system_stm32l5xx.o
                0x00000000080016d0                SystemInit
 .text.SystemCoreClockUpdate
                0x00000000080016e4       0x9c Core/Src/system_stm32l5xx.o
                0x00000000080016e4                SystemCoreClockUpdate
 .text.Reset_Handler
                0x0000000008001780       0x50 Core/Startup/startup_stm32l552zetxq.o
                0x0000000008001780                Reset_Handler
 .text.Default_Handler
                0x00000000080017d0        0x2 Core/Startup/startup_stm32l552zetxq.o
                0x00000000080017d0                EXTI2_IRQHandler
                0x00000000080017d0                TIM8_TRG_COM_IRQHandler
                0x00000000080017d0                TIM8_CC_IRQHandler
                0x00000000080017d0                EXTI5_IRQHandler
                0x00000000080017d0                FLASH_S_IRQHandler
                0x00000000080017d0                EXTI13_IRQHandler
                0x00000000080017d0                TIM1_CC_IRQHandler
                0x00000000080017d0                TSC_IRQHandler
                0x00000000080017d0                TAMP_IRQHandler
                0x00000000080017d0                TIM6_IRQHandler
                0x00000000080017d0                EXTI12_IRQHandler
                0x00000000080017d0                DMA2_Channel8_IRQHandler
                0x00000000080017d0                EXTI3_IRQHandler
                0x00000000080017d0                EXTI8_IRQHandler
                0x00000000080017d0                LPTIM2_IRQHandler
                0x00000000080017d0                DFSDM1_FLT1_IRQHandler
                0x00000000080017d0                USB_FS_IRQHandler
                0x00000000080017d0                I2C3_ER_IRQHandler
                0x00000000080017d0                DFSDM1_FLT2_IRQHandler
                0x00000000080017d0                DMAMUX1_IRQHandler
                0x00000000080017d0                LPTIM3_IRQHandler
                0x00000000080017d0                EXTI0_IRQHandler
                0x00000000080017d0                I2C2_EV_IRQHandler
                0x00000000080017d0                FPU_IRQHandler
                0x00000000080017d0                FDCAN1_IT1_IRQHandler
                0x00000000080017d0                ADC1_2_IRQHandler
                0x00000000080017d0                SPI1_IRQHandler
                0x00000000080017d0                OCTOSPI1_IRQHandler
                0x00000000080017d0                TIM8_UP_IRQHandler
                0x00000000080017d0                RCC_S_IRQHandler
                0x00000000080017d0                DMA2_Channel2_IRQHandler
                0x00000000080017d0                DMA1_Channel4_IRQHandler
                0x00000000080017d0                SAI2_IRQHandler
                0x00000000080017d0                DFSDM1_FLT3_IRQHandler
                0x00000000080017d0                EXTI15_IRQHandler
                0x00000000080017d0                TIM17_IRQHandler
                0x00000000080017d0                USART3_IRQHandler
                0x00000000080017d0                RTC_IRQHandler
                0x00000000080017d0                EXTI9_IRQHandler
                0x00000000080017d0                DMA1_Channel7_IRQHandler
                0x00000000080017d0                UART5_IRQHandler
                0x00000000080017d0                TIM4_IRQHandler
                0x00000000080017d0                DMA2_Channel1_IRQHandler
                0x00000000080017d0                I2C1_EV_IRQHandler
                0x00000000080017d0                DMA1_Channel6_IRQHandler
                0x00000000080017d0                UART4_IRQHandler
                0x00000000080017d0                DMA2_Channel4_IRQHandler
                0x00000000080017d0                SecureFault_Handler
                0x00000000080017d0                TIM3_IRQHandler
                0x00000000080017d0                RCC_IRQHandler
                0x00000000080017d0                TIM1_TRG_COM_IRQHandler
                0x00000000080017d0                DMA1_Channel1_IRQHandler
                0x00000000080017d0                Default_Handler
                0x00000000080017d0                DMA2_Channel7_IRQHandler
                0x00000000080017d0                DMA1_Channel8_IRQHandler
                0x00000000080017d0                TIM7_IRQHandler
                0x00000000080017d0                SDMMC1_IRQHandler
                0x00000000080017d0                TIM5_IRQHandler
                0x00000000080017d0                UCPD1_IRQHandler
                0x00000000080017d0                TIM15_IRQHandler
                0x00000000080017d0                I2C3_EV_IRQHandler
                0x00000000080017d0                PVD_PVM_IRQHandler
                0x00000000080017d0                SPI2_IRQHandler
                0x00000000080017d0                EXTI14_IRQHandler
                0x00000000080017d0                EXTI11_IRQHandler
                0x00000000080017d0                DMA2_Channel5_IRQHandler
                0x00000000080017d0                CRS_IRQHandler
                0x00000000080017d0                DMA1_Channel5_IRQHandler
                0x00000000080017d0                EXTI4_IRQHandler
                0x00000000080017d0                RTC_S_IRQHandler
                0x00000000080017d0                RNG_IRQHandler
                0x00000000080017d0                DMAMUX1_S_IRQHandler
                0x00000000080017d0                DMA1_Channel3_IRQHandler
                0x00000000080017d0                COMP_IRQHandler
                0x00000000080017d0                TIM1_UP_IRQHandler
                0x00000000080017d0                WWDG_IRQHandler
                0x00000000080017d0                I2C4_EV_IRQHandler
                0x00000000080017d0                LPUART1_IRQHandler
                0x00000000080017d0                DMA2_Channel6_IRQHandler
                0x00000000080017d0                FDCAN1_IT0_IRQHandler
                0x00000000080017d0                TIM2_IRQHandler
                0x00000000080017d0                TAMP_S_IRQHandler
                0x00000000080017d0                EXTI7_IRQHandler
                0x00000000080017d0                TIM1_BRK_IRQHandler
                0x00000000080017d0                DAC_IRQHandler
                0x00000000080017d0                EXTI1_IRQHandler
                0x00000000080017d0                GTZC_IRQHandler
                0x00000000080017d0                USART2_IRQHandler
                0x00000000080017d0                DFSDM1_FLT0_IRQHandler
                0x00000000080017d0                I2C2_ER_IRQHandler
                0x00000000080017d0                DMA1_Channel2_IRQHandler
                0x00000000080017d0                TIM8_BRK_IRQHandler
                0x00000000080017d0                FLASH_IRQHandler
                0x00000000080017d0                USART1_IRQHandler
                0x00000000080017d0                EXTI10_IRQHandler
                0x00000000080017d0                SPI3_IRQHandler
                0x00000000080017d0                I2C1_ER_IRQHandler
                0x00000000080017d0                FMC_IRQHandler
                0x00000000080017d0                EXTI6_IRQHandler
                0x00000000080017d0                LPTIM1_IRQHandler
                0x00000000080017d0                I2C4_ER_IRQHandler
                0x00000000080017d0                ICACHE_IRQHandler
                0x00000000080017d0                SAI1_IRQHandler
                0x00000000080017d0                HASH_IRQHandler
                0x00000000080017d0                DMA2_Channel3_IRQHandler
 *fill*         0x00000000080017d2        0x2 
 .text.HAL_InitTick
                0x00000000080017d4       0x4c Drivers/STM32L5xx_HAL_Driver/Src/stm32l5xx_hal.o
                0x00000000080017d4                HAL_InitTick
 .text.HAL_Init
                0x0000000008001820       0x22 Drivers/STM32L5xx_HAL_Driver/Src/stm32l5xx_hal.o
                0x0000000008001820                HAL_Init
 *fill*         0x0000000008001842        0x2 
 .text.HAL_IncTick
                0x0000000008001844       0x18 Drivers/STM32L5xx_HAL_Driver/Src/stm32l5xx_hal.o
                0x0000000008001844                HAL_IncTick
 .text.HAL_GetTick
                0x000000000800185c        0xc Drivers/STM32L5xx_HAL_Driver/Src/stm32l5xx_hal.o
                0x000000000800185c                HAL_GetTick
 .text.HAL_NVIC_SetPriorityGrouping
                0x0000000008001868       0x24 Drivers/STM32L5xx_HAL_Driver/Src/stm32l5xx_hal_cortex.o
                0x0000000008001868                HAL_NVIC_SetPriorityGrouping
 .text.HAL_NVIC_SetPriority
                0x000000000800188c       0x68 Drivers/STM32L5xx_HAL_Driver/Src/stm32l5xx_hal_cortex.o
                0x000000000800188c                HAL_NVIC_SetPriority
 .text.HAL_NVIC_EnableIRQ
                0x00000000080018f4       0x1c Drivers/STM32L5xx_HAL_Driver/Src/stm32l5xx_hal_cortex.o
                0x00000000080018f4                HAL_NVIC_EnableIRQ
 .text.HAL_SYSTICK_Config
                0x0000000008001910       0x2c Drivers/STM32L5xx_HAL_Driver/Src/stm32l5xx_hal_cortex.o
                0x0000000008001910                HAL_SYSTICK_Config
 .text.HAL_GPIO_Init
                0x000000000800193c      0x190 Drivers/STM32L5xx_HAL_Driver/Src/stm32l5xx_hal_gpio.o
                0x000000000800193c                HAL_GPIO_Init
 .text.HAL_GPIO_WritePin
                0x0000000008001acc        0xa Drivers/STM32L5xx_HAL_Driver/Src/stm32l5xx_hal_gpio.o
                0x0000000008001acc                HAL_GPIO_WritePin
 *fill*         0x0000000008001ad6        0x2 
 .text.HAL_PWREx_GetVoltageRange
                0x0000000008001ad8       0x10 Drivers/STM32L5xx_HAL_Driver/Src/stm32l5xx_hal_pwr_ex.o
                0x0000000008001ad8                HAL_PWREx_GetVoltageRange
 .text.HAL_PWREx_DisableUCPDDeadBattery
                0x0000000008001ae8       0x10 Drivers/STM32L5xx_HAL_Driver/Src/stm32l5xx_hal_pwr_ex.o
                0x0000000008001ae8                HAL_PWREx_DisableUCPDDeadBattery
 .text.HAL_PWREx_SMPS_GetEffectiveMode
                0x0000000008001af8       0x20 Drivers/STM32L5xx_HAL_Driver/Src/stm32l5xx_hal_pwr_ex.o
                0x0000000008001af8                HAL_PWREx_SMPS_GetEffectiveMode
 .text.HAL_PWREx_ControlVoltageScaling
                0x0000000008001b18       0x6c Drivers/STM32L5xx_HAL_Driver/Src/stm32l5xx_hal_pwr_ex.o
                0x0000000008001b18                HAL_PWREx_ControlVoltageScaling
 .text.RCC_SetFlashLatencyFromMSIRange
                0x0000000008001b84       0x80 Drivers/STM32L5xx_HAL_Driver/Src/stm32l5xx_hal_rcc.o
 .text.HAL_RCC_GetSysClockFreq
                0x0000000008001c04       0x9c Drivers/STM32L5xx_HAL_Driver/Src/stm32l5xx_hal_rcc.o
                0x0000000008001c04                HAL_RCC_GetSysClockFreq
 .text.HAL_RCC_GetHCLKFreq
                0x0000000008001ca0       0x20 Drivers/STM32L5xx_HAL_Driver/Src/stm32l5xx_hal_rcc.o
                0x0000000008001ca0                HAL_RCC_GetHCLKFreq
 .text.HAL_RCC_OscConfig
                0x0000000008001cc0      0x5a0 Drivers/STM32L5xx_HAL_Driver/Src/stm32l5xx_hal_rcc.o
                0x0000000008001cc0                HAL_RCC_OscConfig
 .text.HAL_RCC_ClockConfig
                0x0000000008002260      0x1e4 Drivers/STM32L5xx_HAL_Driver/Src/stm32l5xx_hal_rcc.o
                0x0000000008002260                HAL_RCC_ClockConfig
 .text.HAL_RCC_GetPCLK1Freq
                0x0000000008002444       0x20 Drivers/STM32L5xx_HAL_Driver/Src/stm32l5xx_hal_rcc.o
                0x0000000008002444                HAL_RCC_GetPCLK1Freq
 .text.HAL_RCC_GetPCLK2Freq
                0x0000000008002464       0x20 Drivers/STM32L5xx_HAL_Driver/Src/stm32l5xx_hal_rcc.o
                0x0000000008002464                HAL_RCC_GetPCLK2Freq
 .text.RCCEx_PLLSAI1_Config
                0x0000000008002484       0xf4 Drivers/STM32L5xx_HAL_Driver/Src/stm32l5xx_hal_rcc_ex.o
 .text.RCCEx_PLLSAI2_Config.constprop.4
                0x0000000008002578       0xac Drivers/STM32L5xx_HAL_Driver/Src/stm32l5xx_hal_rcc_ex.o
 .text.HAL_RCCEx_PeriphCLKConfig
                0x0000000008002624      0x494 Drivers/STM32L5xx_HAL_Driver/Src/stm32l5xx_hal_rcc_ex.o
                0x0000000008002624                HAL_RCCEx_PeriphCLKConfig
 .text.HAL_TIM_Base_Start
                0x0000000008002ab8       0x6c Drivers/STM32L5xx_HAL_Driver/Src/stm32l5xx_hal_tim.o
                0x0000000008002ab8                HAL_TIM_Base_Start
 .text.HAL_TIM_OC_DelayElapsedCallback
                0x0000000008002b24        0x2 Drivers/STM32L5xx_HAL_Driver/Src/stm32l5xx_hal_tim.o
                0x0000000008002b24                HAL_TIM_OC_DelayElapsedCallback
 .text.HAL_TIM_IC_CaptureCallback
                0x0000000008002b26        0x2 Drivers/STM32L5xx_HAL_Driver/Src/stm32l5xx_hal_tim.o
                0x0000000008002b26                HAL_TIM_IC_CaptureCallback
 .text.HAL_TIM_PWM_PulseFinishedCallback
                0x0000000008002b28        0x2 Drivers/STM32L5xx_HAL_Driver/Src/stm32l5xx_hal_tim.o
                0x0000000008002b28                HAL_TIM_PWM_PulseFinishedCallback
 .text.HAL_TIM_TriggerCallback
                0x0000000008002b2a        0x2 Drivers/STM32L5xx_HAL_Driver/Src/stm32l5xx_hal_tim.o
                0x0000000008002b2a                HAL_TIM_TriggerCallback
 .text.HAL_TIM_IRQHandler
                0x0000000008002b2c      0x160 Drivers/STM32L5xx_HAL_Driver/Src/stm32l5xx_hal_tim.o
                0x0000000008002b2c                HAL_TIM_IRQHandler
 .text.TIM_Base_SetConfig
                0x0000000008002c8c       0xcc Drivers/STM32L5xx_HAL_Driver/Src/stm32l5xx_hal_tim.o
                0x0000000008002c8c                TIM_Base_SetConfig
 .text.HAL_TIM_Base_Init
                0x0000000008002d58       0x60 Drivers/STM32L5xx_HAL_Driver/Src/stm32l5xx_hal_tim.o
                0x0000000008002d58                HAL_TIM_Base_Init
 .text.HAL_TIMEx_CommutCallback
                0x0000000008002db8        0x2 Drivers/STM32L5xx_HAL_Driver/Src/stm32l5xx_hal_tim_ex.o
                0x0000000008002db8                HAL_TIMEx_CommutCallback
 .text.HAL_TIMEx_BreakCallback
                0x0000000008002dba        0x2 Drivers/STM32L5xx_HAL_Driver/Src/stm32l5xx_hal_tim_ex.o
                0x0000000008002dba                HAL_TIMEx_BreakCallback
 .text.HAL_TIMEx_Break2Callback
                0x0000000008002dbc        0x2 Drivers/STM32L5xx_HAL_Driver/Src/stm32l5xx_hal_tim_ex.o
                0x0000000008002dbc                HAL_TIMEx_Break2Callback
 *fill*         0x0000000008002dbe        0x2 
 .text.UART_SetConfig
                0x0000000008002dc0      0x2ec Drivers/STM32L5xx_HAL_Driver/Src/stm32l5xx_hal_uart.o
                0x0000000008002dc0                UART_SetConfig
 .text.UART_AdvFeatureConfig
                0x00000000080030ac       0xaa Drivers/STM32L5xx_HAL_Driver/Src/stm32l5xx_hal_uart.o
                0x00000000080030ac                UART_AdvFeatureConfig
 .text.UART_WaitOnFlagUntilTimeout
                0x0000000008003156       0x8e Drivers/STM32L5xx_HAL_Driver/Src/stm32l5xx_hal_uart.o
                0x0000000008003156                UART_WaitOnFlagUntilTimeout
 .text.HAL_UART_Transmit
                0x00000000080031e4       0xb8 Drivers/STM32L5xx_HAL_Driver/Src/stm32l5xx_hal_uart.o
                0x00000000080031e4                HAL_UART_Transmit
 .text.UART_CheckIdleState
                0x000000000800329c       0x68 Drivers/STM32L5xx_HAL_Driver/Src/stm32l5xx_hal_uart.o
                0x000000000800329c                UART_CheckIdleState
 .text.HAL_UART_Init
                0x0000000008003304       0x60 Drivers/STM32L5xx_HAL_Driver/Src/stm32l5xx_hal_uart.o
                0x0000000008003304                HAL_UART_Init
 .text.UARTEx_SetNbDataToProcess
                0x0000000008003364       0x6c Drivers/STM32L5xx_HAL_Driver/Src/stm32l5xx_hal_uart_ex.o
 .text.HAL_UARTEx_DisableFifoMode
                0x00000000080033d0       0x36 Drivers/STM32L5xx_HAL_Driver/Src/stm32l5xx_hal_uart_ex.o
                0x00000000080033d0                HAL_UARTEx_DisableFifoMode
 .text.HAL_UARTEx_SetTxFifoThreshold
                0x0000000008003406       0x48 Drivers/STM32L5xx_HAL_Driver/Src/stm32l5xx_hal_uart_ex.o
                0x0000000008003406                HAL_UARTEx_SetTxFifoThreshold
 .text.HAL_UARTEx_SetRxFifoThreshold
                0x000000000800344e       0x48 Drivers/STM32L5xx_HAL_Driver/Src/stm32l5xx_hal_uart_ex.o
                0x000000000800344e                HAL_UARTEx_SetRxFifoThreshold
 .text.TfLiteIntArrayGetSizeInBytes
                0x0000000008003496        0x6 tensorflow_lite/tensorflow/lite/c/common.o
                0x0000000008003496                TfLiteIntArrayGetSizeInBytes
 .text.TfLiteFloatArrayGetSizeInBytes
                0x000000000800349c        0x6 tensorflow_lite/tensorflow/lite/c/common.o
                0x000000000800349c                TfLiteFloatArrayGetSizeInBytes
 *fill*         0x00000000080034a2        0x2 
 .text.TfLiteTypeGetName
                0x00000000080034a4       0x18 tensorflow_lite/tensorflow/lite/c/common.o
                0x00000000080034a4                TfLiteTypeGetName
 .text._ZN6tflite13ErrorReporter6ReportEPKcz
                0x00000000080034bc       0x1c tensorflow_lite/tensorflow/lite/core/api/error_reporter.o
                0x00000000080034bc                tflite::ErrorReporter::Report(char const*, ...)
 .text._ZN6tflite13ErrorReporter11ReportErrorEPvPKcz
                0x00000000080034d8       0x1c tensorflow_lite/tensorflow/lite/core/api/error_reporter.o
                0x00000000080034d8                tflite::ErrorReporter::ReportError(void*, char const*, ...)
 .text._ZN6tflite12_GLOBAL__N_124SafeBuiltinDataAllocator18BuiltinDataDeleterclEPv
                0x00000000080034f4        0x8 tensorflow_lite/tensorflow/lite/core/api/flatbuffer_conversions.o
 .text._ZZN6tflite11ParseOpDataEPKNS_8OperatorENS_15BuiltinOperatorEPNS_13ErrorReporterEPNS_20BuiltinDataAllocatorEPPvENKUlNS_7PaddingEE_clESA_.isra.0
                0x00000000080034fc       0x10 tensorflow_lite/tensorflow/lite/core/api/flatbuffer_conversions.o
 .text._ZZN6tflite11ParseOpDataEPKNS_8OperatorENS_15BuiltinOperatorEPNS_13ErrorReporterEPNS_20BuiltinDataAllocatorEPPvENKUlNS_22ActivationFunctionTypeEE0_clESA_.isra.1
                0x000000000800350c       0x14 tensorflow_lite/tensorflow/lite/core/api/flatbuffer_conversions.o
 .text._ZN6tflite12_GLOBAL__N_126FlatBufferIntVectorToArrayEiPKN11flatbuffers6VectorIlEEPiPNS_13ErrorReporterEPKc.constprop.54
                0x0000000008003520       0x40 tensorflow_lite/tensorflow/lite/core/api/flatbuffer_conversions.o
 .text._ZNK11flatbuffers5Table22GetOptionalFieldOffsetEt
                0x0000000008003560       0x10 tensorflow_lite/tensorflow/lite/core/api/flatbuffer_conversions.o
                0x0000000008003560                flatbuffers::Table::GetOptionalFieldOffset(unsigned short) const
 .text._ZNK6tflite8Operator15builtin_optionsEv
                0x0000000008003570       0x14 tensorflow_lite/tensorflow/lite/core/api/flatbuffer_conversions.o
                0x0000000008003570                tflite::Operator::builtin_options() const
 .text._ZN6tflite17ConvertTensorTypeENS_10TensorTypeEP10TfLiteTypePNS_13ErrorReporterE
                0x0000000008003584       0x60 tensorflow_lite/tensorflow/lite/core/api/flatbuffer_conversions.o
                0x0000000008003584                tflite::ConvertTensorType(tflite::TensorType, TfLiteType*, tflite::ErrorReporter*)
 .text._ZNK11flatbuffers5Table8GetFieldIhEET_tS2_
                0x00000000080035e4       0x12 tensorflow_lite/tensorflow/lite/core/api/flatbuffer_conversions.o
                0x00000000080035e4                unsigned char flatbuffers::Table::GetField<unsigned char>(unsigned short, unsigned char) const
 .text._ZNK6tflite8Operator20builtin_options_typeEv
                0x00000000080035f6        0xc tensorflow_lite/tensorflow/lite/core/api/flatbuffer_conversions.o
                0x00000000080035f6                tflite::Operator::builtin_options_type() const
 .text._ZNK11flatbuffers5Table8GetFieldIlEET_tS2_
                0x0000000008003602       0x12 tensorflow_lite/tensorflow/lite/core/api/flatbuffer_conversions.o
                0x0000000008003602                long flatbuffers::Table::GetField<long>(unsigned short, long) const
 .text._ZNK11flatbuffers5Table8GetFieldIaEET_tS2_
                0x0000000008003614       0x12 tensorflow_lite/tensorflow/lite/core/api/flatbuffer_conversions.o
                0x0000000008003614                signed char flatbuffers::Table::GetField<signed char>(unsigned short, signed char) const
 .text._ZNK11flatbuffers5Table8GetFieldIfEET_tS2_
                0x0000000008003626       0x22 tensorflow_lite/tensorflow/lite/core/api/flatbuffer_conversions.o
                0x0000000008003626                float flatbuffers::Table::GetField<float>(unsigned short, float) const
 .text._ZN6tflite11ParseOpDataEPKNS_8OperatorENS_15BuiltinOperatorEPNS_13ErrorReporterEPNS_20BuiltinDataAllocatorEPPv
                0x0000000008003648     0x1b84 tensorflow_lite/tensorflow/lite/core/api/flatbuffer_conversions.o
                0x0000000008003648                tflite::ParseOpData(tflite::Operator const*, tflite::BuiltinOperator, tflite::ErrorReporter*, tflite::BuiltinDataAllocator*, void**)
 .text._ZN6tflite25GetRegistrationFromOpCodeEPKNS_12OperatorCodeERKNS_10OpResolverEPNS_13ErrorReporterEPPK18TfLiteRegistration
                0x00000000080051cc       0xb0 tensorflow_lite/tensorflow/lite/core/api/op_resolver.o
                0x00000000080051cc                tflite::GetRegistrationFromOpCode(tflite::OperatorCode const*, tflite::OpResolver const&, tflite::ErrorReporter*, TfLiteRegistration const**)
 .text._ZN6tflite19ResetVariableTensorEP12TfLiteTensor
                0x000000000800527c       0x2a tensorflow_lite/tensorflow/lite/core/api/tensor_utils.o
                0x000000000800527c                tflite::ResetVariableTensor(TfLiteTensor*)
 *fill*         0x00000000080052a6        0x2 
 .text._ZN6tflite18QuantizeMultiplierEdPlPi
                0x00000000080052a8       0x90 tensorflow_lite/tensorflow/lite/kernels/internal/quantization_util.o
                0x00000000080052a8                tflite::QuantizeMultiplier(double, long*, int*)
 .text._ZN6tflite32QuantizeMultiplierGreaterThanOneEdPlPi
                0x0000000008005338       0x44 tensorflow_lite/tensorflow/lite/kernels/internal/quantization_util.o
                0x0000000008005338                tflite::QuantizeMultiplierGreaterThanOne(double, long*, int*)
 *fill*         0x000000000800537c        0x4 
 .text._ZN6tflite24PreprocessSoftmaxScalingEddiPlPi
                0x0000000008005380       0x70 tensorflow_lite/tensorflow/lite/kernels/internal/quantization_util.o
                0x0000000008005380                tflite::PreprocessSoftmaxScaling(double, double, int, long*, int*)
 .text._ZN6tflite20CalculateInputRadiusEiii
                0x00000000080053f0       0x82 tensorflow_lite/tensorflow/lite/kernels/internal/quantization_util.o
                0x00000000080053f0                tflite::CalculateInputRadius(int, int, int)
 .text._ZZN6tflite12_GLOBAL__N_137CalculateActivationRangeQuantizedImplE21TfLiteFusedActivationllP12TfLiteTensorPlS4_ENKUlfE_clEf
                0x0000000008005472       0x1c tensorflow_lite/tensorflow/lite/kernels/kernel_util.o
 *fill*         0x000000000800548e        0x2 
 .text._ZN6tflite32GetQuantizedConvolutionMultiplerEP13TfLiteContextPK12TfLiteTensorS4_PS2_Pd
                0x0000000008005490       0x64 tensorflow_lite/tensorflow/lite/kernels/kernel_util.o
                0x0000000008005490                tflite::GetQuantizedConvolutionMultipler(TfLiteContext*, TfLiteTensor const*, TfLiteTensor const*, TfLiteTensor*, double*)
 *fill*         0x00000000080054f4        0x4 
 .text._ZN6tflite32GetQuantizedConvolutionMultiplerEP13TfLiteContextPK12TfLiteTensorS4_S4_PS2_Pd
                0x00000000080054f8       0xb4 tensorflow_lite/tensorflow/lite/kernels/kernel_util.o
                0x00000000080054f8                tflite::GetQuantizedConvolutionMultipler(TfLiteContext*, TfLiteTensor const*, TfLiteTensor const*, TfLiteTensor const*, TfLiteTensor*, double*)
 .text._ZN6tflite33CalculateActivationRangeQuantizedEP13TfLiteContext21TfLiteFusedActivationP12TfLiteTensorPlS5_
                0x00000000080055ac       0xc0 tensorflow_lite/tensorflow/lite/kernels/kernel_util.o
                0x00000000080055ac                tflite::CalculateActivationRangeQuantized(TfLiteContext*, TfLiteFusedActivation, TfLiteTensor*, long*, long*)
 .text._ZN6tflite37PopulateConvolutionQuantizationParamsEP13TfLiteContextPK12TfLiteTensorS4_S4_PS2_RK21TfLiteFusedActivationPlPiS9_S9_S9_SA_i
                0x000000000800566c      0x210 tensorflow_lite/tensorflow/lite/kernels/kernel_util.o
                0x000000000800566c                tflite::PopulateConvolutionQuantizationParams(TfLiteContext*, TfLiteTensor const*, TfLiteTensor const*, TfLiteTensor const*, TfLiteTensor*, TfLiteFusedActivation const&, long*, int*, long*, long*, long*, int*, int)
 .text.DebugLog
                0x000000000800587c       0x10 tensorflow_lite/tensorflow/lite/micro/debug_log.o
                0x000000000800587c                DebugLog
 .text._ZN6tflite14AlignPointerUpEPhj
                0x000000000800588c        0xc tensorflow_lite/tensorflow/lite/micro/memory_helpers.o
                0x000000000800588c                tflite::AlignPointerUp(unsigned char*, unsigned int)
 .text._ZN6tflite16AlignPointerDownEPhj
                0x0000000008005898        0x8 tensorflow_lite/tensorflow/lite/micro/memory_helpers.o
                0x0000000008005898                tflite::AlignPointerDown(unsigned char*, unsigned int)
 .text._ZN6tflite11AlignSizeUpEjj
                0x00000000080058a0        0xc tensorflow_lite/tensorflow/lite/micro/memory_helpers.o
                0x00000000080058a0                tflite::AlignSizeUp(unsigned int, unsigned int)
 .text._ZN6tflite16TfLiteTypeSizeOfE10TfLiteTypePjPNS_13ErrorReporterE
                0x00000000080058ac       0x48 tensorflow_lite/tensorflow/lite/micro/memory_helpers.o
                0x00000000080058ac                tflite::TfLiteTypeSizeOf(TfLiteType, unsigned int*, tflite::ErrorReporter*)
 .text._ZN6tflite22BytesRequiredForTensorERKNS_6TensorEPjS3_PNS_13ErrorReporterE
                0x00000000080058f4       0x7c tensorflow_lite/tensorflow/lite/micro/memory_helpers.o
                0x00000000080058f4                tflite::BytesRequiredForTensor(tflite::Tensor const&, unsigned int*, unsigned int*, tflite::ErrorReporter*)
 .text._ZN6tflite12_GLOBAL__N_125MicroBuiltinDataAllocator8AllocateEjj
                0x0000000008005970        0x8 tensorflow_lite/tensorflow/lite/micro/micro_allocator.o
 .text._ZN6tflite12_GLOBAL__N_125MicroBuiltinDataAllocator10DeallocateEPv
                0x0000000008005978        0x2 tensorflow_lite/tensorflow/lite/micro/micro_allocator.o
 .text._ZN6tflite12_GLOBAL__N_125MicroBuiltinDataAllocatorD2Ev
                0x000000000800597a        0x2 tensorflow_lite/tensorflow/lite/micro/micro_allocator.o
 .text._ZN6tflite12_GLOBAL__N_125MicroBuiltinDataAllocatorD0Ev
                0x000000000800597c        0xe tensorflow_lite/tensorflow/lite/micro/micro_allocator.o
 .text._ZNK6tflite22QuantizationParameters5scaleEv
                0x000000000800598a       0x14 tensorflow_lite/tensorflow/lite/micro/micro_allocator.o
                0x000000000800598a                tflite::QuantizationParameters::scale() const
 .text._ZNK6tflite22QuantizationParameters10zero_pointEv
                0x000000000800599e       0x14 tensorflow_lite/tensorflow/lite/micro/micro_allocator.o
                0x000000000800599e                tflite::QuantizationParameters::zero_point() const
 .text._ZNK6tflite6Tensor11is_variableEv
                0x00000000080059b2       0x16 tensorflow_lite/tensorflow/lite/micro/micro_allocator.o
                0x00000000080059b2                tflite::Tensor::is_variable() const
 .text._ZNK6tflite8SubGraph7tensorsEv
                0x00000000080059c8       0x14 tensorflow_lite/tensorflow/lite/micro/micro_allocator.o
                0x00000000080059c8                tflite::SubGraph::tensors() const
 .text._ZN6tflite14MicroAllocator24AllocatePersistentBufferEjPPv
                0x00000000080059dc       0x2c tensorflow_lite/tensorflow/lite/micro/micro_allocator.o
                0x00000000080059dc                tflite::MicroAllocator::AllocatePersistentBuffer(unsigned int, void**)
 .text._ZN6tflite14MicroAllocator27RequestScratchBufferInArenaEijPi
                0x0000000008005a08       0x64 tensorflow_lite/tensorflow/lite/micro/micro_allocator.o
                0x0000000008005a08                tflite::MicroAllocator::RequestScratchBufferInArena(int, unsigned int, int*)
 .text._ZNK6tflite14MicroAllocator16GetScratchBufferEi
                0x0000000008005a6c       0x2c tensorflow_lite/tensorflow/lite/micro/micro_allocator.o
                0x0000000008005a6c                tflite::MicroAllocator::GetScratchBuffer(int) const
 .text._ZN6tflite14MicroAllocator25AllocateTfLiteTensorArrayEv
                0x0000000008005a98       0x4c tensorflow_lite/tensorflow/lite/micro/micro_allocator.o
                0x0000000008005a98                tflite::MicroAllocator::AllocateTfLiteTensorArray()
 .text._ZNK11flatbuffers6VectorIfE3GetEm
                0x0000000008005ae4       0x2c tensorflow_lite/tensorflow/lite/micro/micro_allocator.o
                0x0000000008005ae4                flatbuffers::Vector<float>::Get(unsigned long) const
 .text._ZNK11flatbuffers6VectorIxE3GetEm
                0x0000000008005b10       0x2c tensorflow_lite/tensorflow/lite/micro/micro_allocator.o
                0x0000000008005b10                flatbuffers::Vector<long long>::Get(unsigned long) const
 .text._ZNK11flatbuffers6VectorIlE3GetEm
                0x0000000008005b3c       0x2c tensorflow_lite/tensorflow/lite/micro/micro_allocator.o
                0x0000000008005b3c                flatbuffers::Vector<long>::Get(unsigned long) const
 .text._ZNK11flatbuffers6VectorINS_6OffsetIN6tflite6TensorEEEE3GetEm
                0x0000000008005b68       0x30 tensorflow_lite/tensorflow/lite/micro/micro_allocator.o
                0x0000000008005b68                flatbuffers::Vector<flatbuffers::Offset<tflite::Tensor> >::Get(unsigned long) const
 .text._ZNK11flatbuffers6VectorINS_6OffsetIN6tflite8OperatorEEEE3GetEm
                0x0000000008005b98       0x30 tensorflow_lite/tensorflow/lite/micro/micro_allocator.o
                0x0000000008005b98                flatbuffers::Vector<flatbuffers::Offset<tflite::Operator> >::Get(unsigned long) const
 .text._ZN11flatbuffers5Table10GetPointerIPKNS_6VectorIhEEEET_t
                0x0000000008005bc8       0x12 tensorflow_lite/tensorflow/lite/micro/micro_allocator.o
                0x0000000008005bc8                flatbuffers::Vector<unsigned char> const* flatbuffers::Table::GetPointer<flatbuffers::Vector<unsigned char> const*>(unsigned short)
 .text._ZN11flatbuffers5Table10GetPointerIPKNS_6VectorIlEEEET_t
                0x0000000008005bda       0x12 tensorflow_lite/tensorflow/lite/micro/micro_allocator.o
                0x0000000008005bda                flatbuffers::Vector<long> const* flatbuffers::Table::GetPointer<flatbuffers::Vector<long> const*>(unsigned short)
 .text._ZN6tflite8internal36InitializeTfLiteTensorFromFlatbufferEPNS_21SimpleMemoryAllocatorERKNS_6TensorEPKN11flatbuffers6VectorINS6_6OffsetINS_6BufferEEEEEPNS_13ErrorReporterEP12TfLiteTensor
                0x0000000008005bec      0x1fc tensorflow_lite/tensorflow/lite/micro/micro_allocator.o
                0x0000000008005bec                tflite::internal::InitializeTfLiteTensorFromFlatbuffer(tflite::SimpleMemoryAllocator*, tflite::Tensor const&, flatbuffers::Vector<flatbuffers::Offset<tflite::Buffer> > const*, tflite::ErrorReporter*, TfLiteTensor*)
 .text._ZN6tflite14MicroAllocator39PopulateTfLiteTensorArrayFromFlatbufferEv
                0x0000000008005de8       0x80 tensorflow_lite/tensorflow/lite/micro/micro_allocator.o
                0x0000000008005de8                tflite::MicroAllocator::PopulateTfLiteTensorArrayFromFlatbuffer()
 .text._ZN6tflite14MicroAllocator29InitGraphAndContextTensorDataEv
                0x0000000008005e68       0x4c tensorflow_lite/tensorflow/lite/micro/micro_allocator.o
                0x0000000008005e68                tflite::MicroAllocator::InitGraphAndContextTensorData()
 .text._ZN6tflite14MicroAllocatorC2EP13TfLiteContextPKNS_5ModelEPhjPNS_13ErrorReporterE
                0x0000000008005eb4       0x64 tensorflow_lite/tensorflow/lite/micro/micro_allocator.o
                0x0000000008005eb4                tflite::MicroAllocator::MicroAllocator(TfLiteContext*, tflite::Model const*, unsigned char*, unsigned int, tflite::ErrorReporter*)
                0x0000000008005eb4                tflite::MicroAllocator::MicroAllocator(TfLiteContext*, tflite::Model const*, unsigned char*, unsigned int, tflite::ErrorReporter*)
 .text._ZN11flatbuffers5Table10GetPointerIPKNS_6VectorINS_6OffsetIN6tflite8OperatorEEEEEEET_t
                0x0000000008005f18       0x12 tensorflow_lite/tensorflow/lite/micro/micro_allocator.o
                0x0000000008005f18                flatbuffers::Vector<flatbuffers::Offset<tflite::Operator> > const* flatbuffers::Table::GetPointer<flatbuffers::Vector<flatbuffers::Offset<tflite::Operator> > const*>(unsigned short)
 *fill*         0x0000000008005f2a        0x2 
 .text._ZN6tflite14MicroAllocator44PrepareNodeAndRegistrationDataFromFlatbufferERKNS_15MicroOpResolverEPNS_19NodeAndRegistrationE
                0x0000000008005f2c      0x188 tensorflow_lite/tensorflow/lite/micro/micro_allocator.o
                0x0000000008005f2c                tflite::MicroAllocator::PrepareNodeAndRegistrationDataFromFlatbuffer(tflite::MicroOpResolver const&, tflite::NodeAndRegistration*)
 .text._ZN6tflite14MicroAllocator28AllocateNodeAndRegistrationsEPPNS_19NodeAndRegistrationE
                0x00000000080060b4       0x38 tensorflow_lite/tensorflow/lite/micro/micro_allocator.o
                0x00000000080060b4                tflite::MicroAllocator::AllocateNodeAndRegistrations(tflite::NodeAndRegistration**)
 .text._ZN6tflite14MicroAllocator24InitializeFromFlatbufferERKNS_15MicroOpResolverEPPNS_19NodeAndRegistrationE
                0x00000000080060ec       0x26 tensorflow_lite/tensorflow/lite/micro/micro_allocator.o
                0x00000000080060ec                tflite::MicroAllocator::InitializeFromFlatbuffer(tflite::MicroOpResolver const&, tflite::NodeAndRegistration**)
 *fill*         0x0000000008006112        0x2 
 .text._ZN6tflite14MicroAllocator22FinishTensorAllocationEv
                0x0000000008006114      0x3a0 tensorflow_lite/tensorflow/lite/micro/micro_allocator.o
                0x0000000008006114                tflite::MicroAllocator::FinishTensorAllocation()
 .text._ZN6tflite18MicroErrorReporterD2Ev
                0x00000000080064b4        0x2 tensorflow_lite/tensorflow/lite/micro/micro_error_reporter.o
                0x00000000080064b4                tflite::MicroErrorReporter::~MicroErrorReporter()
                0x00000000080064b4                tflite::MicroErrorReporter::~MicroErrorReporter()
 *fill*         0x00000000080064b6        0x2 
 .text._ZN6tflite18MicroErrorReporter6ReportEPKcSt9__va_list
                0x00000000080064b8       0x2c tensorflow_lite/tensorflow/lite/micro/micro_error_reporter.o
                0x00000000080064b8                tflite::MicroErrorReporter::Report(char const*, std::__va_list)
 .text._ZN6tflite18MicroErrorReporterD0Ev
                0x00000000080064e4        0xe tensorflow_lite/tensorflow/lite/micro/micro_error_reporter.o
                0x00000000080064e4                tflite::MicroErrorReporter::~MicroErrorReporter()
 .text._ZN6tflite8internal13ContextHelper24AllocatePersistentBufferEP13TfLiteContextjPPv
                0x00000000080064f2        0x8 tensorflow_lite/tensorflow/lite/micro/micro_interpreter.o
                0x00000000080064f2                tflite::internal::ContextHelper::AllocatePersistentBuffer(TfLiteContext*, unsigned int, void**)
 .text._ZN6tflite8internal13ContextHelper27RequestScratchBufferInArenaEP13TfLiteContextjPi
                0x00000000080064fa        0xe tensorflow_lite/tensorflow/lite/micro/micro_interpreter.o
                0x00000000080064fa                tflite::internal::ContextHelper::RequestScratchBufferInArena(TfLiteContext*, unsigned int, int*)
 .text._ZN6tflite8internal13ContextHelper16GetScratchBufferEP13TfLiteContexti
                0x0000000008006508        0x8 tensorflow_lite/tensorflow/lite/micro/micro_interpreter.o
                0x0000000008006508                tflite::internal::ContextHelper::GetScratchBuffer(TfLiteContext*, int)
 .text._ZN6tflite8internal13ContextHelper13ReportOpErrorEP13TfLiteContextPKcz
                0x0000000008006510       0x20 tensorflow_lite/tensorflow/lite/micro/micro_interpreter.o
                0x0000000008006510                tflite::internal::ContextHelper::ReportOpError(TfLiteContext*, char const*, ...)
 .text._ZN6tflite16MicroInterpreterC2EPKNS_5ModelERKNS_15MicroOpResolverEPhjPNS_13ErrorReporterE
                0x0000000008006530       0xa0 tensorflow_lite/tensorflow/lite/micro/micro_interpreter.o
                0x0000000008006530                tflite::MicroInterpreter::MicroInterpreter(tflite::Model const*, tflite::MicroOpResolver const&, unsigned char*, unsigned int, tflite::ErrorReporter*)
                0x0000000008006530                tflite::MicroInterpreter::MicroInterpreter(tflite::Model const*, tflite::MicroOpResolver const&, unsigned char*, unsigned int, tflite::ErrorReporter*)
 .text._ZN6tflite16MicroInterpreter5inputEj
                0x00000000080065d0       0x38 tensorflow_lite/tensorflow/lite/micro/micro_interpreter.o
                0x00000000080065d0                tflite::MicroInterpreter::input(unsigned int)
 .text._ZN6tflite16MicroInterpreter6outputEj
                0x0000000008006608       0x38 tensorflow_lite/tensorflow/lite/micro/micro_interpreter.o
                0x0000000008006608                tflite::MicroInterpreter::output(unsigned int)
 .text._ZN6tflite16MicroInterpreterD2Ev
                0x0000000008006640       0x3c tensorflow_lite/tensorflow/lite/micro/micro_interpreter.o
                0x0000000008006640                tflite::MicroInterpreter::~MicroInterpreter()
                0x0000000008006640                tflite::MicroInterpreter::~MicroInterpreter()
 .text._ZN6tflite16MicroInterpreter15AllocateTensorsEv
                0x000000000800667c      0x10c tensorflow_lite/tensorflow/lite/micro/micro_interpreter.o
                0x000000000800667c                tflite::MicroInterpreter::AllocateTensors()
 .text._ZN6tflite16MicroInterpreter6InvokeEv
                0x0000000008006788       0xa0 tensorflow_lite/tensorflow/lite/micro/micro_interpreter.o
                0x0000000008006788                tflite::MicroInterpreter::Invoke()
 .text._ZN12_GLOBAL__N_19StrCatStrEPciPKc
                0x0000000008006828       0x2c tensorflow_lite/tensorflow/lite/micro/micro_string.o
 .text._ZN12_GLOBAL__N_122FastUInt32ToBufferLeftEmPci
                0x0000000008006854       0x3e tensorflow_lite/tensorflow/lite/micro/micro_string.o
 *fill*         0x0000000008006892        0x2 
 .text.MicroVsnprintf
                0x0000000008006894      0x21c tensorflow_lite/tensorflow/lite/micro/micro_string.o
                0x0000000008006894                MicroVsnprintf
 .text._ZN6tflite21SimpleMemoryAllocatorD2Ev
                0x0000000008006ab0        0x2 tensorflow_lite/tensorflow/lite/micro/simple_memory_allocator.o
                0x0000000008006ab0                tflite::SimpleMemoryAllocator::~SimpleMemoryAllocator()
                0x0000000008006ab0                tflite::SimpleMemoryAllocator::~SimpleMemoryAllocator()
 .text._ZN6tflite21SimpleMemoryAllocatorD0Ev
                0x0000000008006ab2        0xe tensorflow_lite/tensorflow/lite/micro/simple_memory_allocator.o
                0x0000000008006ab2                tflite::SimpleMemoryAllocator::~SimpleMemoryAllocator()
 .text._ZN6tflite21SimpleMemoryAllocator16AllocateFromHeadEjj
                0x0000000008006ac0       0x34 tensorflow_lite/tensorflow/lite/micro/simple_memory_allocator.o
                0x0000000008006ac0                tflite::SimpleMemoryAllocator::AllocateFromHead(unsigned int, unsigned int)
 .text._ZN6tflite21SimpleMemoryAllocator16AllocateFromTailEjj
                0x0000000008006af4       0x34 tensorflow_lite/tensorflow/lite/micro/simple_memory_allocator.o
                0x0000000008006af4                tflite::SimpleMemoryAllocator::AllocateFromTail(unsigned int, unsigned int)
 .text._ZN6tflite21SimpleMemoryAllocatorC2EPNS_13ErrorReporterEPhS3_
                0x0000000008006b28       0x18 tensorflow_lite/tensorflow/lite/micro/simple_memory_allocator.o
                0x0000000008006b28                tflite::SimpleMemoryAllocator::SimpleMemoryAllocator(tflite::ErrorReporter*, unsigned char*, unsigned char*)
                0x0000000008006b28                tflite::SimpleMemoryAllocator::SimpleMemoryAllocator(tflite::ErrorReporter*, unsigned char*, unsigned char*)
 .text._ZN6tflite21SimpleMemoryAllocator6CreateEPNS_13ErrorReporterEPhj
                0x0000000008006b40       0x3c tensorflow_lite/tensorflow/lite/micro/simple_memory_allocator.o
                0x0000000008006b40                tflite::SimpleMemoryAllocator::Create(tflite::ErrorReporter*, unsigned char*, unsigned int)
 .text._ZNK6tflite21SimpleMemoryAllocator7GetHeadEv
                0x0000000008006b7c        0x4 tensorflow_lite/tensorflow/lite/micro/simple_memory_allocator.o
                0x0000000008006b7c                tflite::SimpleMemoryAllocator::GetHead() const
 .text._ZNK6tflite21SimpleMemoryAllocator7GetTailEv
                0x0000000008006b80        0x4 tensorflow_lite/tensorflow/lite/micro/simple_memory_allocator.o
                0x0000000008006b80                tflite::SimpleMemoryAllocator::GetTail() const
 .text._ZNK6tflite21SimpleMemoryAllocator18GetAvailableMemoryEv
                0x0000000008006b84        0x8 tensorflow_lite/tensorflow/lite/micro/simple_memory_allocator.o
                0x0000000008006b84                tflite::SimpleMemoryAllocator::GetAvailableMemory() const
 .text._ZN6tflite12RuntimeShapeD2Ev
                0x0000000008006b8c       0x16 tensorflow_lite/tensorflow/lite/micro/kernels/activations.o
                0x0000000008006b8c                tflite::RuntimeShape::~RuntimeShape()
                0x0000000008006b8c                tflite::RuntimeShape::~RuntimeShape()
 .text._ZNK6tflite12RuntimeShape4DimsEi
                0x0000000008006ba2       0x22 tensorflow_lite/tensorflow/lite/micro/kernels/activations.o
                0x0000000008006ba2                tflite::RuntimeShape::Dims(int) const
 .text._ZN6tflite14GetTensorShapeEPK12TfLiteTensor
                0x0000000008006bc4       0x44 tensorflow_lite/tensorflow/lite/micro/kernels/activations.o
                0x0000000008006bc4                tflite::GetTensorShape(TfLiteTensor const*)
 .text._ZNK6tflite12RuntimeShape8FlatSizeEv
                0x0000000008006c08       0x20 tensorflow_lite/tensorflow/lite/micro/kernels/add.o
                0x0000000008006c08                tflite::RuntimeShape::FlatSize() const
 .text._ZN6tflite6OffsetERKNS_12RuntimeShapeEiiii
                0x0000000008006c28       0x44 tensorflow_lite/tensorflow/lite/micro/kernels/add.o
                0x0000000008006c28                tflite::Offset(tflite::RuntimeShape const&, int, int, int, int)
 .text._ZN6tflite11MatchingDimERKNS_12RuntimeShapeEiS2_i
                0x0000000008006c6c       0x1e tensorflow_lite/tensorflow/lite/micro/kernels/concatenation.o
                0x0000000008006c6c                tflite::MatchingDim(tflite::RuntimeShape const&, int, tflite::RuntimeShape const&, int)
 .text._ZN6tflite3ops5micro4conv4InitEP13TfLiteContextPKcj
                0x0000000008006c8a       0x22 tensorflow_lite/tensorflow/lite/micro/kernels/conv.o
                0x0000000008006c8a                tflite::ops::micro::conv::Init(TfLiteContext*, char const*, unsigned int)
 .text._ZN6tflite29MultiplyByQuantizedMultiplierElli
                0x0000000008006cac       0xa8 tensorflow_lite/tensorflow/lite/micro/kernels/conv.o
                0x0000000008006cac                tflite::MultiplyByQuantizedMultiplier(long, long, int)
 .text._ZN6tflite13reference_ops4ConvERKNS_10ConvParamsERKNS_12RuntimeShapeEPKfS6_S8_S6_S8_S6_PfS6_S9_
                0x0000000008006d54      0x224 tensorflow_lite/tensorflow/lite/micro/kernels/conv.o
                0x0000000008006d54                tflite::reference_ops::Conv(tflite::ConvParams const&, tflite::RuntimeShape const&, float const*, tflite::RuntimeShape const&, float const*, tflite::RuntimeShape const&, float const*, tflite::RuntimeShape const&, float*, tflite::RuntimeShape const&, float*)
 .text._ZN6tflite13reference_ops4ConvERKNS_10ConvParamsERKNS_12RuntimeShapeEPKhS6_S8_S6_PKlS6_PhS6_SB_Pv
                0x0000000008006f78      0x21e tensorflow_lite/tensorflow/lite/micro/kernels/conv.o
                0x0000000008006f78                tflite::reference_ops::Conv(tflite::ConvParams const&, tflite::RuntimeShape const&, unsigned char const*, tflite::RuntimeShape const&, unsigned char const*, tflite::RuntimeShape const&, long const*, tflite::RuntimeShape const&, unsigned char*, tflite::RuntimeShape const&, unsigned char*, void*)
 .text._ZN6tflite21reference_integer_ops14ConvPerChannelERKNS_10ConvParamsEPKlS5_RKNS_12RuntimeShapeEPKaS8_SA_S8_S5_S8_Pa
                0x0000000008007196      0x21c tensorflow_lite/tensorflow/lite/micro/kernels/conv.o
                0x0000000008007196                tflite::reference_integer_ops::ConvPerChannel(tflite::ConvParams const&, long const*, long const*, tflite::RuntimeShape const&, signed char const*, tflite::RuntimeShape const&, signed char const*, tflite::RuntimeShape const&, long const*, tflite::RuntimeShape const&, signed char*)
 .text._ZN6tflite14ComputeOutSizeE13TfLitePaddingiiii
                0x00000000080073b2       0x24 tensorflow_lite/tensorflow/lite/micro/kernels/conv.o
                0x00000000080073b2                tflite::ComputeOutSize(TfLitePadding, int, int, int, int)
 *fill*         0x00000000080073d6        0x2 
 .text._ZN6tflite3ops5micro4conv15CalculateOpDataEP13TfLiteContextP10TfLiteNodePK16TfLiteConvParamsiiiiii10TfLiteTypePNS2_6OpDataE
                0x00000000080073d8      0x154 tensorflow_lite/tensorflow/lite/micro/kernels/conv.o
                0x00000000080073d8                tflite::ops::micro::conv::CalculateOpData(TfLiteContext*, TfLiteNode*, TfLiteConvParams const*, int, int, int, int, int, int, TfLiteType, tflite::ops::micro::conv::OpData*)
 .text._ZN6tflite3ops5micro4conv7PrepareEP13TfLiteContextP10TfLiteNode
                0x000000000800752c      0x168 tensorflow_lite/tensorflow/lite/micro/kernels/conv.o
                0x000000000800752c                tflite::ops::micro::conv::Prepare(TfLiteContext*, TfLiteNode*)
 .text._ZN6tflite3ops5micro4conv13EvalQuantizedEP13TfLiteContextP10TfLiteNodeP16TfLiteConvParamsRKNS2_6OpDataEPK12TfLiteTensorSE_SE_PSC_SF_SF_
                0x0000000008007694       0xfc tensorflow_lite/tensorflow/lite/micro/kernels/conv.o
                0x0000000008007694                tflite::ops::micro::conv::EvalQuantized(TfLiteContext*, TfLiteNode*, TfLiteConvParams*, tflite::ops::micro::conv::OpData const&, TfLiteTensor const*, TfLiteTensor const*, TfLiteTensor const*, TfLiteTensor*, TfLiteTensor*, TfLiteTensor*)
 .text._ZN6tflite3ops5micro4conv23EvalQuantizedPerChannelEP13TfLiteContextP10TfLiteNodeP16TfLiteConvParamsRKNS2_6OpDataEPK12TfLiteTensorSE_SE_PSC_SF_
                0x0000000008007790       0xc2 tensorflow_lite/tensorflow/lite/micro/kernels/conv.o
                0x0000000008007790                tflite::ops::micro::conv::EvalQuantizedPerChannel(TfLiteContext*, TfLiteNode*, TfLiteConvParams*, tflite::ops::micro::conv::OpData const&, TfLiteTensor const*, TfLiteTensor const*, TfLiteTensor const*, TfLiteTensor*, TfLiteTensor*)
 *fill*         0x0000000008007852        0x2 
 .text._ZN6tflite3ops5micro4conv9EvalFloatEP13TfLiteContextP10TfLiteNodeP16TfLiteConvParamsRKNS2_6OpDataEPK12TfLiteTensorSE_SE_PSC_SF_SF_
                0x0000000008007854      0x120 tensorflow_lite/tensorflow/lite/micro/kernels/conv.o
                0x0000000008007854                tflite::ops::micro::conv::EvalFloat(TfLiteContext*, TfLiteNode*, TfLiteConvParams*, tflite::ops::micro::conv::OpData const&, TfLiteTensor const*, TfLiteTensor const*, TfLiteTensor const*, TfLiteTensor*, TfLiteTensor*, TfLiteTensor*)
 .text._ZN6tflite3ops5micro4conv4EvalEP13TfLiteContextP10TfLiteNode
                0x0000000008007974       0xc0 tensorflow_lite/tensorflow/lite/micro/kernels/conv.o
                0x0000000008007974                tflite::ops::micro::conv::Eval(TfLiteContext*, TfLiteNode*)
 .text._ZN6tflite3ops5micro16Register_CONV_2DEv
                0x0000000008007a34        0x8 tensorflow_lite/tensorflow/lite/micro/kernels/conv.o
                0x0000000008007a34                tflite::ops::micro::Register_CONV_2D()
 .text._ZN6tflite3ops5micro15fully_connected4InitEP13TfLiteContextPKcj
                0x0000000008007a3c       0x22 tensorflow_lite/tensorflow/lite/micro/kernels/fully_connected.o
                0x0000000008007a3c                tflite::ops::micro::fully_connected::Init(TfLiteContext*, char const*, unsigned int)
 *fill*         0x0000000008007a5e        0x2 
 .text._ZN6tflite3ops5micro15fully_connected7PrepareEP13TfLiteContextP10TfLiteNode
                0x0000000008007a60       0xec tensorflow_lite/tensorflow/lite/micro/kernels/fully_connected.o
                0x0000000008007a60                tflite::ops::micro::fully_connected::Prepare(TfLiteContext*, TfLiteNode*)
 .text._ZN6tflite15FlatSizeSkipDimERKNS_12RuntimeShapeEi
                0x0000000008007b4c       0x32 tensorflow_lite/tensorflow/lite/micro/kernels/fully_connected.o
                0x0000000008007b4c                tflite::FlatSizeSkipDim(tflite::RuntimeShape const&, int)
 .text._ZN6tflite13reference_ops14FullyConnectedERKNS_20FullyConnectedParamsERKNS_12RuntimeShapeEPKhS6_S8_S6_PKlS6_Ph
                0x0000000008007b7e       0xee tensorflow_lite/tensorflow/lite/micro/kernels/fully_connected.o
                0x0000000008007b7e                tflite::reference_ops::FullyConnected(tflite::FullyConnectedParams const&, tflite::RuntimeShape const&, unsigned char const*, tflite::RuntimeShape const&, unsigned char const*, tflite::RuntimeShape const&, long const*, tflite::RuntimeShape const&, unsigned char*)
 .text._ZN6tflite21reference_integer_ops14FullyConnectedERKNS_20FullyConnectedParamsERKNS_12RuntimeShapeEPKaS6_S8_S6_PKlS6_Pa
                0x0000000008007c6c       0xf2 tensorflow_lite/tensorflow/lite/micro/kernels/fully_connected.o
                0x0000000008007c6c                tflite::reference_integer_ops::FullyConnected(tflite::FullyConnectedParams const&, tflite::RuntimeShape const&, signed char const*, tflite::RuntimeShape const&, signed char const*, tflite::RuntimeShape const&, long const*, tflite::RuntimeShape const&, signed char*)
 *fill*         0x0000000008007d5e        0x2 
 .text._ZN6tflite3ops5micro15fully_connected9EvalFloatEP13TfLiteContextP10TfLiteNode21TfLiteFusedActivationPK12TfLiteTensorSA_SA_PS8_
                0x0000000008007d60      0x15c tensorflow_lite/tensorflow/lite/micro/kernels/fully_connected.o
                0x0000000008007d60                tflite::ops::micro::fully_connected::EvalFloat(TfLiteContext*, TfLiteNode*, TfLiteFusedActivation, TfLiteTensor const*, TfLiteTensor const*, TfLiteTensor const*, TfLiteTensor*)
 .text._ZN6tflite3ops5micro15fully_connected4EvalEP13TfLiteContextP10TfLiteNode
                0x0000000008007ebc      0x2ac tensorflow_lite/tensorflow/lite/micro/kernels/fully_connected.o
                0x0000000008007ebc                tflite::ops::micro::fully_connected::Eval(TfLiteContext*, TfLiteNode*)
 .text._ZN6tflite3ops5micro24Register_FULLY_CONNECTEDEv
                0x0000000008008168        0x8 tensorflow_lite/tensorflow/lite/micro/kernels/fully_connected.o
                0x0000000008008168                tflite::ops::micro::Register_FULLY_CONNECTED()
 .text._ZN8gemmlowp33SaturatingRoundingDoublingHighMulIlEET_S1_S1_
                0x0000000008008170       0x50 tensorflow_lite/tensorflow/lite/micro/kernels/l2norm.o
                0x0000000008008170                long gemmlowp::SaturatingRoundingDoublingHighMul<long>(long, long)
 .text._ZN6tflite23MatchingFlatSizeSkipDimERKNS_12RuntimeShapeEiS2_
                0x00000000080081c0       0x60 tensorflow_lite/tensorflow/lite/micro/kernels/l2norm.o
                0x00000000080081c0                tflite::MatchingFlatSizeSkipDim(tflite::RuntimeShape const&, int, tflite::RuntimeShape const&)
 .text._ZN8gemmlowp19RoundingDivideByPOTIlEET_S1_i
                0x0000000008008220       0x4c tensorflow_lite/tensorflow/lite/micro/kernels/l2norm.o
                0x0000000008008220                long gemmlowp::RoundingDivideByPOT<long>(long, int)
 .text._ZN8gemmlowp32one_over_one_plus_x_for_x_in_0_1IlEENS_10FixedPointIT_Li0EEES3_
                0x000000000800826c      0x130 tensorflow_lite/tensorflow/lite/micro/kernels/logistic.o
                0x000000000800826c                gemmlowp::FixedPoint<long, 0> gemmlowp::one_over_one_plus_x_for_x_in_0_1<long>(gemmlowp::FixedPoint<long, 0>)
 .text._ZN8gemmlowp26RescaleConstantInitializerINS_10FixedPointIlLi0EEEEENT_13ScalarRawTypeEl
                0x000000000800839c        0xa tensorflow_lite/tensorflow/lite/micro/kernels/logistic.o
                0x000000000800839c                gemmlowp::FixedPoint<long, 0>::ScalarRawType gemmlowp::RescaleConstantInitializer<gemmlowp::FixedPoint<long, 0> >(long)
 .text._ZN8gemmlowpmlIlLi0ELi0EEENS_10FixedPointIT_XplT0_T1_EEENS1_IS2_XT0_EEENS1_IS2_XT1_EEE
                0x00000000080083a6        0x8 tensorflow_lite/tensorflow/lite/micro/kernels/logistic.o
                0x00000000080083a6                gemmlowp::FixedPoint<long, (0)+(0)> gemmlowp::operator*<long, 0, 0>(gemmlowp::FixedPoint<long, 0>, gemmlowp::FixedPoint<long, 0>)
 *fill*         0x00000000080083ae        0x2 
 .text._ZN8gemmlowp55exp_on_interval_between_negative_one_quarter_and_0_exclIlEENS_10FixedPointIT_Li0EEES3_
                0x00000000080083b0       0x60 tensorflow_lite/tensorflow/lite/micro/kernels/logistic.o
                0x00000000080083b0                gemmlowp::FixedPoint<long, 0> gemmlowp::exp_on_interval_between_negative_one_quarter_and_0_excl<long>(gemmlowp::FixedPoint<long, 0>)
 .text._ZN6tflite13reference_ops7MaxPoolERKNS_10PoolParamsERKNS_12RuntimeShapeEPKfS6_Pf
                0x0000000008008410      0x1b4 tensorflow_lite/tensorflow/lite/micro/kernels/pooling.o
                0x0000000008008410                tflite::reference_ops::MaxPool(tflite::PoolParams const&, tflite::RuntimeShape const&, float const*, tflite::RuntimeShape const&, float*)
 .text._ZN6tflite13reference_ops7MaxPoolERKNS_10PoolParamsERKNS_12RuntimeShapeEPKhS6_Ph
                0x00000000080085c4      0x1a0 tensorflow_lite/tensorflow/lite/micro/kernels/pooling.o
                0x00000000080085c4                tflite::reference_ops::MaxPool(tflite::PoolParams const&, tflite::RuntimeShape const&, unsigned char const*, tflite::RuntimeShape const&, unsigned char*)
 .text._ZN6tflite21reference_integer_ops7MaxPoolERKNS_10PoolParamsERKNS_12RuntimeShapeEPKaS6_Pa
                0x0000000008008764      0x1a6 tensorflow_lite/tensorflow/lite/micro/kernels/pooling.o
                0x0000000008008764                tflite::reference_integer_ops::MaxPool(tflite::PoolParams const&, tflite::RuntimeShape const&, signed char const*, tflite::RuntimeShape const&, signed char*)
 .text._ZN6tflite3ops5micro7pooling12_GLOBAL__N_115CalculateOpDataEPK13TfLiteContextPK16TfLitePoolParamsPK12TfLiteTensorSC_PNS3_6OpDataE.isra.2
                0x000000000800890a       0x78 tensorflow_lite/tensorflow/lite/micro/kernels/pooling.o
 *fill*         0x0000000008008982        0x2 
 .text._ZN6tflite3ops5micro20Register_MAX_POOL_2DEv
                0x0000000008008984        0x8 tensorflow_lite/tensorflow/lite/micro/kernels/pooling.o
                0x0000000008008984                tflite::ops::micro::Register_MAX_POOL_2D()
 .text._ZN6tflite24CalculateActivationRangeIfEEv21TfLiteFusedActivationPT_S3_
                0x000000000800898c       0x3c tensorflow_lite/tensorflow/lite/micro/kernels/pooling.o
                0x000000000800898c                void tflite::CalculateActivationRange<float>(TfLiteFusedActivation, float*, float*)
 .text._ZN6tflite3ops5micro7pooling7MaxEvalEP13TfLiteContextP10TfLiteNode
                0x00000000080089c8      0x140 tensorflow_lite/tensorflow/lite/micro/kernels/pooling.o
                0x00000000080089c8                tflite::ops::micro::pooling::MaxEval(TfLiteContext*, TfLiteNode*)
 .text._ZN6tflite3ops5micro11activations14SoftmaxPrepareEP13TfLiteContextP10TfLiteNode
                0x0000000008008b08       0x8c tensorflow_lite/tensorflow/lite/micro/kernels/softmax.o
                0x0000000008008b08                tflite::ops::micro::activations::SoftmaxPrepare(TfLiteContext*, TfLiteNode*)
 .text._ZN6tflite13reference_ops7SoftmaxERKNS_13SoftmaxParamsERKNS_12RuntimeShapeEPKfS6_Pf
                0x0000000008008b94      0x10c tensorflow_lite/tensorflow/lite/micro/kernels/softmax.o
                0x0000000008008b94                tflite::reference_ops::Softmax(tflite::SoftmaxParams const&, tflite::RuntimeShape const&, float const*, tflite::RuntimeShape const&, float*)
 .text._ZN6tflite3ops5micro11activations12SoftmaxFloatEPK12TfLiteTensorPS3_RKNS_13SoftmaxParamsE
                0x0000000008008ca0       0x40 tensorflow_lite/tensorflow/lite/micro/kernels/softmax.o
                0x0000000008008ca0                tflite::ops::micro::activations::SoftmaxFloat(TfLiteTensor const*, TfLiteTensor*, tflite::SoftmaxParams const&)
 .text._ZN6tflite3ops5micro16Register_SOFTMAXEv
                0x0000000008008ce0        0x8 tensorflow_lite/tensorflow/lite/micro/kernels/softmax.o
                0x0000000008008ce0                tflite::ops::micro::Register_SOFTMAX()
 .text._ZN6tflite13GetReciprocalEliPi
                0x0000000008008ce8       0x16 tensorflow_lite/tensorflow/lite/micro/kernels/softmax.o
                0x0000000008008ce8                tflite::GetReciprocal(long, int, int*)
 *fill*         0x0000000008008cfe        0x2 
 .text._ZN8gemmlowp22exp_on_negative_valuesIlLi5EEENS_10FixedPointIT_Li0EEENS1_IS2_XT0_EEE
                0x0000000008008d00      0x134 tensorflow_lite/tensorflow/lite/micro/kernels/softmax.o
                0x0000000008008d00                gemmlowp::FixedPoint<long, 0> gemmlowp::exp_on_negative_values<long, 5>(gemmlowp::FixedPoint<long, 5>)
 .text._ZN6tflite13reference_ops7SoftmaxIhhEEvRKNS_13SoftmaxParamsERKNS_12RuntimeShapeEPKT_S7_PT0_
                0x0000000008008e34      0x120 tensorflow_lite/tensorflow/lite/micro/kernels/softmax.o
                0x0000000008008e34                void tflite::reference_ops::Softmax<unsigned char, unsigned char>(tflite::SoftmaxParams const&, tflite::RuntimeShape const&, unsigned char const*, tflite::RuntimeShape const&, unsigned char*)
 .text._ZN6tflite13reference_ops7SoftmaxIasEEvRKNS_13SoftmaxParamsERKNS_12RuntimeShapeEPKT_S7_PT0_
                0x0000000008008f54      0x140 tensorflow_lite/tensorflow/lite/micro/kernels/softmax.o
                0x0000000008008f54                void tflite::reference_ops::Softmax<signed char, short>(tflite::SoftmaxParams const&, tflite::RuntimeShape const&, signed char const*, tflite::RuntimeShape const&, short*)
 .text._ZN6tflite13reference_ops7SoftmaxIaaEEvRKNS_13SoftmaxParamsERKNS_12RuntimeShapeEPKT_S7_PT0_
                0x0000000008009094      0x126 tensorflow_lite/tensorflow/lite/micro/kernels/softmax.o
                0x0000000008009094                void tflite::reference_ops::Softmax<signed char, signed char>(tflite::SoftmaxParams const&, tflite::RuntimeShape const&, signed char const*, tflite::RuntimeShape const&, signed char*)
 .text._ZN6tflite3ops5micro11activations16SoftmaxQuantizedEPK12TfLiteTensorPS3_RKNS_13SoftmaxParamsE
                0x00000000080091ba       0x8e tensorflow_lite/tensorflow/lite/micro/kernels/softmax.o
                0x00000000080091ba                tflite::ops::micro::activations::SoftmaxQuantized(TfLiteTensor const*, TfLiteTensor*, tflite::SoftmaxParams const&)
 .text._ZN6tflite3ops5micro11activations11SoftmaxEvalEP13TfLiteContextP10TfLiteNode
                0x0000000008009248      0x228 tensorflow_lite/tensorflow/lite/micro/kernels/softmax.o
                0x0000000008009248                tflite::ops::micro::activations::SoftmaxEval(TfLiteContext*, TfLiteNode*)
 .text._ZN6tflite19GreedyMemoryPlannerD2Ev
                0x0000000008009470        0x2 tensorflow_lite/tensorflow/lite/micro/memory_planner/greedy_memory_planner.o
                0x0000000008009470                tflite::GreedyMemoryPlanner::~GreedyMemoryPlanner()
                0x0000000008009470                tflite::GreedyMemoryPlanner::~GreedyMemoryPlanner()
 .text._ZN6tflite19GreedyMemoryPlanner14GetBufferCountEv
                0x0000000008009472        0x4 tensorflow_lite/tensorflow/lite/micro/memory_planner/greedy_memory_planner.o
                0x0000000008009472                tflite::GreedyMemoryPlanner::GetBufferCount()
 .text._ZN6tflite19GreedyMemoryPlannerD0Ev
                0x0000000008009476        0xe tensorflow_lite/tensorflow/lite/micro/memory_planner/greedy_memory_planner.o
                0x0000000008009476                tflite::GreedyMemoryPlanner::~GreedyMemoryPlanner()
 .text._ZN6tflite19GreedyMemoryPlanner9AddBufferEPNS_13ErrorReporterEiii
                0x0000000008009484       0x3c tensorflow_lite/tensorflow/lite/micro/memory_planner/greedy_memory_planner.o
                0x0000000008009484                tflite::GreedyMemoryPlanner::AddBuffer(tflite::ErrorReporter*, int, int, int)
 .text._ZN6tflite18ReverseSortInPlaceEPiS0_i
                0x00000000080094c0       0x3c tensorflow_lite/tensorflow/lite/micro/memory_planner/greedy_memory_planner.o
                0x00000000080094c0                tflite::ReverseSortInPlace(int*, int*, int)
 .text._ZN6tflite19GreedyMemoryPlannerC2EPhi
                0x00000000080094fc       0x38 tensorflow_lite/tensorflow/lite/micro/memory_planner/greedy_memory_planner.o
                0x00000000080094fc                tflite::GreedyMemoryPlanner::GreedyMemoryPlanner(unsigned char*, int)
                0x00000000080094fc                tflite::GreedyMemoryPlanner::GreedyMemoryPlanner(unsigned char*, int)
 .text._ZNK6tflite19GreedyMemoryPlanner22DoesEntryOverlapInTimeEPKNS0_9ListEntryEii
                0x0000000008009534       0x22 tensorflow_lite/tensorflow/lite/micro/memory_planner/greedy_memory_planner.o
                0x0000000008009534                tflite::GreedyMemoryPlanner::DoesEntryOverlapInTime(tflite::GreedyMemoryPlanner::ListEntry const*, int, int) const
 .text._ZN6tflite19GreedyMemoryPlanner30NextSimultaneouslyActiveBufferEPKNS0_9ListEntryEii
                0x0000000008009556       0x4a tensorflow_lite/tensorflow/lite/micro/memory_planner/greedy_memory_planner.o
                0x0000000008009556                tflite::GreedyMemoryPlanner::NextSimultaneouslyActiveBuffer(tflite::GreedyMemoryPlanner::ListEntry const*, int, int)
 .text._ZN6tflite19GreedyMemoryPlanner24CalculateOffsetsIfNeededEv
                0x00000000080095a0      0x12e tensorflow_lite/tensorflow/lite/micro/memory_planner/greedy_memory_planner.o
                0x00000000080095a0                tflite::GreedyMemoryPlanner::CalculateOffsetsIfNeeded()
 .text._ZN6tflite19GreedyMemoryPlanner20GetMaximumMemorySizeEv
                0x00000000080096ce       0x36 tensorflow_lite/tensorflow/lite/micro/memory_planner/greedy_memory_planner.o
                0x00000000080096ce                tflite::GreedyMemoryPlanner::GetMaximumMemorySize()
 .text._ZN6tflite19GreedyMemoryPlanner18GetOffsetForBufferEPNS_13ErrorReporterEiPi
                0x0000000008009704       0x38 tensorflow_lite/tensorflow/lite/micro/memory_planner/greedy_memory_planner.o
                0x0000000008009704                tflite::GreedyMemoryPlanner::GetOffsetForBuffer(tflite::ErrorReporter*, int, int*)
 .text._ZdaPv   0x000000000800973c        0x4 c:/st/stm32cubeide_1.4.0/stm32cubeide/plugins/com.st.stm32cube.ide.mcu.externaltools.gnu-tools-for-stm32.7-2018-q2-update.win32_1.4.0.202007081208/tools/bin/../lib/gcc/arm-none-eabi/7.3.1/../../../../arm-none-eabi/lib/thumb/v8-m.main/fpv5-sp/hard\libstdc++_nano.a(del_opv.o)
                0x000000000800973c                operator delete[](void*)
 .text._Znaj    0x0000000008009740        0x4 c:/st/stm32cubeide_1.4.0/stm32cubeide/plugins/com.st.stm32cube.ide.mcu.externaltools.gnu-tools-for-stm32.7-2018-q2-update.win32_1.4.0.202007081208/tools/bin/../lib/gcc/arm-none-eabi/7.3.1/../../../../arm-none-eabi/lib/thumb/v8-m.main/fpv5-sp/hard\libstdc++_nano.a(new_opv.o)
                0x0000000008009740                operator new[](unsigned int)
 .text._ZdlPvj  0x0000000008009744        0x4 c:/st/stm32cubeide_1.4.0/stm32cubeide/plugins/com.st.stm32cube.ide.mcu.externaltools.gnu-tools-for-stm32.7-2018-q2-update.win32_1.4.0.202007081208/tools/bin/../lib/gcc/arm-none-eabi/7.3.1/../../../../arm-none-eabi/lib/thumb/v8-m.main/fpv5-sp/hard\libstdc++_nano.a(del_ops.o)
                0x0000000008009744                operator delete(void*, unsigned int)
 .text._Znwj    0x0000000008009748       0x22 c:/st/stm32cubeide_1.4.0/stm32cubeide/plugins/com.st.stm32cube.ide.mcu.externaltools.gnu-tools-for-stm32.7-2018-q2-update.win32_1.4.0.202007081208/tools/bin/../lib/gcc/arm-none-eabi/7.3.1/../../../../arm-none-eabi/lib/thumb/v8-m.main/fpv5-sp/hard\libstdc++_nano.a(new_op.o)
                0x0000000008009748                operator new(unsigned int)
 *fill*         0x000000000800976a        0x2 
 .text._ZSt15get_new_handlerv
                0x000000000800976c        0xc c:/st/stm32cubeide_1.4.0/stm32cubeide/plugins/com.st.stm32cube.ide.mcu.externaltools.gnu-tools-for-stm32.7-2018-q2-update.win32_1.4.0.202007081208/tools/bin/../lib/gcc/arm-none-eabi/7.3.1/../../../../arm-none-eabi/lib/thumb/v8-m.main/fpv5-sp/hard\libstdc++_nano.a(new_handler.o)
                0x000000000800976c                std::get_new_handler()
 .text._ZdlPv   0x0000000008009778        0x4 c:/st/stm32cubeide_1.4.0/stm32cubeide/plugins/com.st.stm32cube.ide.mcu.externaltools.gnu-tools-for-stm32.7-2018-q2-update.win32_1.4.0.202007081208/tools/bin/../lib/gcc/arm-none-eabi/7.3.1/../../../../arm-none-eabi/lib/thumb/v8-m.main/fpv5-sp/hard\libstdc++_nano.a(del_op.o)
                0x0000000008009778                operator delete(void*)
 *fill*         0x000000000800977c        0x4 
 .text.floor    0x0000000008009780      0x108 c:/st/stm32cubeide_1.4.0/stm32cubeide/plugins/com.st.stm32cube.ide.mcu.externaltools.gnu-tools-for-stm32.7-2018-q2-update.win32_1.4.0.202007081208/tools/bin/../lib/gcc/arm-none-eabi/7.3.1/../../../../arm-none-eabi/lib/thumb/v8-m.main/fpv5-sp/hard\libm.a(lib_a-s_floor.o)
                0x0000000008009780                floor
 .text.frexp    0x0000000008009888       0x6c c:/st/stm32cubeide_1.4.0/stm32cubeide/plugins/com.st.stm32cube.ide.mcu.externaltools.gnu-tools-for-stm32.7-2018-q2-update.win32_1.4.0.202007081208/tools/bin/../lib/gcc/arm-none-eabi/7.3.1/../../../../arm-none-eabi/lib/thumb/v8-m.main/fpv5-sp/hard\libm.a(lib_a-s_frexp.o)
                0x0000000008009888                frexp
 .text.round    0x00000000080098f4       0x94 c:/st/stm32cubeide_1.4.0/stm32cubeide/plugins/com.st.stm32cube.ide.mcu.externaltools.gnu-tools-for-stm32.7-2018-q2-update.win32_1.4.0.202007081208/tools/bin/../lib/gcc/arm-none-eabi/7.3.1/../../../../arm-none-eabi/lib/thumb/v8-m.main/fpv5-sp/hard\libm.a(lib_a-s_round.o)
                0x00000000080098f4                round
 .text.expf     0x0000000008009988       0xf4 c:/st/stm32cubeide_1.4.0/stm32cubeide/plugins/com.st.stm32cube.ide.mcu.externaltools.gnu-tools-for-stm32.7-2018-q2-update.win32_1.4.0.202007081208/tools/bin/../lib/gcc/arm-none-eabi/7.3.1/../../../../arm-none-eabi/lib/thumb/v8-m.main/fpv5-sp/hard\libm.a(lib_a-wf_exp.o)
                0x0000000008009988                expf
 .text.__ieee754_expf
                0x0000000008009a7c      0x1a4 c:/st/stm32cubeide_1.4.0/stm32cubeide/plugins/com.st.stm32cube.ide.mcu.externaltools.gnu-tools-for-stm32.7-2018-q2-update.win32_1.4.0.202007081208/tools/bin/../lib/gcc/arm-none-eabi/7.3.1/../../../../arm-none-eabi/lib/thumb/v8-m.main/fpv5-sp/hard\libm.a(lib_a-ef_exp.o)
                0x0000000008009a7c                __ieee754_expf
 .text.matherr  0x0000000008009c20        0x4 c:/st/stm32cubeide_1.4.0/stm32cubeide/plugins/com.st.stm32cube.ide.mcu.externaltools.gnu-tools-for-stm32.7-2018-q2-update.win32_1.4.0.202007081208/tools/bin/../lib/gcc/arm-none-eabi/7.3.1/../../../../arm-none-eabi/lib/thumb/v8-m.main/fpv5-sp/hard\libm.a(lib_a-s_matherr.o)
                0x0000000008009c20                matherr