micro_op_resolver.h:76:29:virtual const TfLiteRegistration* tflite::MicroOpResolver::FindOp(tflite::BuiltinOperator, int) const	0	static
micro_op_resolver.h:83:29:virtual const TfLiteRegistration* tflite::MicroOpResolver::FindOp(const char*, int) const	0	static
micro_mutable_op_resolver.h:35:29:const TfLiteRegistration* tflite::MicroMutableOpResolver<tOpCount>::FindOp(tflite::BuiltinOperator) const [with unsigned int tOpCount = 128]	12	static
all_ops_resolver.h:25:7:tflite::AllOpsResolver::~AllOpsResolver()	0	static
micro_mutable_op_resolver.h:58:41:TfLiteStatus (* tflite::MicroMutableOpResolver<tOpCount>::GetOpDataParser(tflite::BuiltinOperator) const)(const tflite::Operator*, tflite::BuiltinOperator, tflite::ErrorReporter*, tflite::BuiltinDataAllocator*, void**) [with unsigned int tOpCount = 128]	0	static
micro_mutable_op_resolver.h:47:29:const TfLiteRegistration* tflite::MicroMutableOpResolver<tOpCount>::FindOp(const char*) const [with unsigned int tOpCount = 128]	24	static
all_ops_resolver.h:25:7:virtual tflite::AllOpsResolver::~AllOpsResolver()	8	static
micro_mutable_op_resolver.h:94:16:TfLiteStatus tflite::MicroMutableOpResolver<tOpCount>::AddCustom(const char*, TfLiteRegistration*) [with unsigned int tOpCount = 128]	24	static
micro_mutable_op_resolver.h:64:16:TfLiteStatus tflite::MicroMutableOpResolver<tOpCount>::AddBuiltin(tflite::BuiltinOperator, TfLiteRegistration*) [with unsigned int tOpCount = 128]	24	static
all_ops_resolver.cc:19:1:tflite::AllOpsResolver::AllOpsResolver()	16	static
