micro_interpreter.cc:44:14:static TfLiteStatus tflite::internal::ContextHelper::AllocatePersistentBuffer(TfLiteContext*, size_t, void**)	0	static
micro_interpreter.cc:50:14:static TfLiteStatus tflite::internal::ContextHelper::RequestScratchBufferInArena(TfLiteContext*, size_t, int*)	0	static
micro_interpreter.cc:58:7:static void* tflite::internal::ContextHelper::GetScratchBuffer(TfLiteContext*, int)	0	static
micro_interpreter.cc:63:6:)	12	static
flatbuffers.h:2424:13:flatbuffers::voffset_t flatbuffers::Table::GetOptionalFieldOffset(flatbuffers::voffset_t) const	0	static
micro_interpreter.cc:74:1:tflite::MicroInterpreter::MicroInterpreter(const tflite::Model*, const tflite::MicroOpResolver&, uint8_t*, size_t, tflite::ErrorReporter*)	40	static
micro_interpreter.cc:131:6:void tflite::MicroInterpreter::CorrectTensorEndianness(TfLiteTensor*)	0	static
micro_interpreter.cc:285:15:TfLiteTensor* tflite::MicroInterpreter::tensor(size_t)	8	static
micro_interpreter.cc:296:14:TfLiteStatus tflite::MicroInterpreter::ResetVariableTensors()	24	static
flatbuffers.h:256:15:flatbuffers::Vector<T>::return_type flatbuffers::Vector<T>::Get(flatbuffers::uoffset_t) const [with T = long int]	8	static
flatbuffers.h:2439:26:P flatbuffers::Table::GetPointer(flatbuffers::voffset_t) [with P = const flatbuffers::Vector<long int>*]	8	static
micro_interpreter.cc:263:15:TfLiteTensor* tflite::MicroInterpreter::input(size_t)	16	static
micro_interpreter.cc:274:15:TfLiteTensor* tflite::MicroInterpreter::output(size_t)	16	static
flatbuffers.h:2439:26:P flatbuffers::Table::GetPointer(flatbuffers::voffset_t) [with P = const flatbuffers::Vector<flatbuffers::Offset<tflite::Operator> >*]	8	static
micro_interpreter.cc:116:1:tflite::MicroInterpreter::~MicroInterpreter()	24	static
micro_interpreter.cc:168:14:TfLiteStatus tflite::MicroInterpreter::AllocateTensors()	40	static
micro_interpreter.cc:230:14:TfLiteStatus tflite::MicroInterpreter::Invoke()	32	static
