micro_allocator.cc:66:9:virtual void* tflite::{anonymous}::MicroBuiltinDataAllocator::Allocate(size_t, size_t)	0	static
micro_allocator.cc:69:8:virtual void tflite::{anonymous}::MicroBuiltinDataAllocator::Deallocate(void*)	0	static
micro_allocator.cc:61:7:tflite::{anonymous}::MicroBuiltinDataAllocator::~MicroBuiltinDataAllocator()	0	static
micro_allocator.cc:61:7:virtual tflite::{anonymous}::MicroBuiltinDataAllocator::~MicroBuiltinDataAllocator()	8	static
flatbuffers.h:2424:13:flatbuffers::voffset_t flatbuffers::Table::GetOptionalFieldOffset(flatbuffers::voffset_t) const	0	static
schema_generated.h:2990:37:const flatbuffers::Vector<float>* tflite::QuantizationParameters::scale() const	8	static
schema_generated.h:2993:39:const flatbuffers::Vector<long long int>* tflite::QuantizationParameters::zero_point() const	8	static
schema_generated.h:3599:8:bool tflite::Tensor::is_variable() const	8	static
schema_generated.h:10306:67:const flatbuffers::Vector<flatbuffers::Offset<tflite::Tensor> >* tflite::SubGraph::tensors() const	8	static
micro_allocator.cc:518:14:TfLiteStatus tflite::MicroAllocator::AllocatePersistentBuffer(size_t, void**)	16	static
micro_allocator.cc:531:14:TfLiteStatus tflite::MicroAllocator::RequestScratchBufferInArena(int, size_t, int*)	24	static
micro_allocator.cc:568:7:void* tflite::MicroAllocator::GetScratchBuffer(int) const	8	static
micro_allocator.cc:579:8:size_t tflite::MicroAllocator::used_bytes() const	16	static
micro_allocator.cc:607:14:TfLiteStatus tflite::MicroAllocator::AllocateTfLiteTensorArray()	16	static
flatbuffers.h:256:15:flatbuffers::Vector<T>::return_type flatbuffers::Vector<T>::Get(flatbuffers::uoffset_t) const [with T = float]	8	static
flatbuffers.h:256:15:flatbuffers::Vector<T>::return_type flatbuffers::Vector<T>::Get(flatbuffers::uoffset_t) const [with T = long long int]	8	static
flatbuffers.h:256:15:flatbuffers::Vector<T>::return_type flatbuffers::Vector<T>::Get(flatbuffers::uoffset_t) const [with T = long int]	8	static
flatbuffers.h:256:15:flatbuffers::Vector<T>::return_type flatbuffers::Vector<T>::Get(flatbuffers::uoffset_t) const [with T = flatbuffers::Offset<tflite::Tensor>]	8	static
flatbuffers.h:256:15:flatbuffers::Vector<T>::return_type flatbuffers::Vector<T>::Get(flatbuffers::uoffset_t) const [with T = flatbuffers::Offset<tflite::Operator>]	8	static
flatbuffers.h:2439:26:P flatbuffers::Table::GetPointer(flatbuffers::voffset_t) [with P = const flatbuffers::Vector<unsigned char>*]	8	static
flatbuffers.h:2439:26:P flatbuffers::Table::GetPointer(flatbuffers::voffset_t) [with P = const flatbuffers::Vector<long int>*]	8	static
micro_allocator.cc:273:14:TfLiteStatus tflite::internal::InitializeTfLiteTensorFromFlatbuffer(tflite::SimpleMemoryAllocator*, const tflite::Tensor&, const flatbuffers::Vector<flatbuffers::Offset<tflite::Buffer> >*, tflite::ErrorReporter*, TfLiteTensor*)	48	static
micro_allocator.cc:623:14:TfLiteStatus tflite::MicroAllocator::PopulateTfLiteTensorArrayFromFlatbuffer()	32	static
micro_allocator.cc:592:14:TfLiteStatus tflite::MicroAllocator::InitGraphAndContextTensorData()	16	static
micro_allocator.cc:404:1:tflite::MicroAllocator::MicroAllocator(TfLiteContext*, const tflite::Model*, uint8_t*, size_t, tflite::ErrorReporter*)	24	static
flatbuffers.h:2439:26:P flatbuffers::Table::GetPointer(flatbuffers::voffset_t) [with P = const flatbuffers::Vector<flatbuffers::Offset<tflite::Operator> >*]	8	static
micro_allocator.cc:654:14:TfLiteStatus tflite::MicroAllocator::PrepareNodeAndRegistrationDataFromFlatbuffer(const tflite::MicroOpResolver&, tflite::NodeAndRegistration*)	72	static
micro_allocator.cc:638:14:TfLiteStatus tflite::MicroAllocator::AllocateNodeAndRegistrations(tflite::NodeAndRegistration**)	16	static
micro_allocator.cc:436:14:TfLiteStatus tflite::MicroAllocator::InitializeFromFlatbuffer(const tflite::MicroOpResolver&, tflite::NodeAndRegistration**)	16	static
micro_allocator.cc:448:14:TfLiteStatus tflite::MicroAllocator::FinishTensorAllocation()	136	static
