stm32l5xx_hal_uart.c:3522:13:UART_EndRxTransfer	0	static
stm32l5xx_hal_uart.c:3956:13:UART_TxISR_16BIT	0	static
stm32l5xx_hal_uart.c:4028:13:UART_TxISR_16BIT_FIFOEN	8	static
stm32l5xx_hal_uart.c:3927:13:UART_TxISR_8BIT	0	static
stm32l5xx_hal_uart.c:3988:13:UART_TxISR_8BIT_FIFOEN	8	static
stm32l5xx_hal_uart.c:664:13:HAL_UART_MspInit	0	static
stm32l5xx_hal_uart.c:679:13:HAL_UART_MspDeInit	0	static
stm32l5xx_hal_uart.c:618:19:HAL_UART_DeInit	16	static
stm32l5xx_hal_uart.c:1284:19:HAL_UART_Transmit_IT	0	static
stm32l5xx_hal_uart.c:1391:19:HAL_UART_Transmit_DMA	24	static
stm32l5xx_hal_uart.c:1495:19:HAL_UART_DMAPause	8	static
stm32l5xx_hal_uart.c:1529:19:HAL_UART_DMAResume	0	static
stm32l5xx_hal_uart.c:1561:19:HAL_UART_DMAStop	16	static
stm32l5xx_hal_uart.c:1636:19:HAL_UART_Abort	8	static
stm32l5xx_hal_uart.c:1736:19:HAL_UART_AbortTransmit	8	static
stm32l5xx_hal_uart.c:1794:19:HAL_UART_AbortReceive	8	static
stm32l5xx_hal_uart.c:2513:13:HAL_UART_TxCpltCallback	0	static
stm32l5xx_hal_uart.c:3548:13:UART_DMATransmitCplt	8	static
stm32l5xx_hal_uart.c:2528:13:HAL_UART_TxHalfCpltCallback	0	static
stm32l5xx_hal_uart.c:3582:13:UART_DMATxHalfCplt	8	static
stm32l5xx_hal_uart.c:2543:13:HAL_UART_RxCpltCallback	0	static
stm32l5xx_hal_uart.c:2558:13:HAL_UART_RxHalfCpltCallback	0	static
stm32l5xx_hal_uart.c:2573:13:HAL_UART_ErrorCallback	0	static
stm32l5xx_hal_uart.c:3691:13:UART_DMAError	8	static
stm32l5xx_hal_uart.c:3731:13:UART_DMAAbortOnError	8	static
stm32l5xx_hal_uart.c:2588:13:HAL_UART_AbortCpltCallback	0	static
stm32l5xx_hal_uart.c:1861:19:HAL_UART_Abort_IT	8	static
stm32l5xx_hal_uart.c:3809:13:UART_DMARxAbortCallback	8	static
stm32l5xx_hal_uart.c:3754:13:UART_DMATxAbortCallback	8	static
stm32l5xx_hal_uart.c:2603:13:HAL_UART_AbortTransmitCpltCallback	0	static
stm32l5xx_hal_uart.c:2012:19:HAL_UART_AbortTransmit_IT	8	static
stm32l5xx_hal_uart.c:3861:13:UART_DMATxOnlyAbortCallback	8	static
stm32l5xx_hal_uart.c:2618:13:HAL_UART_AbortReceiveCpltCallback	0	static
stm32l5xx_hal_uart.c:2102:19:HAL_UART_AbortReceive_IT	8	static
stm32l5xx_hal_uart.c:3894:13:UART_DMARxOnlyAbortCallback	8	static
stm32l5xx_hal_uart.c:2635:13:HAL_UARTEx_RxEventCallback	0	static
stm32l5xx_hal_uart.c:2194:6:HAL_UART_IRQHandler	16	static
stm32l5xx_hal_uart.c:4094:13:UART_RxISR_8BIT	8	static
stm32l5xx_hal_uart.c:4164:13:UART_RxISR_16BIT	8	static
stm32l5xx_hal_uart.c:4236:13:UART_RxISR_8BIT_FIFOEN	40	static
stm32l5xx_hal_uart.c:4376:13:UART_RxISR_16BIT_FIFOEN	40	static
stm32l5xx_hal_uart.c:3657:13:UART_DMARxHalfCplt	8	static
stm32l5xx_hal_uart.c:3600:13:UART_DMAReceiveCplt	8	static
stm32l5xx_hal_uart.c:2683:6:HAL_UART_ReceiverTimeout_Config	0	static
stm32l5xx_hal_uart.c:2698:19:HAL_UART_EnableReceiverTimeout	0	static
stm32l5xx_hal_uart.c:2736:19:HAL_UART_DisableReceiverTimeout	0	static
stm32l5xx_hal_uart.c:2814:6:HAL_MultiProcessor_EnterMuteMode	0	static
stm32l5xx_hal_uart.c:2824:19:HAL_HalfDuplex_EnableTransmitter	0	static
stm32l5xx_hal_uart.c:2847:19:HAL_HalfDuplex_EnableReceiver	0	static
stm32l5xx_hal_uart.c:2871:19:HAL_LIN_SendBreak	0	static
stm32l5xx_hal_uart.c:2916:23:HAL_UART_GetState	0	static
stm32l5xx_hal_uart.c:2932:10:HAL_UART_GetError	0	static
stm32l5xx_hal_uart.c:2978:19:UART_SetConfig	24	static
stm32l5xx_hal_uart.c:3198:6:UART_AdvFeatureConfig	8	static
stm32l5xx_hal_uart.c:3323:19:UART_WaitOnFlagUntilTimeout	24	static
stm32l5xx_hal_uart.c:1109:19:HAL_UART_Transmit	40	static
stm32l5xx_hal_uart.c:1198:19:HAL_UART_Receive	40	static
stm32l5xx_hal_uart.c:3272:19:UART_CheckIdleState	24	static
stm32l5xx_hal_uart.c:301:19:HAL_UART_Init	8	static
stm32l5xx_hal_uart.c:374:19:HAL_HalfDuplex_Init	8	static
stm32l5xx_hal_uart.c:447:19:HAL_LIN_Init	16	static
stm32l5xx_hal_uart.c:544:19:HAL_MultiProcessor_Init	16	static
stm32l5xx_hal_uart.c:2774:19:HAL_MultiProcessor_EnableMuteMode	0	static
stm32l5xx_hal_uart.c:2794:19:HAL_MultiProcessor_DisableMuteMode	0	static
stm32l5xx_hal_uart.c:3383:19:UART_Start_Receive_IT	8	static
stm32l5xx_hal_uart.c:1358:19:HAL_UART_Receive_IT	12	static
stm32l5xx_hal_uart.c:3449:19:UART_Start_Receive_DMA	16	static
stm32l5xx_hal_uart.c:1467:19:HAL_UART_Receive_DMA	12	static
