stm32l5xx_hal_tim_ex.c:2731:13:TIM_CCxNChannelCmd	8	static
stm32l5xx_hal_tim_ex.c:2686:6:TIM_DMAErrorCCxN	8	static
stm32l5xx_hal_tim_ex.c:2627:13:TIM_DMADelayPulseNCplt	8	static
stm32l5xx_hal_tim_ex.c:293:13:HAL_TIMEx_HallSensor_MspInit	0	static
stm32l5xx_hal_tim_ex.c:147:19:HAL_TIMEx_HallSensor_Init	48	static
stm32l5xx_hal_tim_ex.c:308:13:HAL_TIMEx_HallSensor_MspDeInit	0	static
stm32l5xx_hal_tim_ex.c:248:19:HAL_TIMEx_HallSensor_DeInit	8	static
stm32l5xx_hal_tim_ex.c:323:19:HAL_TIMEx_HallSensor_Start	16	static
stm32l5xx_hal_tim_ex.c:376:19:HAL_TIMEx_HallSensor_Stop	8	static
stm32l5xx_hal_tim_ex.c:403:19:HAL_TIMEx_HallSensor_Start_IT	16	static
stm32l5xx_hal_tim_ex.c:459:19:HAL_TIMEx_HallSensor_Stop_IT	8	static
stm32l5xx_hal_tim_ex.c:491:19:HAL_TIMEx_HallSensor_Start_DMA	16	static
stm32l5xx_hal_tim_ex.c:565:19:HAL_TIMEx_HallSensor_Stop_DMA	8	static
stm32l5xx_hal_tim_ex.c:626:19:HAL_TIMEx_OCN_Start	8	static
stm32l5xx_hal_tim_ex.c:677:19:HAL_TIMEx_OCN_Stop	16	static
stm32l5xx_hal_tim_ex.c:709:19:HAL_TIMEx_OCN_Start_IT	8	static
stm32l5xx_hal_tim_ex.c:791:19:HAL_TIMEx_OCN_Stop_IT	16	static
stm32l5xx_hal_tim_ex.c:860:19:HAL_TIMEx_OCN_Start_DMA	16	static
stm32l5xx_hal_tim_ex.c:986:19:HAL_TIMEx_OCN_Stop_DMA	16	static
stm32l5xx_hal_tim_ex.c:1081:19:HAL_TIMEx_PWMN_Start	0	static
stm32l5xx_hal_tim_ex.c:1131:19:HAL_TIMEx_PWMN_Stop	0	static
stm32l5xx_hal_tim_ex.c:1163:19:HAL_TIMEx_PWMN_Start_IT	0	static
stm32l5xx_hal_tim_ex.c:1244:19:HAL_TIMEx_PWMN_Stop_IT	0	static
stm32l5xx_hal_tim_ex.c:1314:19:HAL_TIMEx_PWMN_Start_DMA	0	static
stm32l5xx_hal_tim_ex.c:1440:19:HAL_TIMEx_PWMN_Stop_DMA	0	static
stm32l5xx_hal_tim_ex.c:1523:19:HAL_TIMEx_OnePulseN_Start	16	static
stm32l5xx_hal_tim_ex.c:1564:19:HAL_TIMEx_OnePulseN_Stop	16	static
stm32l5xx_hal_tim_ex.c:1599:19:HAL_TIMEx_OnePulseN_Start_IT	16	static
stm32l5xx_hal_tim_ex.c:1646:19:HAL_TIMEx_OnePulseN_Stop_IT	16	static
stm32l5xx_hal_tim_ex.c:1724:19:HAL_TIMEx_ConfigCommutEvent	8	static
stm32l5xx_hal_tim_ex.c:1780:19:HAL_TIMEx_ConfigCommutEvent_IT	8	static
stm32l5xx_hal_tim_ex.c:1837:19:HAL_TIMEx_ConfigCommutEvent_DMA	8	static
stm32l5xx_hal_tim_ex.c:1886:19:HAL_TIMEx_MasterConfigSynchronization	16	static
stm32l5xx_hal_tim_ex.c:1959:19:HAL_TIMEx_ConfigBreakDeadTime	12	static
stm32l5xx_hal_tim_ex.c:2041:19:HAL_TIMEx_ConfigBreakInput	20	static
stm32l5xx_hal_tim_ex.c:2249:19:HAL_TIMEx_RemapConfig	8	static
stm32l5xx_hal_tim_ex.c:2293:19:HAL_TIMEx_GroupChannel5	0	static
stm32l5xx_hal_tim_ex.c:2331:19:HAL_TIMEx_DisarmBreakInput	0	static
stm32l5xx_hal_tim_ex.c:2384:19:HAL_TIMEx_ReArmBreakInput	16	static
stm32l5xx_hal_tim_ex.c:2467:13:HAL_TIMEx_CommutCallback	0	static
stm32l5xx_hal_tim_ex.c:2588:6:TIMEx_DMACommutationCplt	8	static
stm32l5xx_hal_tim_ex.c:2481:13:HAL_TIMEx_CommutHalfCpltCallback	0	static
stm32l5xx_hal_tim_ex.c:2607:6:TIMEx_DMACommutationHalfCplt	8	static
stm32l5xx_hal_tim_ex.c:2496:13:HAL_TIMEx_BreakCallback	0	static
stm32l5xx_hal_tim_ex.c:2511:13:HAL_TIMEx_Break2Callback	0	static
stm32l5xx_hal_tim_ex.c:2544:22:HAL_TIMEx_HallSensor_GetState	0	static
stm32l5xx_hal_tim_ex.c:2559:29:HAL_TIMEx_GetChannelNState	0	static
