Archive member included to satisfy reference by file (symbol)

../Middlewares/ST/AI/Lib\NetworkRuntime520_CM33_GCC.a(ai_platform_interface.o)
                              X-CUBE-AI/App/facedetection.o (ai_platform_runtime_get_revision)
../Middlewares/ST/AI/Lib\NetworkRuntime520_CM33_GCC.a(core_mem_manager.o)
                              ../Middlewares/ST/AI/Lib\NetworkRuntime520_CM33_GCC.a(ai_platform_interface.o) (core_mem_alloc)
../Middlewares/ST/AI/Lib\NetworkRuntime520_CM33_GCC.a(core_convert.o)
                              X-CUBE-AI/App/facedetection.o (node_convert)
../Middlewares/ST/AI/Lib\NetworkRuntime520_CM33_GCC.a(core_common.o)
                              ../Middlewares/ST/AI/Lib\NetworkRuntime520_CM33_GCC.a(ai_platform_interface.o) (core_init)
../Middlewares/ST/AI/Lib\NetworkRuntime520_CM33_GCC.a(layers_conv2d_stm32_integer.o)
                              X-CUBE-AI/App/facedetection.o (forward_conv2d_nl_pool_integer_UAUA)
../Middlewares/ST/AI/Lib\NetworkRuntime520_CM33_GCC.a(layers_nl_generic_float.o)
                              X-CUBE-AI/App/facedetection.o (forward_sm)
../Middlewares/ST/AI/Lib\NetworkRuntime520_CM33_GCC.a(layers.o)
                              ../Middlewares/ST/AI/Lib\NetworkRuntime520_CM33_GCC.a(ai_platform_interface.o) (ai_check_custom_types)
../Middlewares/ST/AI/Lib\NetworkRuntime520_CM33_GCC.a(layers_pool_stm32_integer.o)
                              X-CUBE-AI/App/facedetection.o (pool_func_mp_array_integer_UINT8)
../Middlewares/ST/AI/Lib\NetworkRuntime520_CM33_GCC.a(arm_float_to_q15.o)
                              ../Middlewares/ST/AI/Lib\NetworkRuntime520_CM33_GCC.a(core_convert.o) (arm_float_to_q15)
../Middlewares/ST/AI/Lib\NetworkRuntime520_CM33_GCC.a(arm_float_to_q7.o)
                              ../Middlewares/ST/AI/Lib\NetworkRuntime520_CM33_GCC.a(core_convert.o) (arm_float_to_q7)
../Middlewares/ST/AI/Lib\NetworkRuntime520_CM33_GCC.a(arm_q15_to_float.o)
                              ../Middlewares/ST/AI/Lib\NetworkRuntime520_CM33_GCC.a(core_convert.o) (arm_q15_to_float)
../Middlewares/ST/AI/Lib\NetworkRuntime520_CM33_GCC.a(arm_q15_to_q7.o)
                              ../Middlewares/ST/AI/Lib\NetworkRuntime520_CM33_GCC.a(core_convert.o) (arm_q15_to_q7)
../Middlewares/ST/AI/Lib\NetworkRuntime520_CM33_GCC.a(arm_q7_to_float.o)
                              ../Middlewares/ST/AI/Lib\NetworkRuntime520_CM33_GCC.a(core_convert.o) (arm_q7_to_float)
../Middlewares/ST/AI/Lib\NetworkRuntime520_CM33_GCC.a(arm_q7_to_q15.o)
                              ../Middlewares/ST/AI/Lib\NetworkRuntime520_CM33_GCC.a(core_convert.o) (arm_q7_to_q15)
../Middlewares/ST/AI/Lib\NetworkRuntime520_CM33_GCC.a(arm_shift_q15.o)
                              ../Middlewares/ST/AI/Lib\NetworkRuntime520_CM33_GCC.a(core_convert.o) (arm_shift_q15)
../Middlewares/ST/AI/Lib\NetworkRuntime520_CM33_GCC.a(arm_shift_q7.o)
                              ../Middlewares/ST/AI/Lib\NetworkRuntime520_CM33_GCC.a(core_convert.o) (arm_shift_q7)
../Middlewares/ST/AI/Lib\NetworkRuntime520_CM33_GCC.a(st_ssua8_convolve_dw.o)
                              ../Middlewares/ST/AI/Lib\NetworkRuntime520_CM33_GCC.a(layers_conv2d_stm32_integer.o) (st_ssua8_conv_dw_Wadapt)
../Middlewares/ST/AI/Lib\NetworkRuntime520_CM33_GCC.a(st_uaua8_ch_convolve.o)
                              ../Middlewares/ST/AI/Lib\NetworkRuntime520_CM33_GCC.a(layers_conv2d_stm32_integer.o) (st_uaua8_ch_convolve_rank1upd)
../Middlewares/ST/AI/Lib\NetworkRuntime520_CM33_GCC.a(st_ssua8_ch_convolve.o)
                              ../Middlewares/ST/AI/Lib\NetworkRuntime520_CM33_GCC.a(layers_conv2d_stm32_integer.o) (st_ssua8_ch_convolve_rank1upd)
../Middlewares/ST/AI/Lib\NetworkRuntime520_CM33_GCC.a(st_uaua8_convolve.o)
                              ../Middlewares/ST/AI/Lib\NetworkRuntime520_CM33_GCC.a(layers_conv2d_stm32_integer.o) (st_uaua8_convolve_rank1upd)
../Middlewares/ST/AI/Lib\NetworkRuntime520_CM33_GCC.a(st_ssua8_convolve.o)
                              ../Middlewares/ST/AI/Lib\NetworkRuntime520_CM33_GCC.a(layers_conv2d_stm32_integer.o) (st_ssua8_convolve_rank1upd)
../Middlewares/ST/AI/Lib\NetworkRuntime520_CM33_GCC.a(st_convolve_reference.o)
                              ../Middlewares/ST/AI/Lib\NetworkRuntime520_CM33_GCC.a(layers_conv2d_stm32_integer.o) (align_factor)
../Middlewares/ST/AI/Lib\NetworkRuntime520_CM33_GCC.a(st_uaua8_ch_convolve_rgb.o)
                              ../Middlewares/ST/AI/Lib\NetworkRuntime520_CM33_GCC.a(layers_conv2d_stm32_integer.o) (st_uaua8_ch_convolve_rgb)
../Middlewares/ST/AI/Lib\NetworkRuntime520_CM33_GCC.a(st_uaua8_ch_convolve_dw.o)
                              ../Middlewares/ST/AI/Lib\NetworkRuntime520_CM33_GCC.a(layers_conv2d_stm32_integer.o) (st_uaua8_ch_conv_dw_Wadapt)
../Middlewares/ST/AI/Lib\NetworkRuntime520_CM33_GCC.a(st_ssua8_ch_convolve_rgb.o)
                              ../Middlewares/ST/AI/Lib\NetworkRuntime520_CM33_GCC.a(layers_conv2d_stm32_integer.o) (st_ssua8_ch_convolve_rgb)
[...]
Memory Configuration

Name             Origin             Length             Attributes
RAM              0x0000000020000000 0x0000000000030000 xrw
ROM              0x0000000008000000 0x0000000000080000 xr
*default*        0x0000000000000000 0xffffffffffffffff

Linker script and memory map

LOAD c:/st/stm32cubeide_1.4.0/stm32cubeide/plugins/com.st.stm32cube.ide.mcu.externaltools.gnu-tools-for-stm32.7-2018-q2-update.win32_1.4.0.202007081208/tools/bin/../lib/gcc/arm-none-eabi/7.3.1/thumb/v8-m.main/fpv5-sp/hard/crti.o
LOAD c:/st/stm32cubeide_1.4.0/stm32cubeide/plugins/com.st.stm32cube.ide.mcu.externaltools.gnu-tools-for-stm32.7-2018-q2-update.win32_1.4.0.202007081208/tools/bin/../lib/gcc/arm-none-eabi/7.3.1/thumb/v8-m.main/fpv5-sp/hard/crtbegin.o
LOAD c:/st/stm32cubeide_1.4.0/stm32cubeide/plugins/com.st.stm32cube.ide.mcu.externaltools.gnu-tools-for-stm32.7-2018-q2-update.win32_1.4.0.202007081208/tools/bin/../lib/gcc/arm-none-eabi/7.3.1/../../../../arm-none-eabi/lib/thumb/v8-m.main/fpv5-sp/hard/crt0.o
LOAD Core/Src/main.o
LOAD Core/Src/stm32l5xx_hal_msp.o
LOAD Core/Src/stm32l5xx_it.o
LOAD Core/Src/syscalls.o
LOAD Core/Src/sysmem.o
LOAD Core/Src/system_stm32l5xx.o
LOAD Core/Startup/startup_stm32l552zetxq.o
LOAD Drivers/STM32L5xx_HAL_Driver/Src/stm32l5xx_hal.o
LOAD Drivers/STM32L5xx_HAL_Driver/Src/stm32l5xx_hal_cortex.o
LOAD Drivers/STM32L5xx_HAL_Driver/Src/stm32l5xx_hal_crc.o
LOAD Drivers/STM32L5xx_HAL_Driver/Src/stm32l5xx_hal_crc_ex.o
LOAD Drivers/STM32L5xx_HAL_Driver/Src/stm32l5xx_hal_dma.o
LOAD Drivers/STM32L5xx_HAL_Driver/Src/stm32l5xx_hal_dma_ex.o
LOAD Drivers/STM32L5xx_HAL_Driver/Src/stm32l5xx_hal_exti.o
LOAD Drivers/STM32L5xx_HAL_Driver/Src/stm32l5xx_hal_flash.o
LOAD Drivers/STM32L5xx_HAL_Driver/Src/stm32l5xx_hal_flash_ex.o
LOAD Drivers/STM32L5xx_HAL_Driver/Src/stm32l5xx_hal_flash_ramfunc.o
LOAD Drivers/STM32L5xx_HAL_Driver/Src/stm32l5xx_hal_gpio.o
LOAD Drivers/STM32L5xx_HAL_Driver/Src/stm32l5xx_hal_i2c.o
LOAD Drivers/STM32L5xx_HAL_Driver/Src/stm32l5xx_hal_i2c_ex.o
LOAD Drivers/STM32L5xx_HAL_Driver/Src/stm32l5xx_hal_icache.o
LOAD Drivers/STM32L5xx_HAL_Driver/Src/stm32l5xx_hal_pwr.o
LOAD Drivers/STM32L5xx_HAL_Driver/Src/stm32l5xx_hal_pwr_ex.o
LOAD Drivers/STM32L5xx_HAL_Driver/Src/stm32l5xx_hal_rcc.o
LOAD Drivers/STM32L5xx_HAL_Driver/Src/stm32l5xx_hal_rcc_ex.o
LOAD Drivers/STM32L5xx_HAL_Driver/Src/stm32l5xx_hal_tim.o
LOAD Drivers/STM32L5xx_HAL_Driver/Src/stm32l5xx_hal_tim_ex.o
LOAD Drivers/STM32L5xx_HAL_Driver/Src/stm32l5xx_hal_uart.o
LOAD Drivers/STM32L5xx_HAL_Driver/Src/stm32l5xx_hal_uart_ex.o
LOAD X-CUBE-AI/App/facedetection.o
LOAD X-CUBE-AI/App/facedetection_data.o
LOAD ../Middlewares/ST/AI/Lib\NetworkRuntime520_CM33_GCC.a
START GROUP
LOAD c:/st/stm32cubeide_1.4.0/stm32cubeide/plugins/com.st.stm32cube.ide.mcu.externaltools.gnu-tools-for-stm32.7-2018-q2-update.win32_1.4.0.202007081208/tools/bin/../lib/gcc/arm-none-eabi/7.3.1/../../../../arm-none-eabi/lib/thumb/v8-m.main/fpv5-sp/hard\libstdc++_nano.a
LOAD c:/st/stm32cubeide_1.4.0/stm32cubeide/plugins/com.st.stm32cube.ide.mcu.externaltools.gnu-tools-for-stm32.7-2018-q2-update.win32_1.4.0.202007081208/tools/bin/../lib/gcc/arm-none-eabi/7.3.1/../../../../arm-none-eabi/lib/thumb/v8-m.main/fpv5-sp/hard\libsupc++_nano.a
END GROUP
LOAD c:/st/stm32cubeide_1.4.0/stm32cubeide/plugins/com.st.stm32cube.ide.mcu.externaltools.gnu-tools-for-stm32.7-2018-q2-update.win32_1.4.0.202007081208/tools/bin/../lib/gcc/arm-none-eabi/7.3.1/../../../../arm-none-eabi/lib/thumb/v8-m.main/fpv5-sp/hard\libstdc++_nano.a
LOAD c:/st/stm32cubeide_1.4.0/stm32cubeide/plugins/com.st.stm32cube.ide.mcu.externaltools.gnu-tools-for-stm32.7-2018-q2-update.win32_1.4.0.202007081208/tools/bin/../lib/gcc/arm-none-eabi/7.3.1/../../../../arm-none-eabi/lib/thumb/v8-m.main/fpv5-sp/hard\libm.a
LOAD c:/st/stm32cubeide_1.4.0/stm32cubeide/plugins/com.st.stm32cube.ide.mcu.externaltools.gnu-tools-for-stm32.7-2018-q2-update.win32_1.4.0.202007081208/tools/bin/../lib/gcc/arm-none-eabi/7.3.1/../../../../arm-none-eabi/lib/thumb/v8-m.main/fpv5-sp/hard\libc_nano.a
START GROUP
LOAD c:/st/stm32cubeide_1.4.0/stm32cubeide/plugins/com.st.stm32cube.ide.mcu.externaltools.gnu-tools-for-stm32.7-2018-q2-update.win32_1.4.0.202007081208/tools/bin/../lib/gcc/arm-none-eabi/7.3.1/thumb/v8-m.main/fpv5-sp/hard\libgcc.a
LOAD c:/st/stm32cubeide_1.4.0/stm32cubeide/plugins/com.st.stm32cube.ide.mcu.externaltools.gnu-tools-for-stm32.7-2018-q2-update.win32_1.4.0.202007081208/tools/bin/../lib/gcc/arm-none-eabi/7.3.1/../../../../arm-none-eabi/lib/thumb/v8-m.main/fpv5-sp/hard\libc_nano.a
END GROUP
START GROUP
LOAD c:/st/stm32cubeide_1.4.0/stm32cubeide/plugins/com.st.stm32cube.ide.mcu.externaltools.gnu-tools-for-stm32.7-2018-q2-update.win32_1.4.0.202007081208/tools/bin/../lib/gcc/arm-none-eabi/7.3.1/thumb/v8-m.main/fpv5-sp/hard\libgcc.a
LOAD c:/st/stm32cubeide_1.4.0/stm32cubeide/plugins/com.st.stm32cube.ide.mcu.externaltools.gnu-tools-for-stm32.7-2018-q2-update.win32_1.4.0.202007081208/tools/bin/../lib/gcc/arm-none-eabi/7.3.1/../../../../arm-none-eabi/lib/thumb/v8-m.main/fpv5-sp/hard\libc_nano.a
LOAD c:/st/stm32cubeide_1.4.0/stm32cubeide/plugins/com.st.stm32cube.ide.mcu.externaltools.gnu-tools-for-stm32.7-2018-q2-update.win32_1.4.0.202007081208/tools/bin/../lib/gcc/arm-none-eabi/7.3.1/../../../../arm-none-eabi/lib/thumb/v8-m.main/fpv5-sp/hard\libnosys.a
END GROUP
START GROUP
LOAD c:/st/stm32cubeide_1.4.0/stm32cubeide/plugins/com.st.stm32cube.ide.mcu.externaltools.gnu-tools-for-stm32.7-2018-q2-update.win32_1.4.0.202007081208/tools/bin/../lib/gcc/arm-none-eabi/7.3.1/thumb/v8-m.main/fpv5-sp/hard\libgcc.a
LOAD c:/st/stm32cubeide_1.4.0/stm32cubeide/plugins/com.st.stm32cube.ide.mcu.externaltools.gnu-tools-for-stm32.7-2018-q2-update.win32_1.4.0.202007081208/tools/bin/../lib/gcc/arm-none-eabi/7.3.1/../../../../arm-none-eabi/lib/thumb/v8-m.main/fpv5-sp/hard\libc_nano.a
LOAD c:/st/stm32cubeide_1.4.0/stm32cubeide/plugins/com.st.stm32cube.ide.mcu.externaltools.gnu-tools-for-stm32.7-2018-q2-update.win32_1.4.0.202007081208/tools/bin/../lib/gcc/arm-none-eabi/7.3.1/../../../../arm-none-eabi/lib/thumb/v8-m.main/fpv5-sp/hard\libnosys.a
END GROUP
LOAD c:/st/stm32cubeide_1.4.0/stm32cubeide/plugins/com.st.stm32cube.ide.mcu.externaltools.gnu-tools-for-stm32.7-2018-q2-update.win32_1.4.0.202007081208/tools/bin/../lib/gcc/arm-none-eabi/7.3.1/thumb/v8-m.main/fpv5-sp/hard/crtend.o
LOAD c:/st/stm32cubeide_1.4.0/stm32cubeide/plugins/com.st.stm32cube.ide.mcu.externaltools.gnu-tools-for-stm32.7-2018-q2-update.win32_1.4.0.202007081208/tools/bin/../lib/gcc/arm-none-eabi/7.3.1/thumb/v8-m.main/fpv5-sp/hard/crtn.o
                0x0000000020030000                _estack = (ORIGIN (RAM) + LENGTH (RAM))
                0x0000000000000200                _Min_Heap_Size = 0x200
                0x0000000000000800                _Min_Stack_Size = 0x800

.isr_vector     0x0000000008000000      0x1f4
                0x0000000008000000                . = ALIGN (0x4)
 *(.isr_vector)
 .isr_vector    0x0000000008000000      0x1f4 Core/Startup/startup_stm32l552zetxq.o
                0x0000000008000000                g_pfnVectors
                0x00000000080001f4                . = ALIGN (0x4)

.text           0x00000000080001f8     0xa9f8
                0x00000000080001f8                . = ALIGN (0x4)
 *(.text)
 .text          0x00000000080001f8       0x40 c:/st/stm32cubeide_1.4.0/stm32cubeide/plugins/com.st.stm32cube.ide.mcu.externaltools.gnu-tools-for-stm32.7-2018-q2-update.win32_1.4.0.202007081208/tools/bin/../lib/gcc/arm-none-eabi/7.3.1/thumb/v8-m.main/fpv5-sp/hard/crtbegin.o
 .text          0x0000000008000238       0x10 c:/st/stm32cubeide_1.4.0/stm32cubeide/plugins/com.st.stm32cube.ide.mcu.externaltools.gnu-tools-for-stm32.7-2018-q2-update.win32_1.4.0.202007081208/tools/bin/../lib/gcc/arm-none-eabi/7.3.1/../../../../arm-none-eabi/lib/thumb/v8-m.main/fpv5-sp/hard\libc_nano.a(lib_a-strlen.o)
                0x0000000008000238                strlen
 .text          0x0000000008000248      0x378 c:/st/stm32cubeide_1.4.0/stm32cubeide/plugins/com.st.stm32cube.ide.mcu.externaltools.gnu-tools-for-stm32.7-2018-q2-update.win32_1.4.0.202007081208/tools/bin/../lib/gcc/arm-none-eabi/7.3.1/thumb/v8-m.main/fpv5-sp/hard\libgcc.a(_arm_addsubdf3.o)
                0x0000000008000248                __aeabi_drsub
                0x0000000008000250                __aeabi_dsub
                0x0000000008000250                __subdf3
                0x0000000008000254                __aeabi_dadd
                0x0000000008000254                __adddf3
                0x00000000080004cc                __floatunsidf
                0x00000000080004cc                __aeabi_ui2d
                0x00000000080004ec                __floatsidf
                0x00000000080004ec                __aeabi_i2d
                0x0000000008000510                __aeabi_f2d
                0x0000000008000510                __extendsfdf2
                0x0000000008000554                __floatundidf
                0x0000000008000554                __aeabi_ul2d
                0x0000000008000564                __floatdidf
                0x0000000008000564                __aeabi_l2d
 .text          0x00000000080005c0      0x424 c:/st/stm32cubeide_1.4.0/stm32cubeide/plugins/com.st.stm32cube.ide.mcu.externaltools.gnu-tools-for-stm32.7-2018-q2-update.win32_1.4.0.202007081208/tools/bin/../lib/gcc/arm-none-eabi/7.3.1/thumb/v8-m.main/fpv5-sp/hard\libgcc.a(_arm_muldivdf3.o)
                0x00000000080005c0                __aeabi_dmul
                0x00000000080005c0                __muldf3
                0x0000000008000814                __divdf3
                0x0000000008000814                __aeabi_ddiv
 .text          0x00000000080009e4      0x110 c:/st/stm32cubeide_1.4.0/stm32cubeide/plugins/com.st.stm32cube.ide.mcu.externaltools.gnu-tools-for-stm32.7-2018-q2-update.win32_1.4.0.202007081208/tools/bin/../lib/gcc/arm-none-eabi/7.3.1/thumb/v8-m.main/fpv5-sp/hard\libgcc.a(_arm_cmpdf2.o)
                0x00000000080009e4                __gtdf2
                0x00000000080009e4                __gedf2
                0x00000000080009ec                __ltdf2
                0x00000000080009ec                __ledf2
                0x00000000080009f4                __nedf2
                0x00000000080009f4                __eqdf2
                0x00000000080009f4                __cmpdf2
                0x0000000008000a70                __aeabi_cdrcmple
                0x0000000008000a80                __aeabi_cdcmpeq
                0x0000000008000a80                __aeabi_cdcmple
                0x0000000008000a90                __aeabi_dcmpeq
                0x0000000008000aa4                __aeabi_dcmplt
                0x0000000008000ab8                __aeabi_dcmple
                0x0000000008000acc                __aeabi_dcmpge
                0x0000000008000ae0                __aeabi_dcmpgt
 .text          0x0000000008000af4       0x2c c:/st/stm32cubeide_1.4.0/stm32cubeide/plugins/com.st.stm32cube.ide.mcu.externaltools.gnu-tools-for-stm32.7-2018-q2-update.win32_1.4.0.202007081208/tools/bin/../lib/gcc/arm-none-eabi/7.3.1/thumb/v8-m.main/fpv5-sp/hard\libgcc.a(_arm_unorddf2.o)
                0x0000000008000af4                __unorddf2
                0x0000000008000af4                __aeabi_dcmpun
 .text          0x0000000008000b20       0x50 c:/st/stm32cubeide_1.4.0/stm32cubeide/plugins/com.st.stm32cube.ide.mcu.externaltools.gnu-tools-for-stm32.7-2018-q2-update.win32_1.4.0.202007081208/tools/bin/../lib/gcc/arm-none-eabi/7.3.1/thumb/v8-m.main/fpv5-sp/hard\libgcc.a(_arm_fixdfsi.o)
                0x0000000008000b20                __aeabi_d2iz
                0x0000000008000b20                __fixdfsi
 .text          0x0000000008000b70       0xa0 c:/st/stm32cubeide_1.4.0/stm32cubeide/plugins/com.st.stm32cube.ide.mcu.externaltools.gnu-tools-for-stm32.7-2018-q2-update.win32_1.4.0.202007081208/tools/bin/../lib/gcc/arm-none-eabi/7.3.1/thumb/v8-m.main/fpv5-sp/hard\libgcc.a(_arm_truncdfsf2.o)
                0x0000000008000b70                __truncdfsf2
                0x0000000008000b70                __aeabi_d2f
 .text          0x0000000008000c10       0x30 c:/st/stm32cubeide_1.4.0/stm32cubeide/plugins/com.st.stm32cube.ide.mcu.externaltools.gnu-tools-for-stm32.7-2018-q2-update.win32_1.4.0.202007081208/tools/bin/../lib/gcc/arm-none-eabi/7.3.1/thumb/v8-m.main/fpv5-sp/hard\libgcc.a(_aeabi_uldivmod.o)
                0x0000000008000c10                __aeabi_uldivmod
 .text          0x0000000008000c40       0x24 c:/st/stm32cubeide_1.4.0/stm32cubeide/plugins/com.st.stm32cube.ide.mcu.externaltools.gnu-tools-for-stm32.7-2018-q2-update.win32_1.4.0.202007081208/tools/bin/../lib/gcc/arm-none-eabi/7.3.1/thumb/v8-m.main/fpv5-sp/hard\libgcc.a(_fixsfdi.o)
                0x0000000008000c40                __fixsfdi
                0x0000000008000c40                __aeabi_f2lz
 .text          0x0000000008000c64       0x48 c:/st/stm32cubeide_1.4.0/stm32cubeide/plugins/com.st.stm32cube.ide.mcu.externaltools.gnu-tools-for-stm32.7-2018-q2-update.win32_1.4.0.202007081208/tools/bin/../lib/gcc/arm-none-eabi/7.3.1/thumb/v8-m.main/fpv5-sp/hard\libgcc.a(_fixunssfdi.o)
                0x0000000008000c64                __fixunssfdi
                0x0000000008000c64                __aeabi_f2ulz
 .text          0x0000000008000cac      0x2e0 c:/st/stm32cubeide_1.4.0/stm32cubeide/plugins/com.st.stm32cube.ide.mcu.externaltools.gnu-tools-for-stm32.7-2018-q2-update.win32_1.4.0.202007081208/tools/bin/../lib/gcc/arm-none-eabi/7.3.1/thumb/v8-m.main/fpv5-sp/hard\libgcc.a(_udivmoddi4.o)
                0x0000000008000cac                __udivmoddi4
 .text          0x0000000008000f8c        0x4 c:/st/stm32cubeide_1.4.0/stm32cubeide/plugins/com.st.stm32cube.ide.mcu.externaltools.gnu-tools-for-stm32.7-2018-q2-update.win32_1.4.0.202007081208/tools/bin/../lib/gcc/arm-none-eabi/7.3.1/thumb/v8-m.main/fpv5-sp/hard\libgcc.a(_dvmd_tls.o)
                0x0000000008000f8c                __aeabi_idiv0
                0x0000000008000f8c                __aeabi_ldiv0
 .text          0x0000000008000f90       0x40 c:/st/stm32cubeide_1.4.0/stm32cubeide/plugins/com.st.stm32cube.ide.mcu.externaltools.gnu-tools-for-stm32.7-2018-q2-update.win32_1.4.0.202007081208/tools/bin/../lib/gcc/arm-none-eabi/7.3.1/thumb/v8-m.main/fpv5-sp/hard\libgcc.a(_arm_fixunsdfsi.o)
                0x0000000008000f90                __aeabi_d2uiz
                0x0000000008000f90                __fixunsdfsi
 *(.text*)
 .text.SystemClock_Config
                0x0000000008000fd0       0x66 Core/Src/main.o
                0x0000000008000fd0                SystemClock_Config
 *fill*         0x0000000008001036        0x2 
 .text.startup.main
                0x0000000008001038      0x290 Core/Src/main.o
                0x0000000008001038                main
 .text.Error_Handler
                0x00000000080012c8        0x2 Core/Src/main.o
                0x00000000080012c8                Error_Handler
 *fill*         0x00000000080012ca        0x2 
 .text.HAL_MspInit
                0x00000000080012cc       0x34 Core/Src/stm32l5xx_hal_msp.o
                0x00000000080012cc                HAL_MspInit
 .text.HAL_CRC_MspInit
                0x0000000008001300       0x28 Core/Src/stm32l5xx_hal_msp.o
                0x0000000008001300                HAL_CRC_MspInit
 .text.HAL_TIM_Base_MspInit
                0x0000000008001328       0x28 Core/Src/stm32l5xx_hal_msp.o
                0x0000000008001328                HAL_TIM_Base_MspInit
 .text.HAL_UART_MspInit
                0x0000000008001350       0x84 Core/Src/stm32l5xx_hal_msp.o
                0x0000000008001350                HAL_UART_MspInit
 .text.NMI_Handler
                0x00000000080013d4        0x2 Core/Src/stm32l5xx_it.o
                0x00000000080013d4                NMI_Handler
 .text.HardFault_Handler
                0x00000000080013d6        0x2 Core/Src/stm32l5xx_it.o
                0x00000000080013d6                HardFault_Handler
 .text.MemManage_Handler
                0x00000000080013d8        0x2 Core/Src/stm32l5xx_it.o
                0x00000000080013d8                MemManage_Handler
 .text.BusFault_Handler
                0x00000000080013da        0x2 Core/Src/stm32l5xx_it.o
                0x00000000080013da                BusFault_Handler
 .text.UsageFault_Handler
                0x00000000080013dc        0x2 Core/Src/stm32l5xx_it.o
                0x00000000080013dc                UsageFault_Handler
 .text.SVC_Handler
                0x00000000080013de        0x2 Core/Src/stm32l5xx_it.o
                0x00000000080013de                SVC_Handler
 .text.DebugMon_Handler
                0x00000000080013e0        0x2 Core/Src/stm32l5xx_it.o
                0x00000000080013e0                DebugMon_Handler
 .text.PendSV_Handler
                0x00000000080013e2        0x2 Core/Src/stm32l5xx_it.o
                0x00000000080013e2                PendSV_Handler
 .text.SysTick_Handler
                0x00000000080013e4        0x4 Core/Src/stm32l5xx_it.o
                0x00000000080013e4                SysTick_Handler
 .text._sbrk    0x00000000080013e8       0x40 Core/Src/sysmem.o
                0x00000000080013e8                _sbrk
 .text.SystemInit
                0x0000000008001428       0x14 Core/Src/system_stm32l5xx.o
                0x0000000008001428                SystemInit
 .text.SystemCoreClockUpdate
                0x000000000800143c       0x9c Core/Src/system_stm32l5xx.o
                0x000000000800143c                SystemCoreClockUpdate
 .text.Reset_Handler
                0x00000000080014d8       0x50 Core/Startup/startup_stm32l552zetxq.o
                0x00000000080014d8                Reset_Handler
 .text.Default_Handler
                0x0000000008001528        0x2 Core/Startup/startup_stm32l552zetxq.o
                0x0000000008001528                EXTI2_IRQHandler
                0x0000000008001528                TIM8_TRG_COM_IRQHandler
                0x0000000008001528                TIM8_CC_IRQHandler
                0x0000000008001528                EXTI5_IRQHandler
                0x0000000008001528                FLASH_S_IRQHandler
                0x0000000008001528                EXTI13_IRQHandler
                0x0000000008001528                TIM1_CC_IRQHandler
                0x0000000008001528                TSC_IRQHandler
                0x0000000008001528                TAMP_IRQHandler
                0x0000000008001528                TIM6_IRQHandler
                0x0000000008001528                EXTI12_IRQHandler
                0x0000000008001528                DMA2_Channel8_IRQHandler
                0x0000000008001528                EXTI3_IRQHandler
                0x0000000008001528                EXTI8_IRQHandler
                0x0000000008001528                LPTIM2_IRQHandler
                0x0000000008001528                DFSDM1_FLT1_IRQHandler
                0x0000000008001528                USB_FS_IRQHandler
                0x0000000008001528                I2C3_ER_IRQHandler
                0x0000000008001528                DFSDM1_FLT2_IRQHandler
                0x0000000008001528                DMAMUX1_IRQHandler
                0x0000000008001528                LPTIM3_IRQHandler
                0x0000000008001528                EXTI0_IRQHandler
                0x0000000008001528                I2C2_EV_IRQHandler
                0x0000000008001528                FPU_IRQHandler
                0x0000000008001528                FDCAN1_IT1_IRQHandler
                0x0000000008001528                ADC1_2_IRQHandler
                0x0000000008001528                SPI1_IRQHandler
                0x0000000008001528                OCTOSPI1_IRQHandler
                0x0000000008001528                TIM8_UP_IRQHandler
                0x0000000008001528                RCC_S_IRQHandler
                0x0000000008001528                DMA2_Channel2_IRQHandler
                0x0000000008001528                DMA1_Channel4_IRQHandler
                0x0000000008001528                SAI2_IRQHandler
                0x0000000008001528                DFSDM1_FLT3_IRQHandler
                0x0000000008001528                EXTI15_IRQHandler
                0x0000000008001528                TIM17_IRQHandler
                0x0000000008001528                USART3_IRQHandler
                0x0000000008001528                RTC_IRQHandler
                0x0000000008001528                EXTI9_IRQHandler
                0x0000000008001528                DMA1_Channel7_IRQHandler
                0x0000000008001528                UART5_IRQHandler
                0x0000000008001528                TIM4_IRQHandler
                0x0000000008001528                DMA2_Channel1_IRQHandler
                0x0000000008001528                I2C1_EV_IRQHandler
                0x0000000008001528                DMA1_Channel6_IRQHandler
                0x0000000008001528                TIM16_IRQHandler
                0x0000000008001528                UART4_IRQHandler
                0x0000000008001528                DMA2_Channel4_IRQHandler
                0x0000000008001528                SecureFault_Handler
                0x0000000008001528                TIM3_IRQHandler
                0x0000000008001528                RCC_IRQHandler
                0x0000000008001528                TIM1_TRG_COM_IRQHandler
                0x0000000008001528                DMA1_Channel1_IRQHandler
                0x0000000008001528                Default_Handler
                0x0000000008001528                DMA2_Channel7_IRQHandler
                0x0000000008001528                DMA1_Channel8_IRQHandler
                0x0000000008001528                TIM7_IRQHandler
                0x0000000008001528                SDMMC1_IRQHandler
                0x0000000008001528                TIM5_IRQHandler
                0x0000000008001528                UCPD1_IRQHandler
                0x0000000008001528                TIM15_IRQHandler
                0x0000000008001528                I2C3_EV_IRQHandler
                0x0000000008001528                PVD_PVM_IRQHandler
                0x0000000008001528                SPI2_IRQHandler
                0x0000000008001528                EXTI14_IRQHandler
                0x0000000008001528                EXTI11_IRQHandler
                0x0000000008001528                DMA2_Channel5_IRQHandler
                0x0000000008001528                CRS_IRQHandler
                0x0000000008001528                DMA1_Channel5_IRQHandler
                0x0000000008001528                EXTI4_IRQHandler
                0x0000000008001528                RTC_S_IRQHandler
                0x0000000008001528                RNG_IRQHandler
                0x0000000008001528                DMAMUX1_S_IRQHandler
                0x0000000008001528                DMA1_Channel3_IRQHandler
                0x0000000008001528                COMP_IRQHandler
                0x0000000008001528                TIM1_UP_IRQHandler
                0x0000000008001528                WWDG_IRQHandler
                0x0000000008001528                I2C4_EV_IRQHandler
                0x0000000008001528                LPUART1_IRQHandler
                0x0000000008001528                DMA2_Channel6_IRQHandler
                0x0000000008001528                FDCAN1_IT0_IRQHandler
                0x0000000008001528                TIM2_IRQHandler
                0x0000000008001528                TAMP_S_IRQHandler
                0x0000000008001528                EXTI7_IRQHandler
                0x0000000008001528                TIM1_BRK_IRQHandler
                0x0000000008001528                DAC_IRQHandler
                0x0000000008001528                EXTI1_IRQHandler
                0x0000000008001528                GTZC_IRQHandler
                0x0000000008001528                USART2_IRQHandler
                0x0000000008001528                DFSDM1_FLT0_IRQHandler
                0x0000000008001528                I2C2_ER_IRQHandler
                0x0000000008001528                DMA1_Channel2_IRQHandler
                0x0000000008001528                TIM8_BRK_IRQHandler
                0x0000000008001528                FLASH_IRQHandler
                0x0000000008001528                USART1_IRQHandler
                0x0000000008001528                EXTI10_IRQHandler
                0x0000000008001528                SPI3_IRQHandler
                0x0000000008001528                I2C1_ER_IRQHandler
                0x0000000008001528                FMC_IRQHandler
                0x0000000008001528                EXTI6_IRQHandler
                0x0000000008001528                LPTIM1_IRQHandler
                0x0000000008001528                I2C4_ER_IRQHandler
                0x0000000008001528                ICACHE_IRQHandler
                0x0000000008001528                SAI1_IRQHandler
                0x0000000008001528                HASH_IRQHandler
                0x0000000008001528                DMA2_Channel3_IRQHandler
 *fill*         0x000000000800152a        0x2 
 .text.HAL_InitTick
                0x000000000800152c       0x4c Drivers/STM32L5xx_HAL_Driver/Src/stm32l5xx_hal.o
                0x000000000800152c                HAL_InitTick
 .text.HAL_Init
                0x0000000008001578       0x22 Drivers/STM32L5xx_HAL_Driver/Src/stm32l5xx_hal.o
                0x0000000008001578                HAL_Init
 *fill*         0x000000000800159a        0x2 
 .text.HAL_IncTick
                0x000000000800159c       0x18 Drivers/STM32L5xx_HAL_Driver/Src/stm32l5xx_hal.o
                0x000000000800159c                HAL_IncTick
 .text.HAL_GetTick
                0x00000000080015b4        0xc Drivers/STM32L5xx_HAL_Driver/Src/stm32l5xx_hal.o
                0x00000000080015b4                HAL_GetTick
 .text.HAL_Delay
                0x00000000080015c0       0x24 Drivers/STM32L5xx_HAL_Driver/Src/stm32l5xx_hal.o
                0x00000000080015c0                HAL_Delay
 .text.HAL_NVIC_SetPriorityGrouping
                0x00000000080015e4       0x24 Drivers/STM32L5xx_HAL_Driver/Src/stm32l5xx_hal_cortex.o
                0x00000000080015e4                HAL_NVIC_SetPriorityGrouping
 .text.HAL_NVIC_SetPriority
                0x0000000008001608       0x68 Drivers/STM32L5xx_HAL_Driver/Src/stm32l5xx_hal_cortex.o
                0x0000000008001608                HAL_NVIC_SetPriority
 .text.HAL_SYSTICK_Config
                0x0000000008001670       0x2c Drivers/STM32L5xx_HAL_Driver/Src/stm32l5xx_hal_cortex.o
                0x0000000008001670                HAL_SYSTICK_Config
 .text.HAL_CRC_Init
                0x000000000800169c       0x74 Drivers/STM32L5xx_HAL_Driver/Src/stm32l5xx_hal_crc.o
                0x000000000800169c                HAL_CRC_Init
 .text.HAL_CRCEx_Polynomial_Set
                0x0000000008001710       0x44 Drivers/STM32L5xx_HAL_Driver/Src/stm32l5xx_hal_crc_ex.o
                0x0000000008001710                HAL_CRCEx_Polynomial_Set
 .text.HAL_GPIO_Init
                0x0000000008001754      0x190 Drivers/STM32L5xx_HAL_Driver/Src/stm32l5xx_hal_gpio.o
                0x0000000008001754                HAL_GPIO_Init
 .text.HAL_GPIO_WritePin
                0x00000000080018e4        0xa Drivers/STM32L5xx_HAL_Driver/Src/stm32l5xx_hal_gpio.o
                0x00000000080018e4                HAL_GPIO_WritePin
 *fill*         0x00000000080018ee        0x2 
 .text.HAL_PWREx_GetVoltageRange
                0x00000000080018f0       0x10 Drivers/STM32L5xx_HAL_Driver/Src/stm32l5xx_hal_pwr_ex.o
                0x00000000080018f0                HAL_PWREx_GetVoltageRange
 .text.HAL_PWREx_DisableUCPDDeadBattery
                0x0000000008001900       0x10 Drivers/STM32L5xx_HAL_Driver/Src/stm32l5xx_hal_pwr_ex.o
                0x0000000008001900                HAL_PWREx_DisableUCPDDeadBattery
 .text.HAL_PWREx_SMPS_GetEffectiveMode
                0x0000000008001910       0x20 Drivers/STM32L5xx_HAL_Driver/Src/stm32l5xx_hal_pwr_ex.o
                0x0000000008001910                HAL_PWREx_SMPS_GetEffectiveMode
 .text.HAL_PWREx_ControlVoltageScaling
                0x0000000008001930       0x6c Drivers/STM32L5xx_HAL_Driver/Src/stm32l5xx_hal_pwr_ex.o
                0x0000000008001930                HAL_PWREx_ControlVoltageScaling
 .text.RCC_SetFlashLatencyFromMSIRange
                0x000000000800199c       0x80 Drivers/STM32L5xx_HAL_Driver/Src/stm32l5xx_hal_rcc.o
 .text.HAL_RCC_GetSysClockFreq
                0x0000000008001a1c       0x9c Drivers/STM32L5xx_HAL_Driver/Src/stm32l5xx_hal_rcc.o
                0x0000000008001a1c                HAL_RCC_GetSysClockFreq
 .text.HAL_RCC_GetHCLKFreq
                0x0000000008001ab8       0x20 Drivers/STM32L5xx_HAL_Driver/Src/stm32l5xx_hal_rcc.o
                0x0000000008001ab8                HAL_RCC_GetHCLKFreq
 .text.HAL_RCC_OscConfig
                0x0000000008001ad8      0x5a0 Drivers/STM32L5xx_HAL_Driver/Src/stm32l5xx_hal_rcc.o
                0x0000000008001ad8                HAL_RCC_OscConfig
 .text.HAL_RCC_ClockConfig
                0x0000000008002078      0x1e4 Drivers/STM32L5xx_HAL_Driver/Src/stm32l5xx_hal_rcc.o
                0x0000000008002078                HAL_RCC_ClockConfig
 .text.HAL_RCC_GetPCLK1Freq
                0x000000000800225c       0x20 Drivers/STM32L5xx_HAL_Driver/Src/stm32l5xx_hal_rcc.o
                0x000000000800225c                HAL_RCC_GetPCLK1Freq
 .text.HAL_RCC_GetPCLK2Freq
                0x000000000800227c       0x20 Drivers/STM32L5xx_HAL_Driver/Src/stm32l5xx_hal_rcc.o
                0x000000000800227c                HAL_RCC_GetPCLK2Freq
 .text.RCCEx_PLLSAI1_Config
                0x000000000800229c       0xf4 Drivers/STM32L5xx_HAL_Driver/Src/stm32l5xx_hal_rcc_ex.o
 .text.RCCEx_PLLSAI2_Config.constprop.4
                0x0000000008002390       0xac Drivers/STM32L5xx_HAL_Driver/Src/stm32l5xx_hal_rcc_ex.o
 .text.HAL_RCCEx_PeriphCLKConfig
                0x000000000800243c      0x494 Drivers/STM32L5xx_HAL_Driver/Src/stm32l5xx_hal_rcc_ex.o
                0x000000000800243c                HAL_RCCEx_PeriphCLKConfig
 .text.HAL_TIM_Base_Start
                0x00000000080028d0       0x6c Drivers/STM32L5xx_HAL_Driver/Src/stm32l5xx_hal_tim.o
                0x00000000080028d0                HAL_TIM_Base_Start
 .text.TIM_Base_SetConfig
                0x000000000800293c       0xcc Drivers/STM32L5xx_HAL_Driver/Src/stm32l5xx_hal_tim.o
                0x000000000800293c                TIM_Base_SetConfig
 .text.HAL_TIM_Base_Init
                0x0000000008002a08       0x60 Drivers/STM32L5xx_HAL_Driver/Src/stm32l5xx_hal_tim.o
                0x0000000008002a08                HAL_TIM_Base_Init
 .text.UART_SetConfig
                0x0000000008002a68      0x2ec Drivers/STM32L5xx_HAL_Driver/Src/stm32l5xx_hal_uart.o
                0x0000000008002a68                UART_SetConfig
 .text.UART_AdvFeatureConfig
                0x0000000008002d54       0xaa Drivers/STM32L5xx_HAL_Driver/Src/stm32l5xx_hal_uart.o
                0x0000000008002d54                UART_AdvFeatureConfig
 .text.UART_WaitOnFlagUntilTimeout
                0x0000000008002dfe       0x8e Drivers/STM32L5xx_HAL_Driver/Src/stm32l5xx_hal_uart.o
                0x0000000008002dfe                UART_WaitOnFlagUntilTimeout
 .text.HAL_UART_Transmit
                0x0000000008002e8c       0xb8 Drivers/STM32L5xx_HAL_Driver/Src/stm32l5xx_hal_uart.o
                0x0000000008002e8c                HAL_UART_Transmit
 .text.UART_CheckIdleState
                0x0000000008002f44       0x68 Drivers/STM32L5xx_HAL_Driver/Src/stm32l5xx_hal_uart.o
                0x0000000008002f44                UART_CheckIdleState
 .text.HAL_UART_Init
                0x0000000008002fac       0x60 Drivers/STM32L5xx_HAL_Driver/Src/stm32l5xx_hal_uart.o
                0x0000000008002fac                HAL_UART_Init
 .text.UARTEx_SetNbDataToProcess
                0x000000000800300c       0x6c Drivers/STM32L5xx_HAL_Driver/Src/stm32l5xx_hal_uart_ex.o
 .text.HAL_UARTEx_DisableFifoMode
                0x0000000008003078       0x36 Drivers/STM32L5xx_HAL_Driver/Src/stm32l5xx_hal_uart_ex.o
                0x0000000008003078                HAL_UARTEx_DisableFifoMode
 .text.HAL_UARTEx_SetTxFifoThreshold
                0x00000000080030ae       0x48 Drivers/STM32L5xx_HAL_Driver/Src/stm32l5xx_hal_uart_ex.o
                0x00000000080030ae                HAL_UARTEx_SetTxFifoThreshold
 .text.HAL_UARTEx_SetRxFifoThreshold
                0x00000000080030f6       0x48 Drivers/STM32L5xx_HAL_Driver/Src/stm32l5xx_hal_uart_ex.o
                0x00000000080030f6                HAL_UARTEx_SetRxFifoThreshold
 *fill*         0x000000000800313e        0x2 
 .text.ai_facedetection_create
                0x0000000008003140       0x1c X-CUBE-AI/App/facedetection.o
                0x0000000008003140                ai_facedetection_create
 .text.ai_facedetection_init
                0x000000000800315c      0x194 X-CUBE-AI/App/facedetection.o
                0x000000000800315c                ai_facedetection_init
 .text.ai_facedetection_run
                0x00000000080032f0        0x4 X-CUBE-AI/App/facedetection.o
                0x00000000080032f0                ai_facedetection_run
 .text.ai_facedetection_data_weights_get
                0x00000000080032f4        0x8 X-CUBE-AI/App/facedetection_data.o
                0x00000000080032f4                ai_facedetection_data_weights_get
 .text.unlikely._platform_network_state_setup.isra.1
                0x00000000080032fc       0x3e ../Middlewares/ST/AI/Lib\NetworkRuntime520_CM33_GCC.a(ai_platform_interface.o)
 *fill*         0x000000000800333a        0x2 
 .text.ai_platform_network_create
                0x000000000800333c       0xb4 ../Middlewares/ST/AI/Lib\NetworkRuntime520_CM33_GCC.a(ai_platform_interface.o)
                0x000000000800333c                ai_platform_network_create
 .text.ai_platform_network_init
                0x00000000080033f0      0x100 ../Middlewares/ST/AI/Lib\NetworkRuntime520_CM33_GCC.a(ai_platform_interface.o)
                0x00000000080033f0                ai_platform_network_init
 .text.ai_platform_network_post_init
                0x00000000080034f0       0x90 ../Middlewares/ST/AI/Lib\NetworkRuntime520_CM33_GCC.a(ai_platform_interface.o)
                0x00000000080034f0                ai_platform_network_post_init
 .text.ai_platform_network_process
                0x0000000008003580      0x418 ../Middlewares/ST/AI/Lib\NetworkRuntime520_CM33_GCC.a(ai_platform_interface.o)
                0x0000000008003580                ai_platform_network_process
 .text.node_convert
                0x0000000008003998      0x294 ../Middlewares/ST/AI/Lib\NetworkRuntime520_CM33_GCC.a(core_convert.o)
                0x0000000008003998                node_convert
 .text.core_init
                0x0000000008003c2c        0x4 ../Middlewares/ST/AI/Lib\NetworkRuntime520_CM33_GCC.a(core_common.o)
                0x0000000008003c2c                core_init
 .text.core_set_error
                0x0000000008003c30       0x18 ../Middlewares/ST/AI/Lib\NetworkRuntime520_CM33_GCC.a(core_common.o)
                0x0000000008003c30                core_set_error
 .text.func_dummy
                0x0000000008003c48        0x4 ../Middlewares/ST/AI/Lib\NetworkRuntime520_CM33_GCC.a(layers_conv2d_stm32_integer.o)
 .text.forward_conv2d_nl_pool_integer_UAUA
                0x0000000008003c4c      0x69c ../Middlewares/ST/AI/Lib\NetworkRuntime520_CM33_GCC.a(layers_conv2d_stm32_integer.o)
                0x0000000008003c4c                forward_conv2d_nl_pool_integer_UAUA
 .text.forward_dense_integer_UAUA
                0x00000000080042e8      0x23c ../Middlewares/ST/AI/Lib\NetworkRuntime520_CM33_GCC.a(layers_conv2d_stm32_integer.o)
                0x00000000080042e8                forward_dense_integer_UAUA
 .text.forward_sm
                0x0000000008004524      0x120 ../Middlewares/ST/AI/Lib\NetworkRuntime520_CM33_GCC.a(layers_nl_generic_float.o)
                0x0000000008004524                forward_sm
 .text.ai_check_custom_types
                0x0000000008004644       0x54 ../Middlewares/ST/AI/Lib\NetworkRuntime520_CM33_GCC.a(layers.o)
                0x0000000008004644                ai_check_custom_types
 .text.ai_layers_forward_all
                0x0000000008004698       0x74 ../Middlewares/ST/AI/Lib\NetworkRuntime520_CM33_GCC.a(layers.o)
                0x0000000008004698                ai_layers_forward_all
 .text.pool_func_mp_array_integer_UINT8
                0x000000000800470c      0x154 ../Middlewares/ST/AI/Lib\NetworkRuntime520_CM33_GCC.a(layers_pool_stm32_integer.o)
                0x000000000800470c                pool_func_mp_array_integer_UINT8
 .text.arm_float_to_q15
                0x0000000008004860      0x168 ../Middlewares/ST/AI/Lib\NetworkRuntime520_CM33_GCC.a(arm_float_to_q15.o)
                0x0000000008004860                arm_float_to_q15
 .text.arm_float_to_q7
                0x00000000080049c8      0x194 ../Middlewares/ST/AI/Lib\NetworkRuntime520_CM33_GCC.a(arm_float_to_q7.o)
                0x00000000080049c8                arm_float_to_q7
 .text.arm_q15_to_float
                0x0000000008004b5c       0xd0 ../Middlewares/ST/AI/Lib\NetworkRuntime520_CM33_GCC.a(arm_q15_to_float.o)
                0x0000000008004b5c                arm_q15_to_float
 .text.arm_q7_to_float
                0x0000000008004c2c       0xcc ../Middlewares/ST/AI/Lib\NetworkRuntime520_CM33_GCC.a(arm_q7_to_float.o)
                0x0000000008004c2c                arm_q7_to_float
 .text.st_uaua8_convolve_rank1upd
                0x0000000008004cf8      0x104 ../Middlewares/ST/AI/Lib\NetworkRuntime520_CM33_GCC.a(st_uaua8_convolve.o)
                0x0000000008004cf8                st_uaua8_convolve_rank1upd
 .text.st_uaua8_convolve
                0x0000000008004dfc      0x4c4 ../Middlewares/ST/AI/Lib\NetworkRuntime520_CM33_GCC.a(st_uaua8_convolve.o)
                0x0000000008004dfc                st_uaua8_convolve
 .text.align_factor
                0x00000000080052c0       0xbc ../Middlewares/ST/AI/Lib\NetworkRuntime520_CM33_GCC.a(st_convolve_reference.o)
                0x00000000080052c0                align_factor
 .text.st_uaua8_convolve_1x1
                0x000000000800537c       0xa4 ../Middlewares/ST/AI/Lib\NetworkRuntime520_CM33_GCC.a(st_uaua8_convolve_1x1.o)
                0x000000000800537c                st_uaua8_convolve_1x1
 .text.st_uaua8_conv_dw_Wadapt
                0x0000000008005420      0x198 ../Middlewares/ST/AI/Lib\NetworkRuntime520_CM33_GCC.a(st_uaua8_convolve_dw.o)
                0x0000000008005420                st_uaua8_conv_dw_Wadapt
 .text.st_uaua8_convolve_dw
                0x00000000080055b8      0xb28 ../Middlewares/ST/AI/Lib\NetworkRuntime520_CM33_GCC.a(st_uaua8_convolve_dw.o)
                0x00000000080055b8                st_uaua8_convolve_dw
 .text.st_uaua8_fully_connected
                0x00000000080060e0      0x628 ../Middlewares/ST/AI/Lib\NetworkRuntime520_CM33_GCC.a(st_uaua8_dense.o)
                0x00000000080060e0                st_uaua8_fully_connected
 .text.ai_padding_opt_init
                0x0000000008006708       0xb4 ../Middlewares/ST/AI/Lib\NetworkRuntime520_CM33_GCC.a(st_padding_opt.o)
                0x0000000008006708                ai_padding_opt_init
 .text.ai_padding_opt_phase1
                0x00000000080067bc       0x30 ../Middlewares/ST/AI/Lib\NetworkRuntime520_CM33_GCC.a(st_padding_opt.o)
                0x00000000080067bc                ai_padding_opt_phase1
 .text.st_uint8_fill
                0x00000000080067ec       0x3c ../Middlewares/ST/AI/Lib\NetworkRuntime520_CM33_GCC.a(st_uint8_fill.o)
                0x00000000080067ec                st_uint8_fill
 .text.st_uint8_reordered_no_shift_zero
                0x0000000008006828       0x68 ../Middlewares/ST/AI/Lib\NetworkRuntime520_CM33_GCC.a(st_uint8_reordered_no_shift.o)
                0x0000000008006828                st_uint8_reordered_no_shift_zero
 .text.st_uaua8_nn_mat_mult_nt_t
                0x0000000008006890      0x868 ../Middlewares/ST/AI/Lib\NetworkRuntime520_CM33_GCC.a(st_uaua8_nn_mat_mult_nt_t.o)
                0x0000000008006890                st_uaua8_nn_mat_mult_nt_t
 .text.st_uaua8_nn_mat_mult_kernel
                0x00000000080070f8      0x788 ../Middlewares/ST/AI/Lib\NetworkRuntime520_CM33_GCC.a(st_uaua8_nn_mat_mult_kernel.o)
                0x00000000080070f8                st_uaua8_nn_mat_mult_kernel
 .text.st_uint8_to16_no_shift
                0x0000000008007880      0x13c ../Middlewares/ST/AI/Lib\NetworkRuntime520_CM33_GCC.a(st_uint8_to16_no_shift.o)
                0x0000000008007880                st_uint8_to16_no_shift
 .text.st_uint8_maxpool
                0x00000000080079bc      0x338 ../Middlewares/ST/AI/Lib\NetworkRuntime520_CM33_GCC.a(st_uint8_pool.o)
                0x00000000080079bc                st_uint8_maxpool
 .text.ai_array_to_buffer_fmt
                0x0000000008007cf4       0x98 ../Middlewares/ST/AI/Lib\NetworkRuntime520_CM33_GCC.a(ai_datatypes_format.o)
                0x0000000008007cf4                ai_array_to_buffer_fmt
 .text.ai_array_get_byte_size
                0x0000000008007d8c       0x44 ../Middlewares/ST/AI/Lib\NetworkRuntime520_CM33_GCC.a(ai_datatypes_format.o)
                0x0000000008007d8c                ai_array_get_byte_size
 .text.core_tensor_clone
                0x0000000008007dd0       0x64 ../Middlewares/ST/AI/Lib\NetworkRuntime520_CM33_GCC.a(core_utils.o)
                0x0000000008007dd0                core_tensor_clone
 .text.core_array_clone
                0x0000000008007e34       0x10 ../Middlewares/ST/AI/Lib\NetworkRuntime520_CM33_GCC.a(core_utils.o)
                0x0000000008007e34                core_array_clone
 .text.arm_copy_q7
                0x0000000008007e44       0x44 ../Middlewares/ST/AI/Lib\NetworkRuntime520_CM33_GCC.a(arm_copy_q7.o)
                0x0000000008007e44                arm_copy_q7
 .text.arm_fill_q15
                0x0000000008007e88       0x38 ../Middlewares/ST/AI/Lib\NetworkRuntime520_CM33_GCC.a(arm_fill_q15.o)
                0x0000000008007e88                arm_fill_q15
 .text.fabsf    0x0000000008007ec0        0xe c:/st/stm32cubeide_1.4.0/stm32cubeide/plugins/com.st.stm32cube.ide.mcu.externaltools.gnu-tools-for-stm32.7-2018-q2-update.win32_1.4.0.202007081208/tools/bin/../lib/gcc/arm-none-eabi/7.3.1/../../../../arm-none-eabi/lib/thumb/v8-m.main/fpv5-sp/hard\libm.a(lib_a-sf_fabs.o)
                0x0000000008007ec0                fabsf
 *fill*         0x0000000008007ece        0x2 
 .text.expf     0x0000000008007ed0       0xf4 c:/st/stm32cubeide_1.4.0/stm32cubeide/plugins/com.st.stm32cube.ide.mcu.externaltools.gnu-tools-for-stm32.7-2018-q2-update.win32_1.4.0.202007081208/tools/bin/../lib/gcc/arm-none-eabi/7.3.1/../../../../arm-none-eabi/lib/thumb/v8-m.main/fpv5-sp/hard\libm.a(lib_a-wf_exp.o)
                0x0000000008007ed0                expf
 .text.powf     0x0000000008007fc4      0x2c8 c:/st/stm32cubeide_1.4.0/stm32cubeide/plugins/com.st.stm32cube.ide.mcu.externaltools.gnu-tools-for-stm32.7-2018-q2-update.win32_1.4.0.202007081208/tools/bin/../lib/gcc/arm-none-eabi/7.3.1/../../../../arm-none-eabi/lib/thumb/v8-m.main/fpv5-sp/hard\libm.a(lib_a-wf_pow.o)
                0x0000000008007fc4                powf
 .text.__ieee754_expf
                0x000000000800828c      0x1a4 c:/st/stm32cubeide_1.4.0/stm32cubeide/plugins/com.st.stm32cube.ide.mcu.externaltools.gnu-tools-for-stm32.7-2018-q2-update.win32_1.4.0.202007081208/tools/bin/../lib/gcc/arm-none-eabi/7.3.1/../../../../arm-none-eabi/lib/thumb/v8-m.main/fpv5-sp/hard\libm.a(lib_a-ef_exp.o)
                0x000000000800828c                __ieee754_expf
 .text.__ieee754_powf
                0x0000000008008430      0x584 c:/st/stm32cubeide_1.4.0/stm32cubeide/plugins/com.st.stm32cube.ide.mcu.externaltools.gnu-tools-for-stm32.7-2018-q2-update.win32_1.4.0.202007081208/tools/bin/../lib/gcc/arm-none-eabi/7.3.1/../../../../arm-none-eabi/lib/thumb/v8-m.main/fpv5-sp/hard\libm.a(lib_a-ef_pow.o)
                0x0000000008008430                __ieee754_powf
 .text.__ieee754_sqrtf
                0x00000000080089b4        0x6 c:/st/stm32cubeide_1.4.0/stm32cubeide/plugins/com.st.stm32cube.ide.mcu.externaltools.gnu-tools-for-stm32.7-2018-q2-update.win32_1.4.0.202007081208/tools/bin/../lib/gcc/arm-none-eabi/7.3.1/../../../../arm-none-eabi/lib/thumb/v8-m.main/fpv5-sp/hard\libm.a(lib_a-ef_sqrt.o)
                0x00000000080089b4                __ieee754_sqrtf
 .text.matherr  0x00000000080089ba        0x4 c:/st/stm32cubeide_1.4.0/stm32cubeide/plugins/com.st.stm32cube.ide.mcu.externaltools.gnu-tools-for-stm32.7-2018-q2-update.win32_1.4.0.202007081208/tools/bin/../lib/gcc/arm-none-eabi/7.3.1/../../../../arm-none-eabi/lib/thumb/v8-m.main/fpv5-sp/hard\libm.a(lib_a-s_matherr.o)
                0x00000000080089ba                matherr
 .text.finitef  0x00000000080089be       0x14 c:/st/stm32cubeide_1.4.0/stm32cubeide/plugins/com.st.stm32cube.ide.mcu.externaltools.gnu-tools-for-stm32.7-2018-q2-update.win32_1.4.0.202007081208/tools/bin/../lib/gcc/arm-none-eabi/7.3.1/../../../../arm-none-eabi/lib/thumb/v8-m.main/fpv5-sp/hard\libm.a(lib_a-sf_finite.o)
                0x00000000080089be                finitef
 *fill*         0x00000000080089d2        0x2 
 .text.nanf     0x00000000080089d4        0xc c:/st/stm32cubeide_1.4.0/stm32cubeide/plugins/com.st.stm32cube.ide.mcu.externaltools.gnu-tools-for-stm32.7-2018-q2-update.win32_1.4.0.202007081208/tools/bin/../lib/gcc/arm-none-eabi/7.3.1/../../../../arm-none-eabi/lib/thumb/v8-m.main/fpv5-sp/hard\libm.a(lib_a-sf_nan.o)
                0x00000000080089d4                nanf
 .text.rintf    0x00000000080089e0        0x6 c:/st/stm32cubeide_1.4.0/stm32cubeide/plugins/com.st.stm32cube.ide.mcu.externaltools.gnu-tools-for-stm32.7-2018-q2-update.win32_1.4.0.202007081208/tools/bin/../lib/gcc/arm-none-eabi/7.3.1/../../../../arm-none-eabi/lib/thumb/v8-m.main/fpv5-sp/hard\libm.a(lib_a-sf_rint.o)
                0x00000000080089e0                rintf
 *fill*         0x00000000080089e6        0x2 
 .text.scalbnf  0x00000000080089e8       0xc0 c:/st/stm32cubeide_1.4.0/stm32cubeide/plugins/com.st.stm32cube.ide.mcu.externaltools.gnu-tools-for-stm32.7-2018-q2-update.win32_1.4.0.202007081208/tools/bin/../lib/gcc/arm-none-eabi/7.3.1/../../../../arm-none-eabi/lib/thumb/v8-m.main/fpv5-sp/hard\libm.a(lib_a-sf_scalbn.o)
                0x00000000080089e8                scalbnf
 .text.copysignf
                0x0000000008008aa8       0x18 c:/st/stm32cubeide_1.4.0/stm32cubeide/plugins/com.st.stm32cube.ide.mcu.externaltools.gnu-tools-for-stm32.7-2018-q2-update.win32_1.4.0.202007081208/tools/bin/../lib/gcc/arm-none-eabi/7.3.1/../../../../arm-none-eabi/lib/thumb/v8-m.main/fpv5-sp/hard\libm.a(lib_a-sf_copysign.o)
                0x0000000008008aa8                copysignf
 .text.__errno  0x0000000008008ac0        0xc c:/st/stm32cubeide_1.4.0/stm32cubeide/plugins/com.st.stm32cube.ide.mcu.externaltools.gnu-tools-for-stm32.7-2018-q2-update.win32_1.4.0.202007081208/tools/bin/../lib/gcc/arm-none-eabi/7.3.1/../../../../arm-none-eabi/lib/thumb/v8-m.main/fpv5-sp/hard\libc_nano.a(lib_a-errno.o)
                0x0000000008008ac0                __errno
 .text.__libc_init_array
                0x0000000008008acc       0x48 c:/st/stm32cubeide_1.4.0/stm32cubeide/plugins/com.st.stm32cube.ide.mcu.externaltools.gnu-tools-for-stm32.7-2018-q2-update.win32_1.4.0.202007081208/tools/bin/../lib/gcc/arm-none-eabi/7.3.1/../../../../arm-none-eabi/lib/thumb/v8-m.main/fpv5-sp/hard\libc_nano.a(lib_a-init.o)
                0x0000000008008acc                __libc_init_array
 .text.malloc   0x0000000008008b14       0x10 c:/st/stm32cubeide_1.4.0/stm32cubeide/plugins/com.st.stm32cube.ide.mcu.externaltools.gnu-tools-for-stm32.7-2018-q2-update.win32_1.4.0.202007081208/tools/bin/../lib/gcc/arm-none-eabi/7.3.1/../../../../arm-none-eabi/lib/thumb/v8-m.main/fpv5-sp/hard\libc_nano.a(lib_a-malloc.o)
                0x0000000008008b14                malloc
 .text.memcpy   0x0000000008008b24       0x16 c:/st/stm32cubeide_1.4.0/stm32cubeide/plugins/com.st.stm32cube.ide.mcu.externaltools.gnu-tools-for-stm32.7-2018-q2-update.win32_1.4.0.202007081208/tools/bin/../lib/gcc/arm-none-eabi/7.3.1/../../../../arm-none-eabi/lib/thumb/v8-m.main/fpv5-sp/hard\libc_nano.a(lib_a-memcpy-stub.o)
                0x0000000008008b24                memcpy
 .text.memset   0x0000000008008b3a       0x10 c:/st/stm32cubeide_1.4.0/stm32cubeide/plugins/com.st.stm32cube.ide.mcu.externaltools.gnu-tools-for-stm32.7-2018-q2-update.win32_1.4.0.202007081208/tools/bin/../lib/gcc/arm-none-eabi/7.3.1/../../../../arm-none-eabi/lib/thumb/v8-m.main/fpv5-sp/hard\libc_nano.a(lib_a-memset.o)
                0x0000000008008b3a                memset
 *fill*         0x0000000008008b4a        0x2 
 .text._free_r  0x0000000008008b4c       0x9c c:/st/stm32cubeide_1.4.0/stm32cubeide/plugins/com.st.stm32cube.ide.mcu.externaltools.gnu-tools-for-stm32.7-2018-q2-update.win32_1.4.0.202007081208/tools/bin/../lib/gcc/arm-none-eabi/7.3.1/../../../../arm-none-eabi/lib/thumb/v8-m.main/fpv5-sp/hard\libc_nano.a(lib_a-nano-freer.o)
                0x0000000008008b4c                _free_r
 .text._malloc_r
                0x0000000008008be8       0xb4 c:/st/stm32cubeide_1.4.0/stm32cubeide/plugins/com.st.stm32cube.ide.mcu.externaltools.gnu-tools-for-stm32.7-2018-q2-update.win32_1.4.0.202007081208/tools/bin/../lib/gcc/arm-none-eabi/7.3.1/../../../../arm-none-eabi/lib/thumb/v8-m.main/fpv5-sp/hard\libc_nano.a(lib_a-nano-mallocr.o)
                0x0000000008008be8                _malloc_r
 .text.__cvt    0x0000000008008c9c       0xc2 c:/st/stm32cubeide_1.4.0/stm32cubeide/plugins/com.st.stm32cube.ide.mcu.externaltools.gnu-tools-for-stm32.7-2018-q2-update.win32_1.4.0.202007081208/tools/bin/../lib/gcc/arm-none-eabi/7.3.1/../../../../arm-none-eabi/lib/thumb/v8-m.main/fpv5-sp/hard\libc_nano.a(lib_a-nano-vfprintf_float.o)
                0x0000000008008c9c                __cvt
 .text.__exponent
                0x0000000008008d5e       0x66 c:/st/stm32cubeide_1.4.0/stm32cubeide/plugins/com.st.stm32cube.ide.mcu.externaltools.gnu-tools-for-stm32.7-2018-q2-update.win32_1.4.0.202007081208/tools/bin/../lib/gcc/arm-none-eabi/7.3.1/../../../../arm-none-eabi/lib/thumb/v8-m.main/fpv5-sp/hard\libc_nano.a(lib_a-nano-vfprintf_float.o)
                0x0000000008008d5e                __exponent
 .text._printf_float
                0x0000000008008dc4      0x480 c:/st/stm32cubeide_1.4.0/stm32cubeide/plugins/com.st.stm32cube.ide.mcu.externaltools.gnu-tools-for-stm32.7-2018-q2-update.win32_1.4.0.202007081208/tools/bin/../lib/gcc/arm-none-eabi/7.3.1/../../../../arm-none-eabi/lib/thumb/v8-m.main/fpv5-sp/hard\libc_nano.a(lib_a-nano-vfprintf_float.o)
                0x0000000008008dc4                _printf_float
 .text._printf_common
                0x0000000008009244       0xf0 c:/st/stm32cubeide_1.4.0/stm32cubeide/plugins/com.st.stm32cube.ide.mcu.externaltools.gnu-tools-for-stm32.7-2018-q2-update.win32_1.4.0.202007081208/tools/bin/../lib/gcc/arm-none-eabi/7.3.1/../../../../arm-none-eabi/lib/thumb/v8-m.main/fpv5-sp/hard\libc_nano.a(lib_a-nano-vfprintf_i.o)
                0x0000000008009244                _printf_common
 .text._printf_i
                0x0000000008009334      0x224 c:/st/stm32cubeide_1.4.0/stm32cubeide/plugins/com.st.stm32cube.ide.mcu.externaltools.gnu-tools-for-stm32.7-2018-q2-update.win32_1.4.0.202007081208/tools/bin/../lib/gcc/arm-none-eabi/7.3.1/../../../../arm-none-eabi/lib/thumb/v8-m.main/fpv5-sp/hard\libc_nano.a(lib_a-nano-vfprintf_i.o)
                0x0000000008009334                _printf_i
 .text._sbrk_r  0x0000000008009558       0x20 c:/st/stm32cubeide_1.4.0/stm32cubeide/plugins/com.st.stm32cube.ide.mcu.externaltools.gnu-tools-for-stm32.7-2018-q2-update.win32_1.4.0.202007081208/tools/bin/../lib/gcc/arm-none-eabi/7.3.1/../../../../arm-none-eabi/lib/thumb/v8-m.main/fpv5-sp/hard\libc_nano.a(lib_a-sbrkr.o)
                0x0000000008009558                _sbrk_r
 .text.sprintf  0x0000000008009578       0x40 c:/st/stm32cubeide_1.4.0/stm32cubeide/plugins/com.st.stm32cube.ide.mcu.externaltools.gnu-tools-for-stm32.7-2018-q2-update.win32_1.4.0.202007081208/tools/bin/../lib/gcc/arm-none-eabi/7.3.1/../../../../arm-none-eabi/lib/thumb/v8-m.main/fpv5-sp/hard\libc_nano.a(lib_a-sprintf.o)
                0x0000000008009578                siprintf
                0x0000000008009578                sprintf
 .text.strcpy   0x00000000080095b8       0x10 c:/st/stm32cubeide_1.4.0/stm32cubeide/plugins/com.st.stm32cube.ide.mcu.externaltools.gnu-tools-for-stm32.7-2018-q2-update.win32_1.4.0.202007081208/tools/bin/../lib/gcc/arm-none-eabi/7.3.1/../../../../arm-none-eabi/lib/thumb/v8-m.main/fpv5-sp/hard\libc_nano.a(lib_a-strcpy.o)
                0x00000000080095b8                strcpy
 .text.quorem   0x00000000080095c8      0x120 c:/st/stm32cubeide_1.4.0/stm32cubeide/plugins/com.st.stm32cube.ide.mcu.externaltools.gnu-tools-for-stm32.7-2018-q2-update.win32_1.4.0.202007081208/tools/bin/../lib/gcc/arm-none-eabi/7.3.1/../../../../arm-none-eabi/lib/thumb/v8-m.main/fpv5-sp/hard\libc_nano.a(lib_a-dtoa.o)
 .text._dtoa_r  0x00000000080096e8      0xb68 c:/st/stm32cubeide_1.4.0/stm32cubeide/plugins/com.st.stm32cube.ide.mcu.externaltools.gnu-tools-for-stm32.7-2018-q2-update.win32_1.4.0.202007081208/tools/bin/../lib/gcc/arm-none-eabi/7.3.1/../../../../arm-none-eabi/lib/thumb/v8-m.main/fpv5-sp/hard\libc_nano.a(lib_a-dtoa.o)
                0x00000000080096e8                _dtoa_r
 .text._localeconv_r
                0x000000000800a250       0x1c c:/st/stm32cubeide_1.4.0/stm32cubeide/plugins/com.st.stm32cube.ide.mcu.externaltools.gnu-tools-for-stm32.7-2018-q2-update.win32_1.4.0.202007081208/tools/bin/../lib/gcc/arm-none-eabi/7.3.1/../../../../arm-none-eabi/lib/thumb/v8-m.main/fpv5-sp/hard\libc_nano.a(lib_a-localeconv.o)
                0x000000000800a250                _localeconv_r
 .text.memchr   0x000000000800a26c       0x1c c:/st/stm32cubeide_1.4.0/stm32cubeide/plugins/com.st.stm32cube.ide.mcu.externaltools.gnu-tools-for-stm32.7-2018-q2-update.win32_1.4.0.202007081208/tools/bin/../lib/gcc/arm-none-eabi/7.3.1/../../../../arm-none-eabi/lib/thumb/v8-m.main/fpv5-sp/hard\libc_nano.a(lib_a-memchr-stub.o)
                0x000000000800a26c                memchr
 .text.__malloc_lock
                0x000000000800a288        0x2 c:/st/stm32cubeide_1.4.0/stm32cubeide/plugins/com.st.stm32cube.ide.mcu.externaltools.gnu-tools-for-stm32.7-2018-q2-update.win32_1.4.0.202007081208/tools/bin/../lib/gcc/arm-none-eabi/7.3.1/../../../../arm-none-eabi/lib/thumb/v8-m.main/fpv5-sp/hard\libc_nano.a(lib_a-mlock.o)
                0x000000000800a288                __malloc_lock
 .text.__malloc_unlock
                0x000000000800a28a        0x2 c:/st/stm32cubeide_1.4.0/stm32cubeide/plugins/com.st.stm32cube.ide.mcu.externaltools.gnu-tools-for-stm32.7-2018-q2-update.win32_1.4.0.202007081208/tools/bin/../lib/gcc/arm-none-eabi/7.3.1/../../../../arm-none-eabi/lib/thumb/v8-m.main/fpv5-sp/hard\libc_nano.a(lib_a-mlock.o)
                0x000000000800a28a                __malloc_unlock
 .text._Balloc  0x000000000800a28c       0x68 c:/st/stm32cubeide_1.4.0/stm32cubeide/plugins/com.st.stm32cube.ide.mcu.externaltools.gnu-tools-for-stm32.7-2018-q2-update.win32_1.4.0.202007081208/tools/bin/../lib/gcc/arm-none-eabi/7.3.1/../../../../arm-none-eabi/lib/thumb/v8-m.main/fpv5-sp/hard\libc_nano.a(lib_a-mprec.o)
                0x000000000800a28c                _Balloc
 .text._Bfree   0x000000000800a2f4       0x2e c:/st/stm32cubeide_1.4.0/stm32cubeide/plugins/com.st.stm32cube.ide.mcu.externaltools.gnu-tools-for-stm32.7-2018-q2-update.win32_1.4.0.202007081208/tools/bin/../lib/gcc/arm-none-eabi/7.3.1/../../../../arm-none-eabi/lib/thumb/v8-m.main/fpv5-sp/hard\libc_nano.a(lib_a-mprec.o)
                0x000000000800a2f4                _Bfree
 .text.__multadd
                0x000000000800a322       0x7a c:/st/stm32cubeide_1.4.0/stm32cubeide/plugins/com.st.stm32cube.ide.mcu.externaltools.gnu-tools-for-stm32.7-2018-q2-update.win32_1.4.0.202007081208/tools/bin/../lib/gcc/arm-none-eabi/7.3.1/../../../../arm-none-eabi/lib/thumb/v8-m.main/fpv5-sp/hard\libc_nano.a(lib_a-mprec.o)
                0x000000000800a322                __multadd
 .text.__hi0bits
                0x000000000800a39c       0x3e c:/st/stm32cubeide_1.4.0/stm32cubeide/plugins/com.st.stm32cube.ide.mcu.externaltools.gnu-tools-for-stm32.7-2018-q2-update.win32_1.4.0.202007081208/tools/bin/../lib/gcc/arm-none-eabi/7.3.1/../../../../arm-none-eabi/lib/thumb/v8-m.main/fpv5-sp/hard\libc_nano.a(lib_a-mprec.o)
                0x000000000800a39c                __hi0bits
 .text.__lo0bits
                0x000000000800a3da       0x5e c:/st/stm32cubeide_1.4.0/stm32cubeide/plugins/com.st.stm32cube.ide.mcu.externaltools.gnu-tools-for-stm32.7-2018-q2-update.win32_1.4.0.202007081208/tools/bin/../lib/gcc/arm-none-eabi/7.3.1/../../../../arm-none-eabi/lib/thumb/v8-m.main/fpv5-sp/hard\libc_nano.a(lib_a-mprec.o)
                0x000000000800a3da                __lo0bits
 .text.__i2b    0x000000000800a438       0x12 c:/st/stm32cubeide_1.4.0/stm32cubeide/plugins/com.st.stm32cube.ide.mcu.externaltools.gnu-tools-for-stm32.7-2018-q2-update.win32_1.4.0.202007081208/tools/bin/../lib/gcc/arm-none-eabi/7.3.1/../../../../arm-none-eabi/lib/thumb/v8-m.main/fpv5-sp/hard\libc_nano.a(lib_a-mprec.o)
                0x000000000800a438                __i2b
 .text.__multiply
                0x000000000800a44a      0x12a c:/st/stm32cubeide_1.4.0/stm32cubeide/plugins/com.st.stm32cube.ide.mcu.externaltools.gnu-tools-for-stm32.7-2018-q2-update.win32_1.4.0.202007081208/tools/bin/../lib/gcc/arm-none-eabi/7.3.1/../../../../arm-none-eabi/lib/thumb/v8-m.main/fpv5-sp/hard\libc_nano.a(lib_a-mprec.o)
                0x000000000800a44a                __multiply
 .text.__pow5mult
                0x000000000800a574       0x9c c:/st/stm32cubeide_1.4.0/stm32cubeide/plugins/com.st.stm32cube.ide.mcu.externaltools.gnu-tools-for-stm32.7-2018-q2-update.win32_1.4.0.202007081208/tools/bin/../lib/gcc/arm-none-eabi/7.3.1/../../../../arm-none-eabi/lib/thumb/v8-m.main/fpv5-sp/hard\libc_nano.a(lib_a-mprec.o)
                0x000000000800a574                __pow5mult
 .text.__lshift
                0x000000000800a610       0xa8 c:/st/stm32cubeide_1.4.0/stm32cubeide/plugins/com.st.stm32cube.ide.mcu.externaltools.gnu-tools-for-stm32.7-2018-q2-update.win32_1.4.0.202007081208/tools/bin/../lib/gcc/arm-none-eabi/7.3.1/../../../../arm-none-eabi/lib/thumb/v8-m.main/fpv5-sp/hard\libc_nano.a(lib_a-mprec.o)
                0x000000000800a610                __lshift
 .text.__mcmp   0x000000000800a6b8       0x34 c:/st/stm32cubeide_1.4.0/stm32cubeide/plugins/com.st.stm32cube.ide.mcu.externaltools.gnu-tools-for-stm32.7-2018-q2-update.win32_1.4.0.202007081208/tools/bin/../lib/gcc/arm-none-eabi/7.3.1/../../../../arm-none-eabi/lib/thumb/v8-m.main/fpv5-sp/hard\libc_nano.a(lib_a-mprec.o)
                0x000000000800a6b8                __mcmp
 .text.__mdiff  0x000000000800a6ec       0xc0 c:/st/stm32cubeide_1.4.0/stm32cubeide/plugins/com.st.stm32cube.ide.mcu.externaltools.gnu-tools-for-stm32.7-2018-q2-update.win32_1.4.0.202007081208/tools/bin/../lib/gcc/arm-none-eabi/7.3.1/../../../../arm-none-eabi/lib/thumb/v8-m.main/fpv5-sp/hard\libc_nano.a(lib_a-mprec.o)
                0x000000000800a6ec                __mdiff
 .text.__d2b    0x000000000800a7ac       0x9e c:/st/stm32cubeide_1.4.0/stm32cubeide/plugins/com.st.stm32cube.ide.mcu.externaltools.gnu-tools-for-stm32.7-2018-q2-update.win32_1.4.0.202007081208/tools/bin/../lib/gcc/arm-none-eabi/7.3.1/../../../../arm-none-eabi/lib/thumb/v8-m.main/fpv5-sp/hard\libc_nano.a(lib_a-mprec.o)
                0x000000000800a7ac                __d2b
 .text._calloc_r
                0x000000000800a84a       0x1c c:/st/stm32cubeide_1.4.0/stm32cubeide/plugins/com.st.stm32cube.ide.mcu.externaltools.gnu-tools-for-stm32.7-2018-q2-update.win32_1.4.0.202007081208/tools/bin/../lib/gcc/arm-none-eabi/7.3.1/../../../../arm-none-eabi/lib/thumb/v8-m.main/fpv5-sp/hard\libc_nano.a(lib_a-nano-callocr.o)
                0x000000000800a84a                _calloc_r
 .text._realloc_r
                0x000000000800a866       0x4c c:/st/stm32cubeide_1.4.0/stm32cubeide/plugins/com.st.stm32cube.ide.mcu.externaltools.gnu-tools-for-stm32.7-2018-q2-update.win32_1.4.0.202007081208/tools/bin/../lib/gcc/arm-none-eabi/7.3.1/../../../../arm-none-eabi/lib/thumb/v8-m.main/fpv5-sp/hard\libc_nano.a(lib_a-nano-reallocr.o)
                0x000000000800a866                _realloc_r
 .text.__ssputs_r
                0x000000000800a8b2       0xb4 c:/st/stm32cubeide_1.4.0/stm32cubeide/plugins/com.st.stm32cube.ide.mcu.externaltools.gnu-tools-for-stm32.7-2018-q2-update.win32_1.4.0.202007081208/tools/bin/../lib/gcc/arm-none-eabi/7.3.1/../../../../arm-none-eabi/lib/thumb/v8-m.main/fpv5-sp/hard\libc_nano.a(lib_a-nano-svfprintf.o)
                0x000000000800a8b2                __ssputs_r
 *fill*         0x000000000800a966        0x2 
 .text._svfprintf_r
                0x000000000800a968      0x1f0 c:/st/stm32cubeide_1.4.0/stm32cubeide/plugins/com.st.stm32cube.ide.mcu.externaltools.gnu-tools-for-stm32.7-2018-q2-update.win32_1.4.0.202007081208/tools/bin/../lib/gcc/arm-none-eabi/7.3.1/../../../../arm-none-eabi/lib/thumb/v8-m.main/fpv5-sp/hard\libc_nano.a(lib_a-nano-svfprintf.o)
                0x000000000800a968                _svfiprintf_r
                0x000000000800a968                _svfprintf_r
 .text.__ascii_mbtowc
                0x000000000800ab58       0x24 c:/st/stm32cubeide_1.4.0/stm32cubeide/plugins/com.st.stm32cube.ide.mcu.externaltools.gnu-tools-for-stm32.7-2018-q2-update.win32_1.4.0.202007081208/tools/bin/../lib/gcc/arm-none-eabi/7.3.1/../../../../arm-none-eabi/lib/thumb/v8-m.main/fpv5-sp/hard\libc_nano.a(lib_a-mbtowc_r.o)
                0x000000000800ab58                __ascii_mbtowc
 .text.memmove  0x000000000800ab7c       0x32 c:/st/stm32cubeide_1.4.0/stm32cubeide/plugins/com.st.stm32cube.ide.mcu.externaltools.gnu-tools-for-stm32.7-2018-q2-update.win32_1.4.0.202007081208/tools/bin/../lib/gcc/arm-none-eabi/7.3.1/../../../../arm-none-eabi/lib/thumb/v8-m.main/fpv5-sp/hard\libc_nano.a(lib_a-memmove.o)
                0x000000000800ab7c                memmove
 .text._malloc_usable_size_r
                0x000000000800abae       0x10 c:/st/stm32cubeide_1.4.0/stm32cubeide/plugins/com.st.stm32cube.ide.mcu.externaltools.gnu-tools-for-stm32.7-2018-q2-update.win32_1.4.0.202007081208/tools/bin/../lib/gcc/arm-none-eabi/7.3.1/../../../../arm-none-eabi/lib/thumb/v8-m.main/fpv5-sp/hard\libc_nano.a(lib_a-nano-msizer.o)
                0x000000000800abae                _malloc_usable_size_r
 .text.__ascii_wctomb
                0x000000000800abbe       0x1a c:/st/stm32cubeide_1.4.0/stm32cubeide/plugins/com.st.stm32cube.ide.mcu.externaltools.gnu-tools-for-stm32.7-2018-q2-update.win32_1.4.0.202007081208/tools/bin/../lib/gcc/arm-none-eabi/7.3.1/../../../../arm-none-eabi/lib/thumb/v8-m.main/fpv5-sp/hard\libc_nano.a(lib_a-wctomb_r.o)
                0x000000000800abbe                __ascii_wctomb
 *(.glue_7)
 .glue_7        0x000000000800abd8        0x0 linker stubs
 *(.glue_7t)
 .glue_7t       0x000000000800abd8        0x0 linker stubs
 *(.eh_frame)
 .eh_frame      0x000000000800abd8        0x0 c:/st/stm32cubeide_1.4.0/stm32cubeide/plugins/com.st.stm32cube.ide.mcu.externaltools.gnu-tools-for-stm32.7-2018-q2-update.win32_1.4.0.202007081208/tools/bin/../lib/gcc/arm-none-eabi/7.3.1/thumb/v8-m.main/fpv5-sp/hard/crtbegin.o
 *(.init)
 .init          0x000000000800abd8        0x4 c:/st/stm32cubeide_1.4.0/stm32cubeide/plugins/com.st.stm32cube.ide.mcu.externaltools.gnu-tools-for-stm32.7-2018-q2-update.win32_1.4.0.202007081208/tools/bin/../lib/gcc/arm-none-eabi/7.3.1/thumb/v8-m.main/fpv5-sp/hard/crti.o
                0x000000000800abd8                _init
 .init          0x000000000800abdc        0x8 c:/st/stm32cubeide_1.4.0/stm32cubeide/plugins/com.st.stm32cube.ide.mcu.externaltools.gnu-tools-for-stm32.7-2018-q2-update.win32_1.4.0.202007081208/tools/bin/../lib/gcc/arm-none-eabi/7.3.1/thumb/v8-m.main/fpv5-sp/hard/crtn.o
 *(.fini)
 .fini          0x000000000800abe4        0x4 c:/st/stm32cubeide_1.4.0/stm32cubeide/plugins/com.st.stm32cube.ide.mcu.externaltools.gnu-tools-for-stm32.7-2018-q2-update.win32_1.4.0.202007081208/tools/bin/../lib/gcc/arm-none-eabi/7.3.1/thumb/v8-m.main/fpv5-sp/hard/crti.o
                0x000000000800abe4                _fini
 .fini          0x000000000800abe8        0x8 c:/st/stm32cubeide_1.4.0/stm32cubeide/plugins/com.st.stm32cube.ide.mcu.externaltools.gnu-tools-for-stm32.7-2018-q2-update.win32_1.4.0.202007081208/tools/bin/../lib/gcc/arm-none-eabi/7.3.1/thumb/v8-m.main/fpv5-sp/hard/crtn.o
                0x000000000800abf0                . = ALIGN (0x4)
                0x000000000800abf0                _etext = .

.vfp11_veneer   0x000000000800abf0        0x0
 .vfp11_veneer  0x000000000800abf0        0x0 linker stubs

.v4_bx          0x000000000800abf0        0x0
 .v4_bx         0x000000000800abf0        0x0 linker stubs

.iplt           0x000000000800abf0        0x0
 .iplt          0x000000000800abf0        0x0 c:/st/stm32cubeide_1.4.0/stm32cubeide/plugins/com.st.stm32cube.ide.mcu.externaltools.gnu-tools-for-stm32.7-2018-q2-update.win32_1.4.0.202007081208/tools/bin/../lib/gcc/arm-none-eabi/7.3.1/thumb/v8-m.main/fpv5-sp/hard/crtbegin.o

.rodata         0x000000000800abf0    0x171a0
                0x000000000800abf0                . = ALIGN (0x4)
 *(.rodata)
 .rodata        0x000000000800abf0       0x30 Core/Src/main.o
 .rodata        0x000000000800ac20        0x4 ../Middlewares/ST/AI/Lib\NetworkRuntime520_CM33_GCC.a(layers.o)
 *(.rodata*)
 .rodata.image_data
                0x000000000800ac24      0xc00 Core/Src/main.o
                0x000000000800ac24                image_data
 .rodata.main.str1.1
                0x000000000800b824       0xc1 Core/Src/main.o
 .rodata.str1.1
                0x000000000800b8e5       0x3c Core/Src/main.o
 .rodata.AHBPrescTable
                0x000000000800b921       0x10 Core/Src/system_stm32l5xx.o
                0x000000000800b921                AHBPrescTable
 .rodata.APBPrescTable
                0x000000000800b931        0x8 Core/Src/system_stm32l5xx.o
                0x000000000800b931                APBPrescTable
 *fill*         0x000000000800b939        0x3 
 .rodata.MSIRangeTable
                0x000000000800b93c       0x40 Core/Src/system_stm32l5xx.o
                0x000000000800b93c                MSIRangeTable
 .rodata.CSWTCH.58
                0x000000000800b97c        0x4 Drivers/STM32L5xx_HAL_Driver/Src/stm32l5xx_hal_uart.o
 .rodata.CSWTCH.59
                0x000000000800b980        0xd Drivers/STM32L5xx_HAL_Driver/Src/stm32l5xx_hal_uart.o
 *fill*         0x000000000800b98d        0x1 
 .rodata.UARTPrescTable
                0x000000000800b98e       0x18 Drivers/STM32L5xx_HAL_Driver/Src/stm32l5xx_hal_uart.o
                0x000000000800b98e                UARTPrescTable
 *fill*         0x000000000800b9a6        0x2 
 .rodata.__compound_literal.0
                0x000000000800b9a8        0x4 X-CUBE-AI/App/facedetection.o
 .rodata.__compound_literal.1
                0x000000000800b9ac        0x1 X-CUBE-AI/App/facedetection.o
 .rodata.__compound_literal.10
                0x000000000800b9ad        0x1 X-CUBE-AI/App/facedetection.o
 *fill*         0x000000000800b9ae        0x2 
 .rodata.__compound_literal.11
                0x000000000800b9b0        0x8 X-CUBE-AI/App/facedetection.o
 .rodata.__compound_literal.12
                0x000000000800b9b8        0x4 X-CUBE-AI/App/facedetection.o
 .rodata.__compound_literal.13
                0x000000000800b9bc        0x1 X-CUBE-AI/App/facedetection.o
 *fill*         0x000000000800b9bd        0x3 
 .rodata.__compound_literal.14
                0x000000000800b9c0        0x8 X-CUBE-AI/App/facedetection.o
 .rodata.__compound_literal.15
                0x000000000800b9c8        0x4 X-CUBE-AI/App/facedetection.o
 .rodata.__compound_literal.16
                0x000000000800b9cc        0x1 X-CUBE-AI/App/facedetection.o
 *fill*         0x000000000800b9cd        0x3 
 .rodata.__compound_literal.17
                0x000000000800b9d0        0x8 X-CUBE-AI/App/facedetection.o
 .rodata.__compound_literal.18
                0x000000000800b9d8        0x4 X-CUBE-AI/App/facedetection.o
 .rodata.__compound_literal.19
                0x000000000800b9dc        0x1 X-CUBE-AI/App/facedetection.o
 *fill*         0x000000000800b9dd        0x3 
 .rodata.__compound_literal.2
                0x000000000800b9e0        0x8 X-CUBE-AI/App/facedetection.o
 .rodata.__compound_literal.20
                0x000000000800b9e8        0x8 X-CUBE-AI/App/facedetection.o
 .rodata.__compound_literal.21
                0x000000000800b9f0        0x4 X-CUBE-AI/App/facedetection.o
 .rodata.__compound_literal.22
                0x000000000800b9f4        0x1 X-CUBE-AI/App/facedetection.o
 *fill*         0x000000000800b9f5        0x3 
 .rodata.__compound_literal.23
                0x000000000800b9f8        0x8 X-CUBE-AI/App/facedetection.o
 .rodata.__compound_literal.24
                0x000000000800ba00        0x4 X-CUBE-AI/App/facedetection.o
 .rodata.__compound_literal.25
                0x000000000800ba04        0x1 X-CUBE-AI/App/facedetection.o
 *fill*         0x000000000800ba05        0x3 
 .rodata.__compound_literal.26
                0x000000000800ba08        0x8 X-CUBE-AI/App/facedetection.o
 .rodata.__compound_literal.27
                0x000000000800ba10        0x4 X-CUBE-AI/App/facedetection.o
 .rodata.__compound_literal.28
                0x000000000800ba14        0x1 X-CUBE-AI/App/facedetection.o
 *fill*         0x000000000800ba15        0x3 
 .rodata.__compound_literal.29
                0x000000000800ba18        0x8 X-CUBE-AI/App/facedetection.o
 .rodata.__compound_literal.3
                0x000000000800ba20        0x4 X-CUBE-AI/App/facedetection.o
 .rodata.__compound_literal.30
                0x000000000800ba24        0x4 X-CUBE-AI/App/facedetection.o
 .rodata.__compound_literal.31
                0x000000000800ba28        0x1 X-CUBE-AI/App/facedetection.o
 *fill*         0x000000000800ba29        0x3 
 .rodata.__compound_literal.32
                0x000000000800ba2c        0x8 X-CUBE-AI/App/facedetection.o
 .rodata.__compound_literal.33
                0x000000000800ba34        0x4 X-CUBE-AI/App/facedetection.o
 .rodata.__compound_literal.34
                0x000000000800ba38        0x1 X-CUBE-AI/App/facedetection.o
 *fill*         0x000000000800ba39        0x3 
 .rodata.__compound_literal.35
                0x000000000800ba3c        0x8 X-CUBE-AI/App/facedetection.o
 .rodata.__compound_literal.36
                0x000000000800ba44        0x4 X-CUBE-AI/App/facedetection.o
 .rodata.__compound_literal.37
                0x000000000800ba48        0x1 X-CUBE-AI/App/facedetection.o
 *fill*         0x000000000800ba49        0x3 
 .rodata.__compound_literal.38
                0x000000000800ba4c        0x8 X-CUBE-AI/App/facedetection.o
 .rodata.__compound_literal.39
                0x000000000800ba54        0x4 X-CUBE-AI/App/facedetection.o
 .rodata.__compound_literal.4
                0x000000000800ba58        0x1 X-CUBE-AI/App/facedetection.o
 .rodata.__compound_literal.40
                0x000000000800ba59        0x1 X-CUBE-AI/App/facedetection.o
 *fill*         0x000000000800ba5a        0x2 
 .rodata.__compound_literal.41
                0x000000000800ba5c        0x8 X-CUBE-AI/App/facedetection.o
 .rodata.__compound_literal.42
                0x000000000800ba64        0x4 X-CUBE-AI/App/facedetection.o
 .rodata.__compound_literal.43
                0x000000000800ba68        0x1 X-CUBE-AI/App/facedetection.o
 *fill*         0x000000000800ba69        0x3 
 .rodata.__compound_literal.44
                0x000000000800ba6c        0x8 X-CUBE-AI/App/facedetection.o
 .rodata.__compound_literal.45
                0x000000000800ba74        0x4 X-CUBE-AI/App/facedetection.o
 .rodata.__compound_literal.46
                0x000000000800ba78        0x1 X-CUBE-AI/App/facedetection.o
 *fill*         0x000000000800ba79        0x3 
 .rodata.__compound_literal.47
                0x000000000800ba7c        0x8 X-CUBE-AI/App/facedetection.o
 .rodata.__compound_literal.48
                0x000000000800ba84        0x4 X-CUBE-AI/App/facedetection.o
 .rodata.__compound_literal.49
                0x000000000800ba88        0x1 X-CUBE-AI/App/facedetection.o
 *fill*         0x000000000800ba89        0x3 
 .rodata.__compound_literal.5
                0x000000000800ba8c        0x8 X-CUBE-AI/App/facedetection.o
 .rodata.__compound_literal.50
                0x000000000800ba94        0x8 X-CUBE-AI/App/facedetection.o
 .rodata.__compound_literal.6
                0x000000000800ba9c        0x4 X-CUBE-AI/App/facedetection.o
 .rodata.__compound_literal.7
                0x000000000800baa0        0x1 X-CUBE-AI/App/facedetection.o
 *fill*         0x000000000800baa1        0x3 
 .rodata.__compound_literal.8
                0x000000000800baa4        0x8 X-CUBE-AI/App/facedetection.o
 .rodata.__compound_literal.9
                0x000000000800baac        0x4 X-CUBE-AI/App/facedetection.o
 .rodata.conv2d_0_bias_intq
                0x000000000800bab0        0x8 X-CUBE-AI/App/facedetection.o
 .rodata.conv2d_0_chain
                0x000000000800bab8        0x8 X-CUBE-AI/App/facedetection.o
 .rodata.conv2d_0_output_intq
                0x000000000800bac0        0x8 X-CUBE-AI/App/facedetection.o
 .rodata.conv2d_0_scratch1_intq
                0x000000000800bac8        0x8 X-CUBE-AI/App/facedetection.o
 .rodata.conv2d_0_weights_intq
                0x000000000800bad0        0x8 X-CUBE-AI/App/facedetection.o
 .rodata.conv2d_2_bias_intq
                0x000000000800bad8        0x8 X-CUBE-AI/App/facedetection.o
 .rodata.conv2d_2_chain
                0x000000000800bae0        0x8 X-CUBE-AI/App/facedetection.o
 .rodata.conv2d_2_output_intq
                0x000000000800bae8        0x8 X-CUBE-AI/App/facedetection.o
 .rodata.conv2d_2_scratch1_intq
                0x000000000800baf0        0x8 X-CUBE-AI/App/facedetection.o
 .rodata.conv2d_2_weights_intq
                0x000000000800baf8        0x8 X-CUBE-AI/App/facedetection.o
 .rodata.conv2d_4_bias_intq
                0x000000000800bb00        0x8 X-CUBE-AI/App/facedetection.o
 .rodata.conv2d_4_chain
                0x000000000800bb08        0x8 X-CUBE-AI/App/facedetection.o
 .rodata.conv2d_4_output_intq
                0x000000000800bb10        0x8 X-CUBE-AI/App/facedetection.o
 .rodata.conv2d_4_scratch1_intq
                0x000000000800bb18        0x8 X-CUBE-AI/App/facedetection.o
 .rodata.conv2d_4_weights_intq
                0x000000000800bb20        0x8 X-CUBE-AI/App/facedetection.o
 .rodata.dense_6_bias_intq
                0x000000000800bb28        0x8 X-CUBE-AI/App/facedetection.o
 .rodata.dense_6_chain
                0x000000000800bb30        0x8 X-CUBE-AI/App/facedetection.o
 .rodata.dense_6_fmt_chain
                0x000000000800bb38        0x8 X-CUBE-AI/App/facedetection.o
 .rodata.dense_6_output_intq
                0x000000000800bb40        0x8 X-CUBE-AI/App/facedetection.o
 .rodata.dense_6_weights_intq
                0x000000000800bb48        0x8 X-CUBE-AI/App/facedetection.o
 .rodata.input_output_intq
                0x000000000800bb50        0x8 X-CUBE-AI/App/facedetection.o
 .rodata.nl_7_chain
                0x000000000800bb58        0x8 X-CUBE-AI/App/facedetection.o
 .rodata.nl_7_fmt_chain
                0x000000000800bb60        0x8 X-CUBE-AI/App/facedetection.o
 .rodata.nl_7_fmt_output_intq
                0x000000000800bb68        0x8 X-CUBE-AI/App/facedetection.o
 .rodata.s_facedetection_weights.5657
                0x000000000800bb70    0x15f88 X-CUBE-AI/App/facedetection_data.o
 .rodata.expf.str1.1
                0x0000000008021af8        0x5 c:/st/stm32cubeide_1.4.0/stm32cubeide/plugins/com.st.stm32cube.ide.mcu.externaltools.gnu-tools-for-stm32.7-2018-q2-update.win32_1.4.0.202007081208/tools/bin/../lib/gcc/arm-none-eabi/7.3.1/../../../../arm-none-eabi/lib/thumb/v8-m.main/fpv5-sp/hard\libm.a(lib_a-wf_exp.o)
 .rodata.powf.str1.1
                0x0000000008021afd        0x5 c:/st/stm32cubeide_1.4.0/stm32cubeide/plugins/com.st.stm32cube.ide.mcu.externaltools.gnu-tools-for-stm32.7-2018-q2-update.win32_1.4.0.202007081208/tools/bin/../lib/gcc/arm-none-eabi/7.3.1/../../../../arm-none-eabi/lib/thumb/v8-m.main/fpv5-sp/hard\libm.a(lib_a-wf_pow.o)
 *fill*         0x0000000008021b02        0x2 
 .rodata.halF   0x0000000008021b04        0x8 c:/st/stm32cubeide_1.4.0/stm32cubeide/plugins/com.st.stm32cube.ide.mcu.externaltools.gnu-tools-for-stm32.7-2018-q2-update.win32_1.4.0.202007081208/tools/bin/../lib/gcc/arm-none-eabi/7.3.1/../../../../arm-none-eabi/lib/thumb/v8-m.main/fpv5-sp/hard\libm.a(lib_a-ef_exp.o)
 .rodata.ln2HI  0x0000000008021b0c        0x8 c:/st/stm32cubeide_1.4.0/stm32cubeide/plugins/com.st.stm32cube.ide.mcu.externaltools.gnu-tools-for-stm32.7-2018-q2-update.win32_1.4.0.202007081208/tools/bin/../lib/gcc/arm-none-eabi/7.3.1/../../../../arm-none-eabi/lib/thumb/v8-m.main/fpv5-sp/hard\libm.a(lib_a-ef_exp.o)
 .rodata.ln2LO  0x0000000008021b14        0x8 c:/st/stm32cubeide_1.4.0/stm32cubeide/plugins/com.st.stm32cube.ide.mcu.externaltools.gnu-tools-for-stm32.7-2018-q2-update.win32_1.4.0.202007081208/tools/bin/../lib/gcc/arm-none-eabi/7.3.1/../../../../arm-none-eabi/lib/thumb/v8-m.main/fpv5-sp/hard\libm.a(lib_a-ef_exp.o)
 .rodata.__ieee754_powf.str1.1
                0x0000000008021b1c        0x5 c:/st/stm32cubeide_1.4.0/stm32cubeide/plugins/com.st.stm32cube.ide.mcu.externaltools.gnu-tools-for-stm32.7-2018-q2-update.win32_1.4.0.202007081208/tools/bin/../lib/gcc/arm-none-eabi/7.3.1/../../../../arm-none-eabi/lib/thumb/v8-m.main/fpv5-sp/hard\libm.a(lib_a-ef_pow.o)
                                          0x1 (size before relaxing)
 .rodata.bp     0x0000000008021b1c        0x8 c:/st/stm32cubeide_1.4.0/stm32cubeide/plugins/com.st.stm32cube.ide.mcu.externaltools.gnu-tools-for-stm32.7-2018-q2-update.win32_1.4.0.202007081208/tools/bin/../lib/gcc/arm-none-eabi/7.3.1/../../../../arm-none-eabi/lib/thumb/v8-m.main/fpv5-sp/hard\libm.a(lib_a-ef_pow.o)
 .rodata.dp_h   0x0000000008021b24        0x8 c:/st/stm32cubeide_1.4.0/stm32cubeide/plugins/com.st.stm32cube.ide.mcu.externaltools.gnu-tools-for-stm32.7-2018-q2-update.win32_1.4.0.202007081208/tools/bin/../lib/gcc/arm-none-eabi/7.3.1/../../../../arm-none-eabi/lib/thumb/v8-m.main/fpv5-sp/hard\libm.a(lib_a-ef_pow.o)
 .rodata.dp_l   0x0000000008021b2c        0x8 c:/st/stm32cubeide_1.4.0/stm32cubeide/plugins/com.st.stm32cube.ide.mcu.externaltools.gnu-tools-for-stm32.7-2018-q2-update.win32_1.4.0.202007081208/tools/bin/../lib/gcc/arm-none-eabi/7.3.1/../../../../arm-none-eabi/lib/thumb/v8-m.main/fpv5-sp/hard\libm.a(lib_a-ef_pow.o)
 .rodata._printf_float.str1.1
                0x0000000008021b34       0x12 c:/st/stm32cubeide_1.4.0/stm32cubeide/plugins/com.st.stm32cube.ide.mcu.externaltools.gnu-tools-for-stm32.7-2018-q2-update.win32_1.4.0.202007081208/tools/bin/../lib/gcc/arm-none-eabi/7.3.1/../../../../arm-none-eabi/lib/thumb/v8-m.main/fpv5-sp/hard\libc_nano.a(lib_a-nano-vfprintf_float.o)
 .rodata._printf_i.str1.1
                0x0000000008021b46       0x22 c:/st/stm32cubeide_1.4.0/stm32cubeide/plugins/com.st.stm32cube.ide.mcu.externaltools.gnu-tools-for-stm32.7-2018-q2-update.win32_1.4.0.202007081208/tools/bin/../lib/gcc/arm-none-eabi/7.3.1/../../../../arm-none-eabi/lib/thumb/v8-m.main/fpv5-sp/hard\libc_nano.a(lib_a-nano-vfprintf_i.o)
 .rodata._dtoa_r.str1.1
                0x0000000008021b68        0xd c:/st/stm32cubeide_1.4.0/stm32cubeide/plugins/com.st.stm32cube.ide.mcu.externaltools.gnu-tools-for-stm32.7-2018-q2-update.win32_1.4.0.202007081208/tools/bin/../lib/gcc/arm-none-eabi/7.3.1/../../../../arm-none-eabi/lib/thumb/v8-m.main/fpv5-sp/hard\libc_nano.a(lib_a-dtoa.o)
                                          0xf (size before relaxing)
 *fill*         0x0000000008021b75        0x3 
 .rodata.__mprec_bigtens
                0x0000000008021b78       0x28 c:/st/stm32cubeide_1.4.0/stm32cubeide/plugins/com.st.stm32cube.ide.mcu.externaltools.gnu-tools-for-stm32.7-2018-q2-update.win32_1.4.0.202007081208/tools/bin/../lib/gcc/arm-none-eabi/7.3.1/../../../../arm-none-eabi/lib/thumb/v8-m.main/fpv5-sp/hard\libc_nano.a(lib_a-mprec.o)
                0x0000000008021b78                __mprec_bigtens
 .rodata.__mprec_tens
                0x0000000008021ba0       0xc8 c:/st/stm32cubeide_1.4.0/stm32cubeide/plugins/com.st.stm32cube.ide.mcu.externaltools.gnu-tools-for-stm32.7-2018-q2-update.win32_1.4.0.202007081208/tools/bin/../lib/gcc/arm-none-eabi/7.3.1/../../../../arm-none-eabi/lib/thumb/v8-m.main/fpv5-sp/hard\libc_nano.a(lib_a-mprec.o)
                0x0000000008021ba0                __mprec_tens
 .rodata.p05.7359
                0x0000000008021c68        0xc c:/st/stm32cubeide_1.4.0/stm32cubeide/plugins/com.st.stm32cube.ide.mcu.externaltools.gnu-tools-for-stm32.7-2018-q2-update.win32_1.4.0.202007081208/tools/bin/../lib/gcc/arm-none-eabi/7.3.1/../../../../arm-none-eabi/lib/thumb/v8-m.main/fpv5-sp/hard\libc_nano.a(lib_a-mprec.o)
 .rodata._svfprintf_r.str1.1
                0x0000000008021c74       0x11 c:/st/stm32cubeide_1.4.0/stm32cubeide/plugins/com.st.stm32cube.ide.mcu.externaltools.gnu-tools-for-stm32.7-2018-q2-update.win32_1.4.0.202007081208/tools/bin/../lib/gcc/arm-none-eabi/7.3.1/../../../../arm-none-eabi/lib/thumb/v8-m.main/fpv5-sp/hard\libc_nano.a(lib_a-nano-svfprintf.o)
 .rodata._setlocale_r.str1.1
                0x0000000008021c85        0x8 c:/st/stm32cubeide_1.4.0/stm32cubeide/plugins/com.st.stm32cube.ide.mcu.externaltools.gnu-tools-for-stm32.7-2018-q2-update.win32_1.4.0.202007081208/tools/bin/../lib/gcc/arm-none-eabi/7.3.1/../../../../arm-none-eabi/lib/thumb/v8-m.main/fpv5-sp/hard\libc_nano.a(lib_a-locale.o)
                                          0x9 (size before relaxing)
 .rodata.str1.1
                0x0000000008021c8d        0x2 c:/st/stm32cubeide_1.4.0/stm32cubeide/plugins/com.st.stm32cube.ide.mcu.externaltools.gnu-tools-for-stm32.7-2018-q2-update.win32_1.4.0.202007081208/tools/bin/../lib/gcc/arm-none-eabi/7.3.1/../../../../arm-none-eabi/lib/thumb/v8-m.main/fpv5-sp/hard\libc_nano.a(lib_a-locale.o)
 .rodata._ctype_
                0x0000000008021c8f      0x101 c:/st/stm32cubeide_1.4.0/stm32cubeide/plugins/com.st.stm32cube.ide.mcu.externaltools.gnu-tools-for-stm32.7-2018-q2-update.win32_1.4.0.202007081208/tools/bin/../lib/gcc/arm-none-eabi/7.3.1/../../../../arm-none-eabi/lib/thumb/v8-m.main/fpv5-sp/hard\libc_nano.a(lib_a-ctype_.o)
                0x0000000008021c8f                _ctype_
                0x0000000008021d90                . = ALIGN (0x4)

.ARM.extab      0x0000000008021d90        0x0
                0x0000000008021d90                . = ALIGN (0x4)
 *(.ARM.extab* .gnu.linkonce.armextab.*)
                0x0000000008021d90                . = ALIGN (0x4)

.ARM            0x0000000008021d90        0x8
                0x0000000008021d90                . = ALIGN (0x4)
                0x0000000008021d90                __exidx_start = .
 *(.ARM.exidx*)
 .ARM.exidx     0x0000000008021d90        0x8 c:/st/stm32cubeide_1.4.0/stm32cubeide/plugins/com.st.stm32cube.ide.mcu.externaltools.gnu-tools-for-stm32.7-2018-q2-update.win32_1.4.0.202007081208/tools/bin/../lib/gcc/arm-none-eabi/7.3.1/thumb/v8-m.main/fpv5-sp/hard\libgcc.a(_udivmoddi4.o)
                0x0000000008021d98                __exidx_end = .
                0x0000000008021d98                . = ALIGN (0x4)

.rel.dyn        0x0000000008021d98        0x0
 .rel.iplt      0x0000000008021d98        0x0 c:/st/stm32cubeide_1.4.0/stm32cubeide/plugins/com.st.stm32cube.ide.mcu.externaltools.gnu-tools-for-stm32.7-2018-q2-update.win32_1.4.0.202007081208/tools/bin/../lib/gcc/arm-none-eabi/7.3.1/thumb/v8-m.main/fpv5-sp/hard/crtbegin.o

.preinit_array  0x0000000008021d98        0x0
                0x0000000008021d98                . = ALIGN (0x4)
                0x0000000008021d98                PROVIDE (__preinit_array_start = .)
 *(.preinit_array*)
                0x0000000008021d98                PROVIDE (__preinit_array_end = .)
                0x0000000008021d98                . = ALIGN (0x4)

.init_array     0x0000000008021d98        0x4
                0x0000000008021d98                . = ALIGN (0x4)
                0x0000000008021d98                PROVIDE (__init_array_start = .)
 *(SORT_BY_NAME(.init_array.*))
 *(.init_array*)
 .init_array    0x0000000008021d98        0x4 c:/st/stm32cubeide_1.4.0/stm32cubeide/plugins/com.st.stm32cube.ide.mcu.externaltools.gnu-tools-for-stm32.7-2018-q2-update.win32_1.4.0.202007081208/tools/bin/../lib/gcc/arm-none-eabi/7.3.1/thumb/v8-m.main/fpv5-sp/hard/crtbegin.o
                0x0000000008021d9c                PROVIDE (__init_array_end = .)
                0x0000000008021d9c                . = ALIGN (0x4)

.fini_array     0x0000000008021d9c        0x4
                0x0000000008021d9c                . = ALIGN (0x4)
                [!provide]                        PROVIDE (__fini_array_start = .)
 *(SORT_BY_NAME(.fini_array.*))
 *(.fini_array*)
 .fini_array    0x0000000008021d9c        0x4 c:/st/stm32cubeide_1.4.0/stm32cubeide/plugins/com.st.stm32cube.ide.mcu.externaltools.gnu-tools-for-stm32.7-2018-q2-update.win32_1.4.0.202007081208/tools/bin/../lib/gcc/arm-none-eabi/7.3.1/thumb/v8-m.main/fpv5-sp/hard/crtbegin.o
                [!provide]                        PROVIDE (__fini_array_end = .)
                0x0000000008021da0                . = ALIGN (0x4)
                0x0000000008021da0                _sidata = LOADADDR (.data)

.data           0x0000000020000000      0xcd4 load address 0x0000000008021da0
                0x0000000020000000                . = ALIGN (0x4)
                0x0000000020000000                _sdata = .
 *(.data)
 *(.data*)
 .data.labels   0x0000000020000000       0x28 Core/Src/main.o
                0x0000000020000000                labels
 .data.SystemCoreClock
                0x0000000020000028        0x4 Core/Src/system_stm32l5xx.o
                0x0000000020000028                SystemCoreClock
 .data.uwTickFreq
                0x000000002000002c        0x1 Drivers/STM32L5xx_HAL_Driver/Src/stm32l5xx_hal.o
                0x000000002000002c                uwTickFreq
 *fill*         0x000000002000002d        0x3 
 .data.uwTickPrio
                0x0000000020000030        0x4 Drivers/STM32L5xx_HAL_Driver/Src/stm32l5xx_hal.o
                0x0000000020000030                uwTickPrio
 .data.__compound_literal.100
                0x0000000020000034        0x8 X-CUBE-AI/App/facedetection.o
 .data.__compound_literal.101
                0x000000002000003c       0x30 X-CUBE-AI/App/facedetection.o
 .data.__compound_literal.102
                0x000000002000006c       0x10 X-CUBE-AI/App/facedetection.o
 .data.__compound_literal.104
                0x000000002000007c        0x4 X-CUBE-AI/App/facedetection.o
 .data.__compound_literal.105
                0x0000000020000080        0x4 X-CUBE-AI/App/facedetection.o
 .data.__compound_literal.106
                0x0000000020000084        0xc X-CUBE-AI/App/facedetection.o
 .data.__compound_literal.107
                0x0000000020000090        0x8 X-CUBE-AI/App/facedetection.o
 .data.__compound_literal.108
                0x0000000020000098       0x30 X-CUBE-AI/App/facedetection.o
 .data.__compound_literal.109
                0x00000000200000c8       0x10 X-CUBE-AI/App/facedetection.o
 .data.__compound_literal.111
                0x00000000200000d8        0x4 X-CUBE-AI/App/facedetection.o
 .data.__compound_literal.112
                0x00000000200000dc        0x4 X-CUBE-AI/App/facedetection.o
 .data.__compound_literal.113
                0x00000000200000e0        0xc X-CUBE-AI/App/facedetection.o
 .data.__compound_literal.114
                0x00000000200000ec        0x8 X-CUBE-AI/App/facedetection.o
 .data.__compound_literal.115
                0x00000000200000f4       0x30 X-CUBE-AI/App/facedetection.o
 .data.__compound_literal.116
                0x0000000020000124       0x10 X-CUBE-AI/App/facedetection.o
 .data.__compound_literal.118
                0x0000000020000134        0x4 X-CUBE-AI/App/facedetection.o
 .data.__compound_literal.119
                0x0000000020000138        0x4 X-CUBE-AI/App/facedetection.o
 .data.__compound_literal.120
                0x000000002000013c        0x8 X-CUBE-AI/App/facedetection.o
 .data.__compound_literal.122
                0x0000000020000144       0x30 X-CUBE-AI/App/facedetection.o
 .data.__compound_literal.123
                0x0000000020000174        0x4 X-CUBE-AI/App/facedetection.o
 .data.__compound_literal.124
                0x0000000020000178        0x4 X-CUBE-AI/App/facedetection.o
 .data.__compound_literal.127
                0x000000002000017c       0x30 X-CUBE-AI/App/facedetection.o
 .data.__compound_literal.128
                0x00000000200001ac        0x4 X-CUBE-AI/App/facedetection.o
 .data.__compound_literal.129
                0x00000000200001b0        0x4 X-CUBE-AI/App/facedetection.o
 .data.__compound_literal.132
                0x00000000200001b4       0x30 X-CUBE-AI/App/facedetection.o
 .data.__compound_literal.133
                0x00000000200001e4        0x4 X-CUBE-AI/App/facedetection.o
 .data.__compound_literal.134
                0x00000000200001e8        0x4 X-CUBE-AI/App/facedetection.o
 .data.__compound_literal.137
                0x00000000200001ec       0x30 X-CUBE-AI/App/facedetection.o
 .data.__compound_literal.138
                0x000000002000021c        0x4 X-CUBE-AI/App/facedetection.o
 .data.__compound_literal.142
                0x0000000020000220        0xc X-CUBE-AI/App/facedetection.o
 .data.__compound_literal.143
                0x000000002000022c        0x4 X-CUBE-AI/App/facedetection.o
 .data.__compound_literal.147
                0x0000000020000230        0xc X-CUBE-AI/App/facedetection.o
 .data.__compound_literal.148
                0x000000002000023c       0x18 X-CUBE-AI/App/facedetection.o
 .data.__compound_literal.51
                0x0000000020000254       0x10 X-CUBE-AI/App/facedetection.o
 .data.__compound_literal.52
                0x0000000020000264       0x10 X-CUBE-AI/App/facedetection.o
 .data.__compound_literal.53
                0x0000000020000274       0x10 X-CUBE-AI/App/facedetection.o
 .data.__compound_literal.54
                0x0000000020000284       0x10 X-CUBE-AI/App/facedetection.o
 .data.__compound_literal.55
                0x0000000020000294       0x10 X-CUBE-AI/App/facedetection.o
 .data.__compound_literal.56
                0x00000000200002a4       0x10 X-CUBE-AI/App/facedetection.o
 .data.__compound_literal.57
                0x00000000200002b4       0x10 X-CUBE-AI/App/facedetection.o
 .data.__compound_literal.58
                0x00000000200002c4       0x10 X-CUBE-AI/App/facedetection.o
 .data.__compound_literal.59
                0x00000000200002d4       0x10 X-CUBE-AI/App/facedetection.o
 .data.__compound_literal.60
                0x00000000200002e4       0x10 X-CUBE-AI/App/facedetection.o
 .data.__compound_literal.61
                0x00000000200002f4       0x10 X-CUBE-AI/App/facedetection.o
 .data.__compound_literal.62
                0x0000000020000304       0x10 X-CUBE-AI/App/facedetection.o
 .data.__compound_literal.63
                0x0000000020000314       0x10 X-CUBE-AI/App/facedetection.o
 .data.__compound_literal.64
                0x0000000020000324       0x10 X-CUBE-AI/App/facedetection.o
 .data.__compound_literal.65
                0x0000000020000334       0x10 X-CUBE-AI/App/facedetection.o
 .data.__compound_literal.66
                0x0000000020000344       0x10 X-CUBE-AI/App/facedetection.o
 .data.__compound_literal.67
                0x0000000020000354       0x10 X-CUBE-AI/App/facedetection.o
 .data.__compound_literal.68
                0x0000000020000364       0x10 X-CUBE-AI/App/facedetection.o
 .data.__compound_literal.69
                0x0000000020000374       0x10 X-CUBE-AI/App/facedetection.o
 .data.__compound_literal.70
                0x0000000020000384       0x10 X-CUBE-AI/App/facedetection.o
 .data.__compound_literal.71
                0x0000000020000394       0x10 X-CUBE-AI/App/facedetection.o
 .data.__compound_literal.72
                0x00000000200003a4       0x10 X-CUBE-AI/App/facedetection.o
 .data.__compound_literal.73
                0x00000000200003b4       0x10 X-CUBE-AI/App/facedetection.o
 .data.__compound_literal.74
                0x00000000200003c4       0x10 X-CUBE-AI/App/facedetection.o
 .data.__compound_literal.75
                0x00000000200003d4       0x10 X-CUBE-AI/App/facedetection.o
 .data.__compound_literal.76
                0x00000000200003e4       0x10 X-CUBE-AI/App/facedetection.o
 .data.__compound_literal.77
                0x00000000200003f4       0x10 X-CUBE-AI/App/facedetection.o
 .data.__compound_literal.78
                0x0000000020000404       0x10 X-CUBE-AI/App/facedetection.o
 .data.__compound_literal.79
                0x0000000020000414       0x10 X-CUBE-AI/App/facedetection.o
 .data.__compound_literal.80
                0x0000000020000424       0x10 X-CUBE-AI/App/facedetection.o
 .data.__compound_literal.81
                0x0000000020000434       0x10 X-CUBE-AI/App/facedetection.o
 .data.__compound_literal.82
                0x0000000020000444       0x10 X-CUBE-AI/App/facedetection.o
 .data.__compound_literal.83
                0x0000000020000454       0x10 X-CUBE-AI/App/facedetection.o
 .data.__compound_literal.84
                0x0000000020000464       0x10 X-CUBE-AI/App/facedetection.o
 .data.__compound_literal.85
                0x0000000020000474       0x10 X-CUBE-AI/App/facedetection.o
 .data.__compound_literal.86
                0x0000000020000484       0x10 X-CUBE-AI/App/facedetection.o
 .data.__compound_literal.87
                0x0000000020000494       0x10 X-CUBE-AI/App/facedetection.o
 .data.__compound_literal.88
                0x00000000200004a4       0x10 X-CUBE-AI/App/facedetection.o
 .data.__compound_literal.89
                0x00000000200004b4       0x10 X-CUBE-AI/App/facedetection.o
 .data.__compound_literal.90
                0x00000000200004c4       0x10 X-CUBE-AI/App/facedetection.o
 .data.__compound_literal.91
                0x00000000200004d4       0x10 X-CUBE-AI/App/facedetection.o
 .data.__compound_literal.92
                0x00000000200004e4       0x10 X-CUBE-AI/App/facedetection.o
 .data.__compound_literal.93
                0x00000000200004f4       0x10 X-CUBE-AI/App/facedetection.o
 .data.__compound_literal.94