greedy_memory_planner.cc:63:1:tflite::GreedyMemoryPlanner::~GreedyMemoryPlanner()	0	static
greedy_memory_planner.cc:333:5:virtual int tflite::GreedyMemoryPlanner::GetBufferCount()	0	static
greedy_memory_planner.cc:63:1:virtual tflite::GreedyMemoryPlanner::~GreedyMemoryPlanner()	8	static
greedy_memory_planner.cc:67:14:virtual TfLiteStatus tflite::GreedyMemoryPlanner::AddBuffer(tflite::ErrorReporter*, int, int, int)	24	static
greedy_memory_planner.cc:23:6:void tflite::ReverseSortInPlace(int*, int*, int)	20	static
greedy_memory_planner.cc:41:1:tflite::GreedyMemoryPlanner::GreedyMemoryPlanner(unsigned char*, int)	8	static
greedy_memory_planner.cc:84:6:bool tflite::GreedyMemoryPlanner::DoesEntryOverlapInTime(const tflite::GreedyMemoryPlanner::ListEntry*, int, int) const	8	static
greedy_memory_planner.cc:99:1:tflite::GreedyMemoryPlanner::ListEntry* tflite::GreedyMemoryPlanner::NextSimultaneouslyActiveBuffer(const tflite::GreedyMemoryPlanner::ListEntry*, int, int)	24	static
greedy_memory_planner.cc:127:6:void tflite::GreedyMemoryPlanner::CalculateOffsetsIfNeeded()	64	static
greedy_memory_planner.cc:239:8:virtual size_t tflite::GreedyMemoryPlanner::GetMaximumMemorySize()	16	static
greedy_memory_planner.cc:335:14:virtual TfLiteStatus tflite::GreedyMemoryPlanner::GetOffsetForBuffer(tflite::ErrorReporter*, int, int*)	24	static
greedy_memory_planner.cc:263:6:void tflite::GreedyMemoryPlanner::PrintMemoryPlan(tflite::ErrorReporter*)	152	static
greedy_memory_planner.cc:348:6:bool tflite::GreedyMemoryPlanner::DoAnyBuffersOverlap(tflite::ErrorReporter*)	80	static
