error_reporter.h:37:11:tflite::ErrorReporter::~ErrorReporter()	16	static
error_reporter.h:37:11:virtual tflite::ErrorReporter::~ErrorReporter()	16	static
micro_error_reporter.h:27:3:tflite::MicroErrorReporter::~MicroErrorReporter()	16	static
micro_error_reporter.h:27:3:virtual tflite::MicroErrorReporter::~MicroErrorReporter()	16	static
gthr-default.h:229:1:int __gthread_key_delete(__gthread_key_t)	16	static
flatbuffers.h:70:13:void flatbuffers::EndianCheck()	16	static
flatbuffers.h:2418:18:const uint8_t* flatbuffers::Table::GetVTable() const	24	static
flatbuffers.h:2424:13:flatbuffers::voffset_t flatbuffers::Table::GetOptionalFieldOffset(flatbuffers::voffset_t) const	24	static
schema_generated.h:10577:12:uint32_t tflite::Model::version() const	16	static
schema_generated.h:16225:29:const tflite::Model* tflite::GetModel(const void*)	16	static
op_resolver.h:35:11:tflite::OpResolver::~OpResolver()	16	static
op_resolver.h:35:11:virtual tflite::OpResolver::~OpResolver()	16	static
micro_op_resolver.h:76:29:virtual const TfLiteRegistration* tflite::MicroOpResolver::FindOp(tflite::BuiltinOperator, int) const	24	static
micro_op_resolver.h:83:29:virtual const TfLiteRegistration* tflite::MicroOpResolver::FindOp(const char*, int) const	24	static
micro_op_resolver.h:91:3:tflite::MicroOpResolver::~MicroOpResolver()	16	static
micro_op_resolver.h:91:3:virtual tflite::MicroOpResolver::~MicroOpResolver()	16	static
main.cpp:132:37:void __tcf_0()	8	static
main.cpp:143:44:void __tcf_1()	8	static
main.cpp:160:77:void __tcf_2()	8	static
main.cpp:97:5:int main()	112	static
main.cpp:227:6:void SystemClock_Config()	104	static
main.cpp:276:13:void MX_TIM16_Init()	8	static
main.cpp:308:13:void MX_USART3_UART_Init()	8	static
main.cpp:356:13:void MX_GPIO_Init()	32	static
main.cpp:376:6:void HAL_TIM_PeriodElapsedCallback(TIM_HandleTypeDef*)	80	static
main.cpp:389:6:void Error_Handler()	4	static
base.h:362:24:T flatbuffers::EndianScalar(T) [with T = long unsigned int]	16	static
base.h:373:3:T flatbuffers::ReadScalar(const void*) [with T = short unsigned int]	16	static
base.h:373:3:T flatbuffers::ReadScalar(const void*) [with T = long unsigned int]	16	static
base.h:373:3:T flatbuffers::ReadScalar(const void*) [with T = long int]	16	static
flatbuffers.h:2434:26:T flatbuffers::Table::GetField(flatbuffers::voffset_t, T) const [with T = long unsigned int]	32	static
flatbuffers.h:2086:31:const T* flatbuffers::GetRoot(const void*) [with T = tflite::Model]	16	static
op_resolver.h:27:7:constexpr tflite::OpResolver::OpResolver()	16	static
micro_op_resolver.h:35:7:constexpr tflite::MicroOpResolver::MicroOpResolver()	16	static
micro_mutable_op_resolver.h:32:12:tflite::MicroMutableOpResolver<tOpCount>::MicroMutableOpResolver(tflite::ErrorReporter*) [with unsigned int tOpCount = 4]	16	static
micro_mutable_op_resolver.h:64:16:TfLiteStatus tflite::MicroMutableOpResolver<tOpCount>::AddBuiltin(tflite::BuiltinOperator, TfLiteRegistration*) [with unsigned int tOpCount = 4]	40	static
base.h:362:24:T flatbuffers::EndianScalar(T) [with T = long int]	16	static
base.h:362:24:T flatbuffers::EndianScalar(T) [with T = short unsigned int]	16	static
flatbuffers.h:2079:25:T* flatbuffers::GetMutableRoot(void*) [with T = tflite::Model]	16	static
micro_mutable_op_resolver.h:35:29:const TfLiteRegistration* tflite::MicroMutableOpResolver<tOpCount>::FindOp(tflite::BuiltinOperator) const [with unsigned int tOpCount = 4]	24	static
micro_mutable_op_resolver.h:30:7:tflite::MicroMutableOpResolver<4>::~MicroMutableOpResolver()	16	static
micro_mutable_op_resolver.h:30:7:virtual tflite::MicroMutableOpResolver<4>::~MicroMutableOpResolver()	16	static
micro_mutable_op_resolver.h:94:16:TfLiteStatus tflite::MicroMutableOpResolver<tOpCount>::AddCustom(const char*, TfLiteRegistration*) [with unsigned int tOpCount = 4]	40	static
micro_mutable_op_resolver.h:47:29:const TfLiteRegistration* tflite::MicroMutableOpResolver<tOpCount>::FindOp(const char*) const [with unsigned int tOpCount = 4]	24	static
micro_mutable_op_resolver.h:58:41:TfLiteStatus (* tflite::MicroMutableOpResolver<tOpCount>::GetOpDataParser(tflite::BuiltinOperator) const)(const tflite::Operator*, tflite::BuiltinOperator, tflite::ErrorReporter*, tflite::BuiltinDataAllocator*, void**) [with unsigned int tOpCount = 4]	16	static
