types.h:178:3:tflite::RuntimeShape::~RuntimeShape()	8	static
types.h:189:16:int32 tflite::RuntimeShape::Dims(int) const	8	static
types.h:194:15:void tflite::RuntimeShape::SetDim(int, int32)	8	static
types.h:213:15:void tflite::RuntimeShape::Resize(int)	16	static
types.h:265:14:int tflite::RuntimeShape::FlatSize() const	8	static
types.h:280:3:tflite::RuntimeShape::RuntimeShape(int, const tflite::RuntimeShape&, int)	24	static
types.h:379:12:int tflite::Offset(const tflite::RuntimeShape&, int, int, int, int)	16	static
types.h:468:12:int tflite::MatchingElementsSize(const tflite::RuntimeShape&, const tflite::RuntimeShape&, const tflite::RuntimeShape&)	16	static
common.h:138:14:int32 tflite::MultiplyByQuantizedMultiplierSmallerThanOneExp(int32, int32, int)	16	static
common.h:632:12:int tflite::SubscriptToIndex(const tflite::NdArrayDesc<4>&, int, int, int, int)	16	static
add.h:119:13:void tflite::reference_ops::Add(const tflite::ArithmeticParams&, const tflite::RuntimeShape&, const uint8*, const tflite::RuntimeShape&, const uint8*, const tflite::RuntimeShape&, uint8*)	40	static
add.h:60:13:void tflite::reference_integer_ops::Add(const tflite::ArithmeticParams&, const tflite::RuntimeShape&, const int8_t*, const tflite::RuntimeShape&, const int8_t*, const tflite::RuntimeShape&, int8_t*)	40	static
process_broadcast_shapes.h:38:13:bool tflite::reference_ops::ProcessBroadcastShapes(const tflite::RuntimeShape&, const tflite::RuntimeShape&, tflite::ArithmeticParams*)	104	static
tensor_ctypes.h:34:21:tflite::RuntimeShape tflite::GetTensorShape(const TfLiteTensor*)	16	static
add.cc:57:14:TfLiteStatus tflite::ops::micro::add::CalculateOpData(TfLiteContext*, TfLiteAddParams*, const TfLiteTensor*, const TfLiteTensor*, TfLiteTensor*, tflite::ops::micro::add::OpData*)	64	static
add.cc:190:21:TfLiteRegistration* tflite::ops::micro::Register_ADD()	0	static
common.h:707:13:void tflite::CopyDimsToDesc(const tflite::RuntimeShape&, tflite::NdArrayDesc<N>*) [with int N = 4]	24	static
common.h:718:13:void tflite::NdArrayDescsForElementwiseBroadcast(const tflite::RuntimeShape&, const tflite::RuntimeShape&, tflite::NdArrayDesc<N>*, tflite::NdArrayDesc<N>*) [with int N = 4]	72	static
add.h:179:13:void tflite::reference_ops::BroadcastAdd4DSlow(const tflite::ArithmeticParams&, const tflite::RuntimeShape&, const float*, const tflite::RuntimeShape&, const float*, const tflite::RuntimeShape&, float*)	160	static
add.cc:97:6:void tflite::ops::micro::add::EvalAdd(TfLiteContext*, TfLiteNode*, TfLiteAddParams*, const tflite::ops::micro::add::OpData*, const TfLiteTensor*, const TfLiteTensor*, TfLiteTensor*)	192	static
add.h:77:13:void tflite::reference_integer_ops::BroadcastAdd4DSlow(const tflite::ArithmeticParams&, const tflite::RuntimeShape&, const int8_t*, const tflite::RuntimeShape&, const int8_t*, const tflite::RuntimeShape&, int8_t*)	144	static
add.h:260:13:void tflite::reference_ops::BroadcastAdd4DSlow(const tflite::ArithmeticParams&, const tflite::RuntimeShape&, const uint8*, const tflite::RuntimeShape&, const uint8*, const tflite::RuntimeShape&, uint8*)	144	static
add.cc:118:14:TfLiteStatus tflite::ops::micro::add::EvalAddQuantized(TfLiteContext*, TfLiteNode*, TfLiteAddParams*, const tflite::ops::micro::add::OpData*, const TfLiteTensor*, const TfLiteTensor*, TfLiteTensor*)	192	static
add.cc:118:14:TfLiteStatus tflite::ops::micro::add::EvalAddQuantized(TfLiteContext*, TfLiteNode*, TfLiteAddParams*, const tflite::ops::micro::add::OpData*, const TfLiteTensor*, const TfLiteTensor*, TfLiteTensor*)	8	static
add.cc:163:14:TfLiteStatus tflite::ops::micro::add::Eval(TfLiteContext*, TfLiteNode*)	120	static
