types.h:178:3:tflite::RuntimeShape::~RuntimeShape()	8	static
types.h:189:16:int32 tflite::RuntimeShape::Dims(int) const	8	static
types.h:213:15:void tflite::RuntimeShape::Resize(int)	16	static
types.h:280:3:tflite::RuntimeShape::RuntimeShape(int, const tflite::RuntimeShape&, int)	24	static
types.h:379:12:int tflite::Offset(const tflite::RuntimeShape&, int, int, int, int)	16	static
types.h:491:12:int tflite::MatchingFlatSize(const tflite::RuntimeShape&, const tflite::RuntimeShape&, const tflite::RuntimeShape&)	32	static
common.h:138:14:int32 tflite::MultiplyByQuantizedMultiplierSmallerThanOneExp(int32, int32, int)	16	static
common.h:632:12:int tflite::SubscriptToIndex(const tflite::NdArrayDesc<4>&, int, int, int, int)	16	static
tensor_ctypes.h:34:21:tflite::RuntimeShape tflite::GetTensorShape(const TfLiteTensor*)	16	static
comparisons.cc:296:21:TfLiteRegistration* tflite::ops::micro::Register_EQUAL()	0	static
comparisons.cc:308:21:TfLiteRegistration* tflite::ops::micro::Register_NOT_EQUAL()	0	static
comparisons.cc:320:21:TfLiteRegistration* tflite::ops::micro::Register_GREATER()	0	static
comparisons.cc:332:21:TfLiteRegistration* tflite::ops::micro::Register_GREATER_EQUAL()	0	static
comparisons.cc:344:21:TfLiteRegistration* tflite::ops::micro::Register_LESS()	0	static
comparisons.cc:356:21:TfLiteRegistration* tflite::ops::micro::Register_LESS_EQUAL()	0	static
common.h:707:13:void tflite::CopyDimsToDesc(const tflite::RuntimeShape&, tflite::NdArrayDesc<N>*) [with int N = 4]	24	static
comparisons.h:144:40:tflite::reference_ops::BroadcastComparison4DSlowCommon tflite::reference_ops::BroadcastComparison4DSlowPreprocess(const tflite::RuntimeShape&, const tflite::RuntimeShape&, const tflite::RuntimeShape&)	144	static
comparisons.h:160:13:void tflite::reference_ops::BroadcastComparison4DSlowImpl(const tflite::ComparisonParams&, const tflite::RuntimeShape&, const T*, const tflite::RuntimeShape&, const T*, const tflite::RuntimeShape&, bool*) [with T = float; bool (* F)(T, T) = tflite::reference_ops::EqualFn<float>]	128	static
comparisons.h:160:13:void tflite::reference_ops::BroadcastComparison4DSlowImpl(const tflite::ComparisonParams&, const tflite::RuntimeShape&, const T*, const tflite::RuntimeShape&, const T*, const tflite::RuntimeShape&, bool*) [with T = float; bool (* F)(T, T) = tflite::reference_ops::NotEqualFn<float>]	128	static
comparisons.h:160:13:void tflite::reference_ops::BroadcastComparison4DSlowImpl(const tflite::ComparisonParams&, const tflite::RuntimeShape&, const T*, const tflite::RuntimeShape&, const T*, const tflite::RuntimeShape&, bool*) [with T = float; bool (* F)(T, T) = tflite::reference_ops::GreaterFn<float>]	128	static
comparisons.h:160:13:void tflite::reference_ops::BroadcastComparison4DSlowImpl(const tflite::ComparisonParams&, const tflite::RuntimeShape&, const T*, const tflite::RuntimeShape&, const T*, const tflite::RuntimeShape&, bool*) [with T = float; bool (* F)(T, T) = tflite::reference_ops::GreaterEqualFn<float>]	128	static
comparisons.h:160:13:void tflite::reference_ops::BroadcastComparison4DSlowImpl(const tflite::ComparisonParams&, const tflite::RuntimeShape&, const T*, const tflite::RuntimeShape&, const T*, const tflite::RuntimeShape&, bool*) [with T = float; bool (* F)(T, T) = tflite::reference_ops::LessFn<float>]	128	static
comparisons.h:160:13:void tflite::reference_ops::BroadcastComparison4DSlowImpl(const tflite::ComparisonParams&, const tflite::RuntimeShape&, const T*, const tflite::RuntimeShape&, const T*, const tflite::RuntimeShape&, bool*) [with T = float; bool (* F)(T, T) = tflite::reference_ops::LessEqualFn<float>]	128	static
comparisons.h:160:13:void tflite::reference_ops::BroadcastComparison4DSlowImpl(const tflite::ComparisonParams&, const tflite::RuntimeShape&, const T*, const tflite::RuntimeShape&, const T*, const tflite::RuntimeShape&, bool*) [with T = bool; bool (* F)(T, T) = tflite::reference_ops::EqualFn<bool>]	128	static
comparisons.h:160:13:void tflite::reference_ops::BroadcastComparison4DSlowImpl(const tflite::ComparisonParams&, const tflite::RuntimeShape&, const T*, const tflite::RuntimeShape&, const T*, const tflite::RuntimeShape&, bool*) [with T = long int; bool (* F)(T, T) = tflite::reference_ops::EqualFn<long int>]	128	static
comparisons.h:160:13:void tflite::reference_ops::BroadcastComparison4DSlowImpl(const tflite::ComparisonParams&, const tflite::RuntimeShape&, const T*, const tflite::RuntimeShape&, const T*, const tflite::RuntimeShape&, bool*) [with T = long long int; bool (* F)(T, T) = tflite::reference_ops::EqualFn<long long int>]	128	static
comparisons.h:160:13:void tflite::reference_ops::BroadcastComparison4DSlowImpl(const tflite::ComparisonParams&, const tflite::RuntimeShape&, const T*, const tflite::RuntimeShape&, const T*, const tflite::RuntimeShape&, bool*) [with T = bool; bool (* F)(T, T) = tflite::reference_ops::NotEqualFn<bool>]	128	static
comparisons.h:160:13:void tflite::reference_ops::BroadcastComparison4DSlowImpl(const tflite::ComparisonParams&, const tflite::RuntimeShape&, const T*, const tflite::RuntimeShape&, const T*, const tflite::RuntimeShape&, bool*) [with T = long int; bool (* F)(T, T) = tflite::reference_ops::NotEqualFn<long int>]	128	static
comparisons.h:160:13:void tflite::reference_ops::BroadcastComparison4DSlowImpl(const tflite::ComparisonParams&, const tflite::RuntimeShape&, const T*, const tflite::RuntimeShape&, const T*, const tflite::RuntimeShape&, bool*) [with T = long long int; bool (* F)(T, T) = tflite::reference_ops::NotEqualFn<long long int>]	128	static
comparisons.h:160:13:void tflite::reference_ops::BroadcastComparison4DSlowImpl(const tflite::ComparisonParams&, const tflite::RuntimeShape&, const T*, const tflite::RuntimeShape&, const T*, const tflite::RuntimeShape&, bool*) [with T = long int; bool (* F)(T, T) = tflite::reference_ops::GreaterFn<long int>]	128	static
comparisons.h:160:13:void tflite::reference_ops::BroadcastComparison4DSlowImpl(const tflite::ComparisonParams&, const tflite::RuntimeShape&, const T*, const tflite::RuntimeShape&, const T*, const tflite::RuntimeShape&, bool*) [with T = long long int; bool (* F)(T, T) = tflite::reference_ops::GreaterFn<long long int>]	128	static
comparisons.h:160:13:void tflite::reference_ops::BroadcastComparison4DSlowImpl(const tflite::ComparisonParams&, const tflite::RuntimeShape&, const T*, const tflite::RuntimeShape&, const T*, const tflite::RuntimeShape&, bool*) [with T = long int; bool (* F)(T, T) = tflite::reference_ops::GreaterEqualFn<long int>]	128	static
comparisons.h:160:13:void tflite::reference_ops::BroadcastComparison4DSlowImpl(const tflite::ComparisonParams&, const tflite::RuntimeShape&, const T*, const tflite::RuntimeShape&, const T*, const tflite::RuntimeShape&, bool*) [with T = long long int; bool (* F)(T, T) = tflite::reference_ops::GreaterEqualFn<long long int>]	128	static
comparisons.h:160:13:void tflite::reference_ops::BroadcastComparison4DSlowImpl(const tflite::ComparisonParams&, const tflite::RuntimeShape&, const T*, const tflite::RuntimeShape&, const T*, const tflite::RuntimeShape&, bool*) [with T = long int; bool (* F)(T, T) = tflite::reference_ops::LessFn<long int>]	128	static
comparisons.h:160:13:void tflite::reference_ops::BroadcastComparison4DSlowImpl(const tflite::ComparisonParams&, const tflite::RuntimeShape&, const T*, const tflite::RuntimeShape&, const T*, const tflite::RuntimeShape&, bool*) [with T = long long int; bool (* F)(T, T) = tflite::reference_ops::LessFn<long long int>]	128	static
comparisons.h:160:13:void tflite::reference_ops::BroadcastComparison4DSlowImpl(const tflite::ComparisonParams&, const tflite::RuntimeShape&, const T*, const tflite::RuntimeShape&, const T*, const tflite::RuntimeShape&, bool*) [with T = long int; bool (* F)(T, T) = tflite::reference_ops::LessEqualFn<long int>]	128	static
comparisons.h:160:13:void tflite::reference_ops::BroadcastComparison4DSlowImpl(const tflite::ComparisonParams&, const tflite::RuntimeShape&, const T*, const tflite::RuntimeShape&, const T*, const tflite::RuntimeShape&, bool*) [with T = long long int; bool (* F)(T, T) = tflite::reference_ops::LessEqualFn<long long int>]	128	static
comparisons.h:222:13:void tflite::reference_ops::BroadcastComparison4DSlowWithScaling(const tflite::ComparisonParams&, const tflite::RuntimeShape&, const T*, const tflite::RuntimeShape&, const T*, const tflite::RuntimeShape&, bool*) [with T = unsigned char; bool (* F)(long int, long int) = tflite::reference_ops::EqualFn<long int>]	168	static
comparisons.h:222:13:void tflite::reference_ops::BroadcastComparison4DSlowWithScaling(const tflite::ComparisonParams&, const tflite::RuntimeShape&, const T*, const tflite::RuntimeShape&, const T*, const tflite::RuntimeShape&, bool*) [with T = signed char; bool (* F)(long int, long int) = tflite::reference_ops::EqualFn<long int>]	168	static
comparisons.cc:100:14:TfLiteStatus tflite::ops::micro::comparisons::{anonymous}::EqualEval(TfLiteContext*, TfLiteNode*)	216	static
comparisons.h:222:13:void tflite::reference_ops::BroadcastComparison4DSlowWithScaling(const tflite::ComparisonParams&, const tflite::RuntimeShape&, const T*, const tflite::RuntimeShape&, const T*, const tflite::RuntimeShape&, bool*) [with T = unsigned char; bool (* F)(long int, long int) = tflite::reference_ops::NotEqualFn<long int>]	168	static
comparisons.h:222:13:void tflite::reference_ops::BroadcastComparison4DSlowWithScaling(const tflite::ComparisonParams&, const tflite::RuntimeShape&, const T*, const tflite::RuntimeShape&, const T*, const tflite::RuntimeShape&, bool*) [with T = signed char; bool (* F)(long int, long int) = tflite::reference_ops::NotEqualFn<long int>]	168	static
comparisons.cc:135:14:TfLiteStatus tflite::ops::micro::comparisons::{anonymous}::NotEqualEval(TfLiteContext*, TfLiteNode*)	216	static
comparisons.h:222:13:void tflite::reference_ops::BroadcastComparison4DSlowWithScaling(const tflite::ComparisonParams&, const tflite::RuntimeShape&, const T*, const tflite::RuntimeShape&, const T*, const tflite::RuntimeShape&, bool*) [with T = unsigned char; bool (* F)(long int, long int) = tflite::reference_ops::GreaterFn<long int>]	168	static
comparisons.h:222:13:void tflite::reference_ops::BroadcastComparison4DSlowWithScaling(const tflite::ComparisonParams&, const tflite::RuntimeShape&, const T*, const tflite::RuntimeShape&, const T*, const tflite::RuntimeShape&, bool*) [with T = signed char; bool (* F)(long int, long int) = tflite::reference_ops::GreaterFn<long int>]	168	static
comparisons.cc:169:14:TfLiteStatus tflite::ops::micro::comparisons::{anonymous}::GreaterEval(TfLiteContext*, TfLiteNode*)	216	static
comparisons.h:222:13:void tflite::reference_ops::BroadcastComparison4DSlowWithScaling(const tflite::ComparisonParams&, const tflite::RuntimeShape&, const T*, const tflite::RuntimeShape&, const T*, const tflite::RuntimeShape&, bool*) [with T = unsigned char; bool (* F)(long int, long int) = tflite::reference_ops::GreaterEqualFn<long int>]	168	static
comparisons.h:222:13:void tflite::reference_ops::BroadcastComparison4DSlowWithScaling(const tflite::ComparisonParams&, const tflite::RuntimeShape&, const T*, const tflite::RuntimeShape&, const T*, const tflite::RuntimeShape&, bool*) [with T = signed char; bool (* F)(long int, long int) = tflite::reference_ops::GreaterEqualFn<long int>]	168	static
comparisons.cc:200:14:TfLiteStatus tflite::ops::micro::comparisons::{anonymous}::GreaterEqualEval(TfLiteContext*, TfLiteNode*)	216	static
comparisons.h:222:13:void tflite::reference_ops::BroadcastComparison4DSlowWithScaling(const tflite::ComparisonParams&, const tflite::RuntimeShape&, const T*, const tflite::RuntimeShape&, const T*, const tflite::RuntimeShape&, bool*) [with T = unsigned char; bool (* F)(long int, long int) = tflite::reference_ops::LessFn<long int>]	168	static
comparisons.h:222:13:void tflite::reference_ops::BroadcastComparison4DSlowWithScaling(const tflite::ComparisonParams&, const tflite::RuntimeShape&, const T*, const tflite::RuntimeShape&, const T*, const tflite::RuntimeShape&, bool*) [with T = signed char; bool (* F)(long int, long int) = tflite::reference_ops::LessFn<long int>]	168	static
comparisons.cc:231:14:TfLiteStatus tflite::ops::micro::comparisons::{anonymous}::LessEval(TfLiteContext*, TfLiteNode*)	216	static
comparisons.h:222:13:void tflite::reference_ops::BroadcastComparison4DSlowWithScaling(const tflite::ComparisonParams&, const tflite::RuntimeShape&, const T*, const tflite::RuntimeShape&, const T*, const tflite::RuntimeShape&, bool*) [with T = unsigned char; bool (* F)(long int, long int) = tflite::reference_ops::LessEqualFn<long int>]	168	static
comparisons.h:222:13:void tflite::reference_ops::BroadcastComparison4DSlowWithScaling(const tflite::ComparisonParams&, const tflite::RuntimeShape&, const T*, const tflite::RuntimeShape&, const T*, const tflite::RuntimeShape&, bool*) [with T = signed char; bool (* F)(long int, long int) = tflite::reference_ops::LessEqualFn<long int>]	168	static
comparisons.cc:262:14:TfLiteStatus tflite::ops::micro::comparisons::{anonymous}::LessEqualEval(TfLiteContext*, TfLiteNode*)	216	static
