dequantize.cc:38:7:void* tflite::ops::micro::dequantize::Init(TfLiteContext*, const char*, size_t)	16	static
dequantize.cc:48:14:TfLiteStatus tflite::ops::micro::dequantize::Prepare(TfLiteContext*, TfLiteNode*)	48	static
types.h:178:3:tflite::RuntimeShape::~RuntimeShape()	8	static
types.h:189:16:int32 tflite::RuntimeShape::Dims(int) const	8	static
types.h:481:12:int tflite::MatchingFlatSize(const tflite::RuntimeShape&, const tflite::RuntimeShape&)	24	static
common.h:153:14:int32 tflite::MultiplyByQuantizedMultiplier(int32, int32, int)	16	static
tensor_ctypes.h:34:21:tflite::RuntimeShape tflite::GetTensorShape(const TfLiteTensor*)	16	static
dequantize.cc:75:14:TfLiteStatus tflite::ops::micro::dequantize::Eval(TfLiteContext*, TfLiteNode*)	96	static
dequantize.cc:144:21:TfLiteRegistration* tflite::ops::micro::Register_DEQUANTIZE()	0	static
