round.cc:30:14:TfLiteStatus tflite::ops::micro::round::Prepare(TfLiteContext*, TfLiteNode*)	40	static
types.h:178:3:tflite::RuntimeShape::~RuntimeShape()	8	static
types.h:189:16:int32 tflite::RuntimeShape::Dims(int) const	8	static
types.h:231:15:void tflite::RuntimeShape::ReplaceWith(int, const int32*)	24	static
round.h:37:13:void tflite::reference_ops::Round(const tflite::RuntimeShape&, const float*, const tflite::RuntimeShape&, float*)	32	static
round.cc:45:14:TfLiteStatus tflite::ops::micro::round::Eval(TfLiteContext*, TfLiteNode*)	64	static
round.cc:56:21:TfLiteRegistration* tflite::ops::micro::Register_ROUND()	0	static
